<?xml version="1.0" encoding="ISO-8859-1" ?>
<link_info>
   <banner>TI ARM Linker PC v18.1.3.LTS</banner>
   <copyright>Copyright (c) 1996-2017 Texas Instruments Incorporated</copyright>
   <link_time>0x5bd81e97</link_time>
   <link_errors>0x0</link_errors>
   <output_file>EM2_TIVA.out</output_file>
   <entry_point>
      <name>_c_int00_noargs</name>
      <address>0x40ad</address>
   </entry_point>
   <input_file_list>
      <input_file id="fl-2">
         <path>.\</path>
         <kind>object</kind>
         <file>main.obj</file>
         <name>main.obj</name>
      </input_file>
      <input_file id="fl-3">
         <path>.\</path>
         <kind>object</kind>
         <file>tm4c123gh6pm_startup_ccs.obj</file>
         <name>tm4c123gh6pm_startup_ccs.obj</name>
      </input_file>
      <input_file id="fl-4">
         <path>.\F_AL\</path>
         <kind>object</kind>
         <file>Scramble_data.obj</file>
         <name>Scramble_data.obj</name>
      </input_file>
      <input_file id="fl-5">
         <path>.\F_AL\</path>
         <kind>object</kind>
         <file>Source_test.obj</file>
         <name>Source_test.obj</name>
      </input_file>
      <input_file id="fl-6">
         <path>.\F_AL\</path>
         <kind>object</kind>
         <file>radix2_fft.obj</file>
         <name>radix2_fft.obj</name>
      </input_file>
      <input_file id="fl-7">
         <path>.\F_DL\</path>
         <kind>object</kind>
         <file>dl_AD5601.obj</file>
         <name>dl_AD5601.obj</name>
      </input_file>
      <input_file id="fl-8">
         <path>.\F_DL\</path>
         <kind>object</kind>
         <file>dl_LCD.obj</file>
         <name>dl_LCD.obj</name>
      </input_file>
      <input_file id="fl-9">
         <path>.\F_DL\</path>
         <kind>object</kind>
         <file>dl_RF_Module.obj</file>
         <name>dl_RF_Module.obj</name>
      </input_file>
      <input_file id="fl-a">
         <path>.\F_DL\</path>
         <kind>object</kind>
         <file>dl_general.obj</file>
         <name>dl_general.obj</name>
      </input_file>
      <input_file id="fl-b">
         <path>.\F_DL\</path>
         <kind>object</kind>
         <file>dl_us.obj</file>
         <name>dl_us.obj</name>
      </input_file>
      <input_file id="fl-c">
         <path>.\F_HAL\</path>
         <kind>object</kind>
         <file>hal_adc.obj</file>
         <name>hal_adc.obj</name>
      </input_file>
      <input_file id="fl-d">
         <path>.\F_HAL\</path>
         <kind>object</kind>
         <file>hal_gpio.obj</file>
         <name>hal_gpio.obj</name>
      </input_file>
      <input_file id="fl-e">
         <path>.\F_HAL\</path>
         <kind>object</kind>
         <file>hal_init.obj</file>
         <name>hal_init.obj</name>
      </input_file>
      <input_file id="fl-f">
         <path>.\F_HAL\</path>
         <kind>object</kind>
         <file>hal_pwm.obj</file>
         <name>hal_pwm.obj</name>
      </input_file>
      <input_file id="fl-10">
         <path>.\F_HAL\</path>
         <kind>object</kind>
         <file>hal_ssi1.obj</file>
         <name>hal_ssi1.obj</name>
      </input_file>
      <input_file id="fl-11">
         <path>.\F_HAL\</path>
         <kind>object</kind>
         <file>hal_ssi2.obj</file>
         <name>hal_ssi2.obj</name>
      </input_file>
      <input_file id="fl-12">
         <path>.\F_HAL\</path>
         <kind>object</kind>
         <file>hal_timer2.obj</file>
         <name>hal_timer2.obj</name>
      </input_file>
      <input_file id="fl-13">
         <path>.\F_HAL\</path>
         <kind>object</kind>
         <file>hal_timer3.obj</file>
         <name>hal_timer3.obj</name>
      </input_file>
      <input_file id="fl-14">
         <path>.\F_HAL\</path>
         <kind>object</kind>
         <file>hal_uart1.obj</file>
         <name>hal_uart1.obj</name>
      </input_file>
      <input_file id="fl-15">
         <path>.\F_HAL\</path>
         <kind>object</kind>
         <file>hal_us.obj</file>
         <name>hal_us.obj</name>
      </input_file>
      <input_file id="fl-16">
         <path>.\F_HAL\</path>
         <kind>object</kind>
         <file>hal_usc.obj</file>
         <name>hal_usc.obj</name>
      </input_file>
      <input_file id="fl-1b">
         <kind>object</kind>
         <file>&lt;internal&gt;</file>
         <name>&lt;internal&gt;</name>
      </input_file>
      <input_file id="fl-1c">
         <path>D:\Tiva\TivaWare\driverlib\ccs\Debug\</path>
         <kind>archive</kind>
         <file>driverlib.lib</file>
         <name>adc.obj</name>
      </input_file>
      <input_file id="fl-1d">
         <path>D:\Tiva\TivaWare\driverlib\ccs\Debug\</path>
         <kind>archive</kind>
         <file>driverlib.lib</file>
         <name>gpio.obj</name>
      </input_file>
      <input_file id="fl-1e">
         <path>D:\Tiva\TivaWare\driverlib\ccs\Debug\</path>
         <kind>archive</kind>
         <file>driverlib.lib</file>
         <name>interrupt.obj</name>
      </input_file>
      <input_file id="fl-1f">
         <path>D:\Tiva\TivaWare\driverlib\ccs\Debug\</path>
         <kind>archive</kind>
         <file>driverlib.lib</file>
         <name>pwm.obj</name>
      </input_file>
      <input_file id="fl-20">
         <path>D:\Tiva\TivaWare\driverlib\ccs\Debug\</path>
         <kind>archive</kind>
         <file>driverlib.lib</file>
         <name>ssi.obj</name>
      </input_file>
      <input_file id="fl-21">
         <path>D:\Tiva\TivaWare\driverlib\ccs\Debug\</path>
         <kind>archive</kind>
         <file>driverlib.lib</file>
         <name>sysctl.obj</name>
      </input_file>
      <input_file id="fl-22">
         <path>D:\Tiva\TivaWare\driverlib\ccs\Debug\</path>
         <kind>archive</kind>
         <file>driverlib.lib</file>
         <name>timer.obj</name>
      </input_file>
      <input_file id="fl-23">
         <path>D:\Tiva\TivaWare\driverlib\ccs\Debug\</path>
         <kind>archive</kind>
         <file>driverlib.lib</file>
         <name>uart.obj</name>
      </input_file>
      <input_file id="fl-24">
         <path>D:\Tiva\TivaWare\driverlib\ccs\Debug\</path>
         <kind>archive</kind>
         <file>driverlib.lib</file>
         <name>cpu.obj</name>
      </input_file>
      <input_file id="fl-da">
         <path>D:\Programs\TI_CodeComp\ccsv8\tools\compiler\ti-cgt-arm_18.1.3.LTS\lib\</path>
         <kind>archive</kind>
         <file>rtsv7M4_T_le_v4SPD16_eabi.lib</file>
         <name>memset_t2.asm.obj</name>
      </input_file>
      <input_file id="fl-db">
         <path>D:\Programs\TI_CodeComp\ccsv8\tools\compiler\ti-cgt-arm_18.1.3.LTS\lib\</path>
         <kind>archive</kind>
         <file>rtsv7M4_T_le_v4SPD16_eabi.lib</file>
         <name>fd_div_t2.asm.obj</name>
      </input_file>
      <input_file id="fl-dc">
         <path>D:\Programs\TI_CodeComp\ccsv8\tools\compiler\ti-cgt-arm_18.1.3.LTS\lib\</path>
         <kind>archive</kind>
         <file>rtsv7M4_T_le_v4SPD16_eabi.lib</file>
         <name>fd_mul_t2.asm.obj</name>
      </input_file>
      <input_file id="fl-dd">
         <path>D:\Programs\TI_CodeComp\ccsv8\tools\compiler\ti-cgt-arm_18.1.3.LTS\lib\</path>
         <kind>archive</kind>
         <file>rtsv7M4_T_le_v4SPD16_eabi.lib</file>
         <name>fd_toi_t2.asm.obj</name>
      </input_file>
      <input_file id="fl-de">
         <path>D:\Programs\TI_CodeComp\ccsv8\tools\compiler\ti-cgt-arm_18.1.3.LTS\lib\</path>
         <kind>archive</kind>
         <file>rtsv7M4_T_le_v4SPD16_eabi.lib</file>
         <name>fd_tou_t2.asm.obj</name>
      </input_file>
      <input_file id="fl-df">
         <path>D:\Programs\TI_CodeComp\ccsv8\tools\compiler\ti-cgt-arm_18.1.3.LTS\lib\</path>
         <kind>archive</kind>
         <file>rtsv7M4_T_le_v4SPD16_eabi.lib</file>
         <name>fs_tod_t2.asm.obj</name>
      </input_file>
      <input_file id="fl-e0">
         <path>D:\Programs\TI_CodeComp\ccsv8\tools\compiler\ti-cgt-arm_18.1.3.LTS\lib\</path>
         <kind>archive</kind>
         <file>rtsv7M4_T_le_v4SPD16_eabi.lib</file>
         <name>u_tofd_t2.asm.obj</name>
      </input_file>
      <input_file id="fl-e1">
         <path>D:\Programs\TI_CodeComp\ccsv8\tools\compiler\ti-cgt-arm_18.1.3.LTS\lib\</path>
         <kind>archive</kind>
         <file>rtsv7M4_T_le_v4SPD16_eabi.lib</file>
         <name>copy_zero_init.c.obj</name>
      </input_file>
      <input_file id="fl-e2">
         <path>D:\Programs\TI_CodeComp\ccsv8\tools\compiler\ti-cgt-arm_18.1.3.LTS\lib\</path>
         <kind>archive</kind>
         <file>rtsv7M4_T_le_v4SPD16_eabi.lib</file>
         <name>copy_decompress_none.c.obj</name>
      </input_file>
      <input_file id="fl-e3">
         <path>D:\Programs\TI_CodeComp\ccsv8\tools\compiler\ti-cgt-arm_18.1.3.LTS\lib\</path>
         <kind>archive</kind>
         <file>rtsv7M4_T_le_v4SPD16_eabi.lib</file>
         <name>copy_decompress_lzss.c.obj</name>
      </input_file>
      <input_file id="fl-e4">
         <path>D:\Programs\TI_CodeComp\ccsv8\tools\compiler\ti-cgt-arm_18.1.3.LTS\lib\</path>
         <kind>archive</kind>
         <file>rtsv7M4_T_le_v4SPD16_eabi.lib</file>
         <name>boot_cortex_m.c.obj</name>
      </input_file>
      <input_file id="fl-e5">
         <path>D:\Programs\TI_CodeComp\ccsv8\tools\compiler\ti-cgt-arm_18.1.3.LTS\lib\</path>
         <kind>archive</kind>
         <file>rtsv7M4_T_le_v4SPD16_eabi.lib</file>
         <name>memcpy_t2.asm.obj</name>
      </input_file>
      <input_file id="fl-e6">
         <path>D:\Programs\TI_CodeComp\ccsv8\tools\compiler\ti-cgt-arm_18.1.3.LTS\lib\</path>
         <kind>archive</kind>
         <file>rtsv7M4_T_le_v4SPD16_eabi.lib</file>
         <name>autoinit.c.obj</name>
      </input_file>
      <input_file id="fl-e7">
         <path>D:\Programs\TI_CodeComp\ccsv8\tools\compiler\ti-cgt-arm_18.1.3.LTS\lib\</path>
         <kind>archive</kind>
         <file>rtsv7M4_T_le_v4SPD16_eabi.lib</file>
         <name>pre_init.c.obj</name>
      </input_file>
      <input_file id="fl-e8">
         <path>D:\Programs\TI_CodeComp\ccsv8\tools\compiler\ti-cgt-arm_18.1.3.LTS\lib\</path>
         <kind>archive</kind>
         <file>rtsv7M4_T_le_v4SPD16_eabi.lib</file>
         <name>cpy_tbl.c.obj</name>
      </input_file>
      <input_file id="fl-e9">
         <path>D:\Programs\TI_CodeComp\ccsv8\tools\compiler\ti-cgt-arm_18.1.3.LTS\lib\</path>
         <kind>archive</kind>
         <file>rtsv7M4_T_le_v4SPD16_eabi.lib</file>
         <name>exit.c.obj</name>
      </input_file>
      <input_file id="fl-ea">
         <path>D:\Programs\TI_CodeComp\ccsv8\tools\compiler\ti-cgt-arm_18.1.3.LTS\lib\</path>
         <kind>archive</kind>
         <file>rtsv7M4_T_le_v4SPD16_eabi.lib</file>
         <name>_lock.c.obj</name>
      </input_file>
      <input_file id="fl-eb">
         <path>D:\Programs\TI_CodeComp\ccsv8\tools\compiler\ti-cgt-arm_18.1.3.LTS\lib\</path>
         <kind>archive</kind>
         <file>rtsv7M4_T_le_v4SPD16_eabi.lib</file>
         <name>args_main.c.obj</name>
      </input_file>
   </input_file_list>
   <object_component_list>
      <object_component id="oc-f">
         <name>.intvecs</name>
         <load_address>0x0</load_address>
         <run_address>0x0</run_address>
         <size>0x26c</size>
         <input_file_ref idref="fl-3"/>
      </object_component>
      <object_component id="oc-136">
         <name>.text</name>
         <load_address>0x2890</load_address>
         <run_address>0x2890</run_address>
         <size>0x528</size>
         <input_file_ref idref="fl-6"/>
      </object_component>
      <object_component id="oc-11f">
         <name>.text</name>
         <load_address>0x2db8</load_address>
         <run_address>0x2db8</run_address>
         <size>0x278</size>
         <input_file_ref idref="fl-d"/>
      </object_component>
      <object_component id="oc-1c8">
         <name>.text</name>
         <load_address>0x3030</load_address>
         <run_address>0x3030</run_address>
         <size>0x260</size>
         <input_file_ref idref="fl-12"/>
      </object_component>
      <object_component id="oc-cd">
         <name>.text</name>
         <load_address>0x3290</load_address>
         <run_address>0x3290</run_address>
         <size>0x18c</size>
         <input_file_ref idref="fl-5"/>
      </object_component>
      <object_component id="oc-1bc">
         <name>.text:GPIOPadConfigSet</name>
         <load_address>0x341c</load_address>
         <run_address>0x341c</run_address>
         <size>0x132</size>
         <input_file_ref idref="fl-1d"/>
      </object_component>
      <object_component id="oc-17f">
         <name>.text:SysCtlClockGet</name>
         <load_address>0x3550</load_address>
         <run_address>0x3550</run_address>
         <size>0x110</size>
         <input_file_ref idref="fl-21"/>
      </object_component>
      <object_component id="oc-c6">
         <name>.text</name>
         <load_address>0x3660</load_address>
         <run_address>0x3660</run_address>
         <size>0x10c</size>
         <input_file_ref idref="fl-7"/>
      </object_component>
      <object_component id="oc-141">
         <name>.text</name>
         <load_address>0x376c</load_address>
         <run_address>0x376c</run_address>
         <size>0xfc</size>
         <input_file_ref idref="fl-dc"/>
      </object_component>
      <object_component id="oc-179">
         <name>.text:SysCtlClockSet</name>
         <load_address>0x3868</load_address>
         <run_address>0x3868</run_address>
         <size>0xf4</size>
         <input_file_ref idref="fl-21"/>
      </object_component>
      <object_component id="oc-125">
         <name>.text</name>
         <load_address>0x395c</load_address>
         <run_address>0x395c</run_address>
         <size>0xf0</size>
         <input_file_ref idref="fl-11"/>
      </object_component>
      <object_component id="oc-239">
         <name>.text</name>
         <load_address>0x3a4c</load_address>
         <run_address>0x3a4c</run_address>
         <size>0xe4</size>
         <input_file_ref idref="fl-4"/>
      </object_component>
      <object_component id="oc-12b">
         <name>.text</name>
         <load_address>0x3b30</load_address>
         <run_address>0x3b30</run_address>
         <size>0x9c</size>
         <input_file_ref idref="fl-13"/>
      </object_component>
      <object_component id="oc-38">
         <name>.text</name>
         <load_address>0x3bcc</load_address>
         <run_address>0x3bcc</run_address>
         <size>0x9c</size>
         <input_file_ref idref="fl-e5"/>
      </object_component>
      <object_component id="oc-8c">
         <name>.text</name>
         <load_address>0x3c68</load_address>
         <run_address>0x3c68</run_address>
         <size>0x7a</size>
         <input_file_ref idref="fl-da"/>
      </object_component>
      <object_component id="oc-1d4">
         <name>.text:IntDisable</name>
         <load_address>0x3ce4</load_address>
         <run_address>0x3ce4</run_address>
         <size>0x68</size>
         <input_file_ref idref="fl-1e"/>
      </object_component>
      <object_component id="oc-29a">
         <name>.text:IntEnable</name>
         <load_address>0x3d4c</load_address>
         <run_address>0x3d4c</run_address>
         <size>0x68</size>
         <input_file_ref idref="fl-1e"/>
      </object_component>
      <object_component id="oc-12">
         <name>.text:decompress:lzss:__TI_decompress_lzss</name>
         <load_address>0x3db4</load_address>
         <run_address>0x3db4</run_address>
         <size>0x68</size>
         <input_file_ref idref="fl-e3"/>
      </object_component>
      <object_component id="oc-20f">
         <name>.text:TimerConfigure</name>
         <load_address>0x3e1c</load_address>
         <run_address>0x3e1c</run_address>
         <size>0x60</size>
         <input_file_ref idref="fl-22"/>
      </object_component>
      <object_component id="oc-1b0">
         <name>.text:GPIOIntTypeSet</name>
         <load_address>0x3e7c</load_address>
         <run_address>0x3e7c</run_address>
         <size>0x56</size>
         <input_file_ref idref="fl-1d"/>
      </object_component>
      <object_component id="oc-2cc">
         <name>.text:_TimerIntNumberGet</name>
         <load_address>0x3ed4</load_address>
         <run_address>0x3ed4</run_address>
         <size>0x4c</size>
         <input_file_ref idref="fl-22"/>
      </object_component>
      <object_component id="oc-1de">
         <name>.text:GPIOPinConfigure</name>
         <load_address>0x3f20</load_address>
         <run_address>0x3f20</run_address>
         <size>0x48</size>
         <input_file_ref idref="fl-1d"/>
      </object_component>
      <object_component id="oc-146">
         <name>.text</name>
         <load_address>0x3f68</load_address>
         <run_address>0x3f68</run_address>
         <size>0x48</size>
         <input_file_ref idref="fl-dd"/>
      </object_component>
      <object_component id="oc-28e">
         <name>.text:_GPIOIntNumberGet</name>
         <load_address>0x3fb0</load_address>
         <run_address>0x3fb0</run_address>
         <size>0x44</size>
         <input_file_ref idref="fl-1d"/>
      </object_component>
      <object_component id="oc-e0">
         <name>.text:__TI_auto_init_nobinit_nopinit:__TI_auto_init_nobinit_nopinit</name>
         <load_address>0x3ff4</load_address>
         <run_address>0x3ff4</run_address>
         <size>0x44</size>
         <input_file_ref idref="fl-e6"/>
      </object_component>
      <object_component id="oc-1ea">
         <name>.text:SSIConfigSetExpClk</name>
         <load_address>0x4038</load_address>
         <run_address>0x4038</run_address>
         <size>0x3c</size>
         <input_file_ref idref="fl-20"/>
      </object_component>
      <object_component id="oc-18c">
         <name>.text:SysCtlPeripheralReady</name>
         <load_address>0x4074</load_address>
         <run_address>0x4074</run_address>
         <size>0x38</size>
         <input_file_ref idref="fl-21"/>
      </object_component>
      <object_component id="oc-56">
         <name>.text:_c_int00_noargs:_c_int00_noargs</name>
         <load_address>0x40ac</load_address>
         <run_address>0x40ac</run_address>
         <size>0x38</size>
         <input_file_ref idref="fl-e4"/>
      </object_component>
      <object_component id="oc-13c">
         <name>.text</name>
         <load_address>0x40e4</load_address>
         <run_address>0x40e4</run_address>
         <size>0x38</size>
         <input_file_ref idref="fl-df"/>
      </object_component>
      <object_component id="oc-294">
         <name>.text:IntRegister</name>
         <load_address>0x411c</load_address>
         <run_address>0x411c</run_address>
         <size>0x34</size>
         <input_file_ref idref="fl-1e"/>
      </object_component>
      <object_component id="oc-186">
         <name>.text:SysCtlPeripheralEnable</name>
         <load_address>0x4150</load_address>
         <run_address>0x4150</run_address>
         <size>0x34</size>
         <input_file_ref idref="fl-21"/>
      </object_component>
      <object_component id="oc-283">
         <name>.text:GPIODirModeSet</name>
         <load_address>0x4184</load_address>
         <run_address>0x4184</run_address>
         <size>0x2a</size>
         <input_file_ref idref="fl-1d"/>
      </object_component>
      <object_component id="oc-98">
         <name>.text</name>
         <load_address>0x41ae</load_address>
         <run_address>0x41ae</run_address>
         <size>0x1e</size>
         <input_file_ref idref="fl-2"/>
      </object_component>
      <object_component id="oc-1aa">
         <name>.text:GPIOIntRegister</name>
         <load_address>0x41cc</load_address>
         <run_address>0x41cc</run_address>
         <size>0x18</size>
         <input_file_ref idref="fl-1d"/>
      </object_component>
      <object_component id="oc-192">
         <name>.text:GPIOPinTypeGPIOOutput</name>
         <load_address>0x41e4</load_address>
         <run_address>0x41e4</run_address>
         <size>0x18</size>
         <input_file_ref idref="fl-1d"/>
      </object_component>
      <object_component id="oc-203">
         <name>.text:TimerDisable</name>
         <load_address>0x41fc</load_address>
         <run_address>0x41fc</run_address>
         <size>0x18</size>
         <input_file_ref idref="fl-22"/>
      </object_component>
      <object_component id="oc-227">
         <name>.text:TimerIntRegister</name>
         <load_address>0x4214</load_address>
         <run_address>0x4214</run_address>
         <size>0x18</size>
         <input_file_ref idref="fl-22"/>
      </object_component>
      <object_component id="oc-119">
         <name>.text</name>
         <load_address>0x422c</load_address>
         <run_address>0x422c</run_address>
         <size>0x18</size>
         <input_file_ref idref="fl-16"/>
      </object_component>
      <object_component id="oc-c0">
         <name>.text</name>
         <load_address>0x4244</load_address>
         <run_address>0x4244</run_address>
         <size>0x14</size>
         <input_file_ref idref="fl-e"/>
      </object_component>
      <object_component id="oc-19e">
         <name>.text:GPIOPinTypeGPIOInput</name>
         <load_address>0x4258</load_address>
         <run_address>0x4258</run_address>
         <size>0x12</size>
         <input_file_ref idref="fl-1d"/>
      </object_component>
      <object_component id="oc-1e4">
         <name>.text:GPIOPinTypeSSI</name>
         <load_address>0x426a</load_address>
         <run_address>0x426a</run_address>
         <size>0x12</size>
         <input_file_ref idref="fl-1d"/>
      </object_component>
      <object_component id="oc-215">
         <name>.text:TimerLoadSet</name>
         <load_address>0x427c</load_address>
         <run_address>0x427c</run_address>
         <size>0x12</size>
         <input_file_ref idref="fl-22"/>
      </object_component>
      <object_component id="oc-1ce">
         <name>.text:GPIOIntDisable</name>
         <load_address>0x428e</load_address>
         <run_address>0x428e</run_address>
         <size>0xe</size>
         <input_file_ref idref="fl-1d"/>
      </object_component>
      <object_component id="oc-1c2">
         <name>.text:GPIOIntStatus</name>
         <load_address>0x429c</load_address>
         <run_address>0x429c</run_address>
         <size>0xe</size>
         <input_file_ref idref="fl-1d"/>
      </object_component>
      <object_component id="oc-21b">
         <name>.text:TimerEnable</name>
         <load_address>0x42aa</load_address>
         <run_address>0x42aa</run_address>
         <size>0xe</size>
         <input_file_ref idref="fl-22"/>
      </object_component>
      <object_component id="oc-18">
         <name>.text:decompress:none:__TI_decompress_none</name>
         <load_address>0x42b8</load_address>
         <run_address>0x42b8</run_address>
         <size>0xe</size>
         <input_file_ref idref="fl-e2"/>
      </object_component>
      <object_component id="oc-1b6">
         <name>.text:GPIOIntEnable</name>
         <load_address>0x42c6</load_address>
         <run_address>0x42c6</run_address>
         <size>0xc</size>
         <input_file_ref idref="fl-1d"/>
      </object_component>
      <object_component id="oc-4a">
         <name>.text:decompress:ZI:__TI_zero_init</name>
         <load_address>0x42d2</load_address>
         <run_address>0x42d2</run_address>
         <size>0xc</size>
         <input_file_ref idref="fl-e1"/>
      </object_component>
      <object_component id="oc-24">
         <name>.text</name>
         <load_address>0x42de</load_address>
         <run_address>0x42de</run_address>
         <size>0xc</size>
         <input_file_ref idref="fl-3"/>
      </object_component>
      <object_component id="oc-1f6">
         <name>.text:SSIDataPut</name>
         <load_address>0x42ea</load_address>
         <run_address>0x42ea</run_address>
         <size>0xa</size>
         <input_file_ref idref="fl-20"/>
      </object_component>
      <object_component id="oc-1f0">
         <name>.text:SSIEnable</name>
         <load_address>0x42f4</load_address>
         <run_address>0x42f4</run_address>
         <size>0xa</size>
         <input_file_ref idref="fl-20"/>
      </object_component>
      <object_component id="oc-2ab">
         <name>.text:TimerIntDisable</name>
         <load_address>0x42fe</load_address>
         <run_address>0x42fe</run_address>
         <size>0xa</size>
         <input_file_ref idref="fl-22"/>
      </object_component>
      <object_component id="oc-2a5">
         <name>.text:TimerIntStatus</name>
         <load_address>0x4308</load_address>
         <run_address>0x4308</run_address>
         <size>0xa</size>
         <input_file_ref idref="fl-22"/>
      </object_component>
      <object_component id="oc-1fc">
         <name>.text:SSIBusy</name>
         <load_address>0x4312</load_address>
         <run_address>0x4312</run_address>
         <size>0x8</size>
         <input_file_ref idref="fl-20"/>
      </object_component>
      <object_component id="oc-22d">
         <name>.text:TimerIntEnable</name>
         <load_address>0x431a</load_address>
         <run_address>0x431a</run_address>
         <size>0x8</size>
         <input_file_ref idref="fl-22"/>
      </object_component>
      <object_component id="oc-1a4">
         <name>.text:GPIOIntClear</name>
         <load_address>0x4322</load_address>
         <run_address>0x4322</run_address>
         <size>0x6</size>
         <input_file_ref idref="fl-1d"/>
      </object_component>
      <object_component id="oc-198">
         <name>.text:GPIOPinWrite</name>
         <load_address>0x4328</load_address>
         <run_address>0x4328</run_address>
         <size>0x6</size>
         <input_file_ref idref="fl-1d"/>
      </object_component>
      <object_component id="oc-cc">
         <name>.text:SysCtlDelay</name>
         <load_address>0x432e</load_address>
         <run_address>0x432e</run_address>
         <size>0x6</size>
         <input_file_ref idref="fl-21"/>
      </object_component>
      <object_component id="oc-209">
         <name>.text:TimerClockSourceSet</name>
         <load_address>0x4334</load_address>
         <run_address>0x4334</run_address>
         <size>0x6</size>
         <input_file_ref idref="fl-22"/>
      </object_component>
      <object_component id="oc-221">
         <name>.text:TimerIntClear</name>
         <load_address>0x433a</load_address>
         <run_address>0x433a</run_address>
         <size>0x4</size>
         <input_file_ref idref="fl-22"/>
      </object_component>
      <object_component id="oc-92">
         <name>.text:_system_pre_init</name>
         <load_address>0x433e</load_address>
         <run_address>0x433e</run_address>
         <size>0x4</size>
         <input_file_ref idref="fl-e7"/>
      </object_component>
      <object_component id="oc-d4">
         <name>.text:abort:abort</name>
         <load_address>0x4342</load_address>
         <run_address>0x4342</run_address>
         <size>0x4</size>
         <input_file_ref idref="fl-e9"/>
      </object_component>
      <object_component id="oc-242">
         <name>.const:twiddle1024</name>
         <load_address>0x26c</load_address>
         <run_address>0x26c</run_address>
         <size>0x2000</size>
         <input_file_ref idref="fl-6"/>
      </object_component>
      <object_component id="oc-14e">
         <name>.const:test_sig128</name>
         <load_address>0x226c</load_address>
         <run_address>0x226c</run_address>
         <size>0x200</size>
         <input_file_ref idref="fl-5"/>
      </object_component>
      <object_component id="oc-2fd">
         <name>.const:g_ppui32GPIOIntMapSnowflake</name>
         <load_address>0x246c</load_address>
         <run_address>0x246c</run_address>
         <size>0xd8</size>
         <input_file_ref idref="fl-1d"/>
      </object_component>
      <object_component id="oc-2fa">
         <name>.const:g_ppui32GPIOIntMapBlizzard</name>
         <load_address>0x2544</load_address>
         <run_address>0x2544</run_address>
         <size>0xc0</size>
         <input_file_ref idref="fl-1d"/>
      </object_component>
      <object_component id="oc-2bb">
         <name>.const:g_pui32GPIOBaseAddrs</name>
         <load_address>0x2604</load_address>
         <run_address>0x2604</run_address>
         <size>0x90</size>
         <input_file_ref idref="fl-1d"/>
      </object_component>
      <object_component id="oc-23f">
         <name>.const:twiddle_array</name>
         <load_address>0x2694</load_address>
         <run_address>0x2694</run_address>
         <size>0x80</size>
         <input_file_ref idref="fl-6"/>
      </object_component>
      <object_component id="oc-2b4">
         <name>.const</name>
         <load_address>0x2714</load_address>
         <run_address>0x2714</run_address>
         <size>0x70</size>
         <input_file_ref idref="fl-1e"/>
      </object_component>
      <object_component id="oc-27d">
         <name>.const:g_pui32Xtals</name>
         <load_address>0x2784</load_address>
         <run_address>0x2784</run_address>
         <size>0x6c</size>
         <input_file_ref idref="fl-21"/>
      </object_component>
      <object_component id="oc-312">
         <name>.const:g_ppui32TimerIntMap</name>
         <load_address>0x27f0</load_address>
         <run_address>0x27f0</run_address>
         <size>0x60</size>
         <input_file_ref idref="fl-22"/>
      </object_component>
      <object_component id="oc-315">
         <name>.const:g_ppui32TimerIntMapSnowflake</name>
         <load_address>0x2850</load_address>
         <run_address>0x2850</run_address>
         <size>0x40</size>
         <input_file_ref idref="fl-22"/>
      </object_component>
      <object_component id="oc-34e">
         <name>__TI_handler_table</name>
         <load_address>0x4348</load_address>
         <run_address>0x4348</run_address>
         <size>0xc</size>
      </object_component>
      <object_component id="oc-352">
         <name>.cinit..bss.load</name>
         <load_address>0x4358</load_address>
         <run_address>0x4358</run_address>
         <size>0x8</size>
      </object_component>
      <object_component id="oc-350">
         <name>.cinit..vtable.load</name>
         <load_address>0x4360</load_address>
         <run_address>0x4360</run_address>
         <size>0x8</size>
      </object_component>
      <object_component id="oc-351">
         <name>.cinit..data.load</name>
         <load_address>0x4368</load_address>
         <run_address>0x4368</run_address>
         <size>0x7</size>
      </object_component>
      <object_component id="oc-34f">
         <name>__TI_cinit_table</name>
         <load_address>0x4370</load_address>
         <run_address>0x4370</run_address>
         <size>0x18</size>
      </object_component>
      <object_component id="oc-301">
         <name>.vtable</name>
         <uninitialized>true</uninitialized>
         <run_address>0x20000000</run_address>
         <size>0x26c</size>
         <input_file_ref idref="fl-1e"/>
      </object_component>
      <object_component id="oc-151">
         <name>.data</name>
         <load_address>0x2000095c</load_address>
         <run_address>0x2000095c</run_address>
         <size>0x1</size>
         <input_file_ref idref="fl-5"/>
      </object_component>
      <object_component id="oc-1da">
         <name>.data</name>
         <load_address>0x2000095d</load_address>
         <run_address>0x2000095d</run_address>
         <size>0x1</size>
         <input_file_ref idref="fl-d"/>
      </object_component>
      <object_component id="oc-2b1">
         <name>.data</name>
         <load_address>0x20000958</load_address>
         <run_address>0x20000958</run_address>
         <size>0x4</size>
         <input_file_ref idref="fl-12"/>
      </object_component>
      <object_component id="oc-233">
         <name>.data</name>
         <load_address>0x20000950</load_address>
         <run_address>0x20000950</run_address>
         <size>0x8</size>
         <input_file_ref idref="fl-13"/>
      </object_component>
      <object_component id="oc-132">
         <name>.common:Radar_com_</name>
         <uninitialized>true</uninitialized>
         <run_address>0x20000708</run_address>
         <size>0x46</size>
      </object_component>
      <object_component id="oc-14b">
         <name>.common:sensor_data_</name>
         <uninitialized>true</uninitialized>
         <run_address>0x2000026c</run_address>
         <size>0x49c</size>
      </object_component>
      <object_component id="oc-21">
         <name>.stack</name>
         <uninitialized>true</uninitialized>
         <run_address>0x20000750</run_address>
         <size>0x4</size>
         <input_file_ref idref="fl-e4"/>
      </object_component>
      <object_component id="oc-353">
         <name>.stack</name>
         <uninitialized>true</uninitialized>
         <run_address>0x20000750</run_address>
         <size>0x0</size>
      </object_component>
      <object_component id="oc-af">
         <name>.debug_info</name>
         <load_address>0x0</load_address>
         <run_address>0x0</run_address>
         <size>0x37b</size>
         <input_file_ref idref="fl-2"/>
      </object_component>
      <object_component id="oc-99">
         <name>.debug_info</name>
         <load_address>0x37b</load_address>
         <run_address>0x37b</run_address>
         <size>0x17c</size>
         <input_file_ref idref="fl-2"/>
      </object_component>
      <object_component id="oc-6d">
         <name>.debug_info</name>
         <load_address>0x4f7</load_address>
         <run_address>0x4f7</run_address>
         <size>0x26b</size>
         <input_file_ref idref="fl-2"/>
      </object_component>
      <object_component id="oc-114">
         <name>.debug_info</name>
         <load_address>0x762</load_address>
         <run_address>0x762</run_address>
         <size>0x198</size>
         <input_file_ref idref="fl-2"/>
      </object_component>
      <object_component id="oc-33">
         <name>.debug_info</name>
         <load_address>0x8fa</load_address>
         <run_address>0x8fa</run_address>
         <size>0x84</size>
         <input_file_ref idref="fl-2"/>
      </object_component>
      <object_component id="oc-aa">
         <name>.debug_info</name>
         <load_address>0x97e</load_address>
         <run_address>0x97e</run_address>
         <size>0x297</size>
         <input_file_ref idref="fl-2"/>
      </object_component>
      <object_component id="oc-72">
         <name>.debug_info</name>
         <load_address>0xc15</load_address>
         <run_address>0xc15</run_address>
         <size>0xbb</size>
         <input_file_ref idref="fl-2"/>
      </object_component>
      <object_component id="oc-2c">
         <name>.debug_info</name>
         <load_address>0xcd0</load_address>
         <run_address>0xcd0</run_address>
         <size>0x2d8</size>
         <input_file_ref idref="fl-3"/>
      </object_component>
      <object_component id="oc-10">
         <name>.debug_info</name>
         <load_address>0xfa8</load_address>
         <run_address>0xfa8</run_address>
         <size>0x117</size>
         <input_file_ref idref="fl-3"/>
      </object_component>
      <object_component id="oc-26">
         <name>.debug_info</name>
         <load_address>0x10bf</load_address>
         <run_address>0x10bf</run_address>
         <size>0x293</size>
         <input_file_ref idref="fl-3"/>
      </object_component>
      <object_component id="oc-2d8">
         <name>.debug_info</name>
         <load_address>0x1352</load_address>
         <run_address>0x1352</run_address>
         <size>0x2c8</size>
         <input_file_ref idref="fl-4"/>
      </object_component>
      <object_component id="oc-23a">
         <name>.debug_info</name>
         <load_address>0x161a</load_address>
         <run_address>0x161a</run_address>
         <size>0x210</size>
         <input_file_ref idref="fl-4"/>
      </object_component>
      <object_component id="oc-153">
         <name>.debug_info</name>
         <load_address>0x182a</load_address>
         <run_address>0x182a</run_address>
         <size>0x408</size>
         <input_file_ref idref="fl-5"/>
      </object_component>
      <object_component id="oc-14f">
         <name>.debug_info</name>
         <load_address>0x1c32</load_address>
         <run_address>0x1c32</run_address>
         <size>0x10c</size>
         <input_file_ref idref="fl-5"/>
      </object_component>
      <object_component id="oc-d0">
         <name>.debug_info</name>
         <load_address>0x1d3e</load_address>
         <run_address>0x1d3e</run_address>
         <size>0x33d</size>
         <input_file_ref idref="fl-5"/>
      </object_component>
      <object_component id="oc-24c">
         <name>.debug_info</name>
         <load_address>0x207b</load_address>
         <run_address>0x207b</run_address>
         <size>0x29c</size>
         <input_file_ref idref="fl-5"/>
      </object_component>
      <object_component id="oc-154">
         <name>.debug_info</name>
         <load_address>0x2317</load_address>
         <run_address>0x2317</run_address>
         <size>0x8b</size>
         <input_file_ref idref="fl-5"/>
      </object_component>
      <object_component id="oc-246">
         <name>.debug_info</name>
         <load_address>0x23a2</load_address>
         <run_address>0x23a2</run_address>
         <size>0x38d</size>
         <input_file_ref idref="fl-6"/>
      </object_component>
      <object_component id="oc-240">
         <name>.debug_info</name>
         <load_address>0x272f</load_address>
         <run_address>0x272f</run_address>
         <size>0x10f</size>
         <input_file_ref idref="fl-6"/>
      </object_component>
      <object_component id="oc-243">
         <name>.debug_info</name>
         <load_address>0x283e</load_address>
         <run_address>0x283e</run_address>
         <size>0x10b</size>
         <input_file_ref idref="fl-6"/>
      </object_component>
      <object_component id="oc-137">
         <name>.debug_info</name>
         <load_address>0x2949</load_address>
         <run_address>0x2949</run_address>
         <size>0x524</size>
         <input_file_ref idref="fl-6"/>
      </object_component>
      <object_component id="oc-133">
         <name>.debug_info</name>
         <load_address>0x2e6d</load_address>
         <run_address>0x2e6d</run_address>
         <size>0x39d</size>
         <input_file_ref idref="fl-7"/>
      </object_component>
      <object_component id="oc-c7">
         <name>.debug_info</name>
         <load_address>0x320a</load_address>
         <run_address>0x320a</run_address>
         <size>0x2c4</size>
         <input_file_ref idref="fl-7"/>
      </object_component>
      <object_component id="oc-14c">
         <name>.debug_info</name>
         <load_address>0x34ce</load_address>
         <run_address>0x34ce</run_address>
         <size>0x35e</size>
         <input_file_ref idref="fl-a"/>
      </object_component>
      <object_component id="oc-1db">
         <name>.debug_info</name>
         <load_address>0x382c</load_address>
         <run_address>0x382c</run_address>
         <size>0x115</size>
         <input_file_ref idref="fl-d"/>
      </object_component>
      <object_component id="oc-121">
         <name>.debug_info</name>
         <load_address>0x3941</load_address>
         <run_address>0x3941</run_address>
         <size>0xa11</size>
         <input_file_ref idref="fl-d"/>
      </object_component>
      <object_component id="oc-c2">
         <name>.debug_info</name>
         <load_address>0x4352</load_address>
         <run_address>0x4352</run_address>
         <size>0x18f</size>
         <input_file_ref idref="fl-e"/>
      </object_component>
      <object_component id="oc-126">
         <name>.debug_info</name>
         <load_address>0x44e1</load_address>
         <run_address>0x44e1</run_address>
         <size>0x350</size>
         <input_file_ref idref="fl-11"/>
      </object_component>
      <object_component id="oc-1cb">
         <name>.debug_info</name>
         <load_address>0x4831</load_address>
         <run_address>0x4831</run_address>
         <size>0x7be</size>
         <input_file_ref idref="fl-12"/>
      </object_component>
      <object_component id="oc-2d6">
         <name>.debug_info</name>
         <load_address>0x4fef</load_address>
         <run_address>0x4fef</run_address>
         <size>0x4ea</size>
         <input_file_ref idref="fl-13"/>
      </object_component>
      <object_component id="oc-234">
         <name>.debug_info</name>
         <load_address>0x54d9</load_address>
         <run_address>0x54d9</run_address>
         <size>0x125</size>
         <input_file_ref idref="fl-13"/>
      </object_component>
      <object_component id="oc-12c">
         <name>.debug_info</name>
         <load_address>0x55fe</load_address>
         <run_address>0x55fe</run_address>
         <size>0x30f</size>
         <input_file_ref idref="fl-13"/>
      </object_component>
      <object_component id="oc-11a">
         <name>.debug_info</name>
         <load_address>0x590d</load_address>
         <run_address>0x590d</run_address>
         <size>0x1d3</size>
         <input_file_ref idref="fl-16"/>
      </object_component>
      <object_component id="oc-277">
         <name>.debug_info</name>
         <load_address>0x5ae0</load_address>
         <run_address>0x5ae0</run_address>
         <size>0x18b</size>
         <input_file_ref idref="fl-1c"/>
      </object_component>
      <object_component id="oc-28a">
         <name>.debug_info</name>
         <load_address>0x5c6b</load_address>
         <run_address>0x5c6b</run_address>
         <size>0x240</size>
         <input_file_ref idref="fl-1d"/>
      </object_component>
      <object_component id="oc-2fb">
         <name>.debug_info</name>
         <load_address>0x5eab</load_address>
         <run_address>0x5eab</run_address>
         <size>0x167</size>
         <input_file_ref idref="fl-1d"/>
      </object_component>
      <object_component id="oc-2fe">
         <name>.debug_info</name>
         <load_address>0x6012</load_address>
         <run_address>0x6012</run_address>
         <size>0x169</size>
         <input_file_ref idref="fl-1d"/>
      </object_component>
      <object_component id="oc-2bc">
         <name>.debug_info</name>
         <load_address>0x617b</load_address>
         <run_address>0x617b</run_address>
         <size>0x15b</size>
         <input_file_ref idref="fl-1d"/>
      </object_component>
      <object_component id="oc-19c">
         <name>.debug_info</name>
         <load_address>0x62d6</load_address>
         <run_address>0x62d6</run_address>
         <size>0x2a3</size>
         <input_file_ref idref="fl-1d"/>
      </object_component>
      <object_component id="oc-287">
         <name>.debug_info</name>
         <load_address>0x6579</load_address>
         <run_address>0x6579</run_address>
         <size>0x2b3</size>
         <input_file_ref idref="fl-1d"/>
      </object_component>
      <object_component id="oc-1c0">
         <name>.debug_info</name>
         <load_address>0x682c</load_address>
         <run_address>0x682c</run_address>
         <size>0x316</size>
         <input_file_ref idref="fl-1d"/>
      </object_component>
      <object_component id="oc-1e8">
         <name>.debug_info</name>
         <load_address>0x6b42</load_address>
         <run_address>0x6b42</run_address>
         <size>0x279</size>
         <input_file_ref idref="fl-1d"/>
      </object_component>
      <object_component id="oc-196">
         <name>.debug_info</name>
         <load_address>0x6dbb</load_address>
         <run_address>0x6dbb</run_address>
         <size>0x2b7</size>
         <input_file_ref idref="fl-1d"/>
      </object_component>
      <object_component id="oc-1a2">
         <name>.debug_info</name>
         <load_address>0x7072</load_address>
         <run_address>0x7072</run_address>
         <size>0x285</size>
         <input_file_ref idref="fl-1d"/>
      </object_component>
      <object_component id="oc-1e2">
         <name>.debug_info</name>
         <load_address>0x72f7</load_address>
         <run_address>0x72f7</run_address>
         <size>0x280</size>
         <input_file_ref idref="fl-1d"/>
      </object_component>
      <object_component id="oc-292">
         <name>.debug_info</name>
         <load_address>0x7577</load_address>
         <run_address>0x7577</run_address>
         <size>0x298</size>
         <input_file_ref idref="fl-1d"/>
      </object_component>
      <object_component id="oc-1b4">
         <name>.debug_info</name>
         <load_address>0x780f</load_address>
         <run_address>0x780f</run_address>
         <size>0x2bb</size>
         <input_file_ref idref="fl-1d"/>
      </object_component>
      <object_component id="oc-1c6">
         <name>.debug_info</name>
         <load_address>0x7aca</load_address>
         <run_address>0x7aca</run_address>
         <size>0x27f</size>
         <input_file_ref idref="fl-1d"/>
      </object_component>
      <object_component id="oc-1ae">
         <name>.debug_info</name>
         <load_address>0x7d49</load_address>
         <run_address>0x7d49</run_address>
         <size>0x2cf</size>
         <input_file_ref idref="fl-1d"/>
      </object_component>
      <object_component id="oc-1ba">
         <name>.debug_info</name>
         <load_address>0x8018</load_address>
         <run_address>0x8018</run_address>
         <size>0x28f</size>
         <input_file_ref idref="fl-1d"/>
      </object_component>
      <object_component id="oc-1d2">
         <name>.debug_info</name>
         <load_address>0x82a7</load_address>
         <run_address>0x82a7</run_address>
         <size>0x291</size>
         <input_file_ref idref="fl-1d"/>
      </object_component>
      <object_component id="oc-1a8">
         <name>.debug_info</name>
         <load_address>0x8538</load_address>
         <run_address>0x8538</run_address>
         <size>0x28d</size>
         <input_file_ref idref="fl-1d"/>
      </object_component>
      <object_component id="oc-2b8">
         <name>.debug_info</name>
         <load_address>0x87c5</load_address>
         <run_address>0x87c5</run_address>
         <size>0x20e</size>
         <input_file_ref idref="fl-1e"/>
      </object_component>
      <object_component id="oc-2b5">
         <name>.debug_info</name>
         <load_address>0x89d3</load_address>
         <run_address>0x89d3</run_address>
         <size>0x210</size>
         <input_file_ref idref="fl-1e"/>
      </object_component>
      <object_component id="oc-302">
         <name>.debug_info</name>
         <load_address>0x8be3</load_address>
         <run_address>0x8be3</run_address>
         <size>0x157</size>
         <input_file_ref idref="fl-1e"/>
      </object_component>
      <object_component id="oc-295">
         <name>.debug_info</name>
         <load_address>0x8d3a</load_address>
         <run_address>0x8d3a</run_address>
         <size>0x2c1</size>
         <input_file_ref idref="fl-1e"/>
      </object_component>
      <object_component id="oc-29b">
         <name>.debug_info</name>
         <load_address>0x8ffb</load_address>
         <run_address>0x8ffb</run_address>
         <size>0x268</size>
         <input_file_ref idref="fl-1e"/>
      </object_component>
      <object_component id="oc-1d5">
         <name>.debug_info</name>
         <load_address>0x9263</load_address>
         <run_address>0x9263</run_address>
         <size>0x26a</size>
         <input_file_ref idref="fl-1e"/>
      </object_component>
      <object_component id="oc-2c1">
         <name>.debug_info</name>
         <load_address>0x94cd</load_address>
         <run_address>0x94cd</run_address>
         <size>0x21c</size>
         <input_file_ref idref="fl-20"/>
      </object_component>
      <object_component id="oc-1f2">
         <name>.debug_info</name>
         <load_address>0x96e9</load_address>
         <run_address>0x96e9</run_address>
         <size>0x242</size>
         <input_file_ref idref="fl-20"/>
      </object_component>
      <object_component id="oc-1f8">
         <name>.debug_info</name>
         <load_address>0x992b</load_address>
         <run_address>0x992b</run_address>
         <size>0x276</size>
         <input_file_ref idref="fl-20"/>
      </object_component>
      <object_component id="oc-1eb">
         <name>.debug_info</name>
         <load_address>0x9ba1</load_address>
         <run_address>0x9ba1</run_address>
         <size>0x3d9</size>
         <input_file_ref idref="fl-20"/>
      </object_component>
      <object_component id="oc-1fe">
         <name>.debug_info</name>
         <load_address>0x9f7a</load_address>
         <run_address>0x9f7a</run_address>
         <size>0x242</size>
         <input_file_ref idref="fl-20"/>
      </object_component>
      <object_component id="oc-27c">
         <name>.debug_info</name>
         <load_address>0xa1bc</load_address>
         <run_address>0xa1bc</run_address>
         <size>0x298</size>
         <input_file_ref idref="fl-21"/>
      </object_component>
      <object_component id="oc-27e">
         <name>.debug_info</name>
         <load_address>0xa454</load_address>
         <run_address>0xa454</run_address>
         <size>0x14d</size>
         <input_file_ref idref="fl-21"/>
      </object_component>
      <object_component id="oc-18f">
         <name>.debug_info</name>
         <load_address>0xa5a1</load_address>
         <run_address>0xa5a1</run_address>
         <size>0x27f</size>
         <input_file_ref idref="fl-21"/>
      </object_component>
      <object_component id="oc-189">
         <name>.debug_info</name>
         <load_address>0xa820</load_address>
         <run_address>0xa820</run_address>
         <size>0x27d</size>
         <input_file_ref idref="fl-21"/>
      </object_component>
      <object_component id="oc-17c">
         <name>.debug_info</name>
         <load_address>0xaa9d</load_address>
         <run_address>0xaa9d</run_address>
         <size>0x2db</size>
         <input_file_ref idref="fl-21"/>
      </object_component>
      <object_component id="oc-182">
         <name>.debug_info</name>
         <load_address>0xad78</load_address>
         <run_address>0xad78</run_address>
         <size>0x2b5</size>
         <input_file_ref idref="fl-21"/>
      </object_component>
      <object_component id="oc-2f0">
         <name>.debug_info</name>
         <load_address>0xb02d</load_address>
         <run_address>0xb02d</run_address>
         <size>0x5f</size>
         <input_file_ref idref="fl-21"/>
      </object_component>
      <object_component id="oc-2c6">
         <name>.debug_info</name>
         <load_address>0xb08c</load_address>
         <run_address>0xb08c</run_address>
         <size>0x223</size>
         <input_file_ref idref="fl-22"/>
      </object_component>
      <object_component id="oc-313">
         <name>.debug_info</name>
         <load_address>0xb2af</load_address>
         <run_address>0xb2af</run_address>
         <size>0x15a</size>
         <input_file_ref idref="fl-22"/>
      </object_component>
      <object_component id="oc-316">
         <name>.debug_info</name>
         <load_address>0xb409</load_address>
         <run_address>0xb409</run_address>
         <size>0x16c</size>
         <input_file_ref idref="fl-22"/>
      </object_component>
      <object_component id="oc-216">
         <name>.debug_info</name>
         <load_address>0xb575</load_address>
         <run_address>0xb575</run_address>
         <size>0x2ba</size>
         <input_file_ref idref="fl-22"/>
      </object_component>
      <object_component id="oc-2cd">
         <name>.debug_info</name>
         <load_address>0xb82f</load_address>
         <run_address>0xb82f</run_address>
         <size>0x2eb</size>
         <input_file_ref idref="fl-22"/>
      </object_component>
      <object_component id="oc-2a6">
         <name>.debug_info</name>
         <load_address>0xbb1a</load_address>
         <run_address>0xbb1a</run_address>
         <size>0x284</size>
         <input_file_ref idref="fl-22"/>
      </object_component>
      <object_component id="oc-228">
         <name>.debug_info</name>
         <load_address>0xbd9e</load_address>
         <run_address>0xbd9e</run_address>
         <size>0x2e4</size>
         <input_file_ref idref="fl-22"/>
      </object_component>
      <object_component id="oc-22e">
         <name>.debug_info</name>
         <load_address>0xc082</load_address>
         <run_address>0xc082</run_address>
         <size>0x294</size>
         <input_file_ref idref="fl-22"/>
      </object_component>
      <object_component id="oc-2ac">
         <name>.debug_info</name>
         <load_address>0xc316</load_address>
         <run_address>0xc316</run_address>
         <size>0x296</size>
         <input_file_ref idref="fl-22"/>
      </object_component>
      <object_component id="oc-222">
         <name>.debug_info</name>
         <load_address>0xc5ac</load_address>
         <run_address>0xc5ac</run_address>
         <size>0x292</size>
         <input_file_ref idref="fl-22"/>
      </object_component>
      <object_component id="oc-21c">
         <name>.debug_info</name>
         <load_address>0xc83e</load_address>
         <run_address>0xc83e</run_address>
         <size>0x27f</size>
         <input_file_ref idref="fl-22"/>
      </object_component>
      <object_component id="oc-204">
         <name>.debug_info</name>
         <load_address>0xcabd</load_address>
         <run_address>0xcabd</run_address>
         <size>0x281</size>
         <input_file_ref idref="fl-22"/>
      </object_component>
      <object_component id="oc-210">
         <name>.debug_info</name>
         <load_address>0xcd3e</load_address>
         <run_address>0xcd3e</run_address>
         <size>0x28c</size>
         <input_file_ref idref="fl-22"/>
      </object_component>
      <object_component id="oc-20a">
         <name>.debug_info</name>
         <load_address>0xcfca</load_address>
         <run_address>0xcfca</run_address>
         <size>0x296</size>
         <input_file_ref idref="fl-22"/>
      </object_component>
      <object_component id="oc-8f">
         <name>.debug_info</name>
         <load_address>0xd260</load_address>
         <run_address>0xd260</run_address>
         <size>0x13f</size>
         <input_file_ref idref="fl-da"/>
      </object_component>
      <object_component id="oc-143">
         <name>.debug_info</name>
         <load_address>0xd39f</load_address>
         <run_address>0xd39f</run_address>
         <size>0x132</size>
         <input_file_ref idref="fl-dc"/>
      </object_component>
      <object_component id="oc-149">
         <name>.debug_info</name>
         <load_address>0xd4d1</load_address>
         <run_address>0xd4d1</run_address>
         <size>0x126</size>
         <input_file_ref idref="fl-dd"/>
      </object_component>
      <object_component id="oc-13d">
         <name>.debug_info</name>
         <load_address>0xd5f7</load_address>
         <run_address>0xd5f7</run_address>
         <size>0x124</size>
         <input_file_ref idref="fl-df"/>
      </object_component>
      <object_component id="oc-8b">
         <name>.debug_info</name>
         <load_address>0xd71b</load_address>
         <run_address>0xd71b</run_address>
         <size>0x313</size>
         <input_file_ref idref="fl-e1"/>
      </object_component>
      <object_component id="oc-4e">
         <name>.debug_info</name>
         <load_address>0xda2e</load_address>
         <run_address>0xda2e</run_address>
         <size>0x1aa</size>
         <input_file_ref idref="fl-e1"/>
      </object_component>
      <object_component id="oc-86">
         <name>.debug_info</name>
         <load_address>0xdbd8</load_address>
         <run_address>0xdbd8</run_address>
         <size>0x46</size>
         <input_file_ref idref="fl-e1"/>
      </object_component>
      <object_component id="oc-b7">
         <name>.debug_info</name>
         <load_address>0xdc1e</load_address>
         <run_address>0xdc1e</run_address>
         <size>0x2c</size>
         <input_file_ref idref="fl-e1"/>
      </object_component>
      <object_component id="oc-43">
         <name>.debug_info</name>
         <load_address>0xdc4a</load_address>
         <run_address>0xdc4a</run_address>
         <size>0x29d</size>
         <input_file_ref idref="fl-e2"/>
      </object_component>
      <object_component id="oc-1a">
         <name>.debug_info</name>
         <load_address>0xdee7</load_address>
         <run_address>0xdee7</run_address>
         <size>0x1df</size>
         <input_file_ref idref="fl-e2"/>
      </object_component>
      <object_component id="oc-3e">
         <name>.debug_info</name>
         <load_address>0xe0c6</load_address>
         <run_address>0xe0c6</run_address>
         <size>0x46</size>
         <input_file_ref idref="fl-e2"/>
      </object_component>
      <object_component id="oc-7e">
         <name>.debug_info</name>
         <load_address>0xe10c</load_address>
         <run_address>0xe10c</run_address>
         <size>0x2c</size>
         <input_file_ref idref="fl-e2"/>
      </object_component>
      <object_component id="oc-7c">
         <name>.debug_info</name>
         <load_address>0xe138</load_address>
         <run_address>0xe138</run_address>
         <size>0x293</size>
         <input_file_ref idref="fl-e3"/>
      </object_component>
      <object_component id="oc-14">
         <name>.debug_info</name>
         <load_address>0xe3cb</load_address>
         <run_address>0xe3cb</run_address>
         <size>0x245</size>
         <input_file_ref idref="fl-e3"/>
      </object_component>
      <object_component id="oc-2e">
         <name>.debug_info</name>
         <load_address>0xe610</load_address>
         <run_address>0xe610</run_address>
         <size>0x60</size>
         <input_file_ref idref="fl-e3"/>
      </object_component>
      <object_component id="oc-b0">
         <name>.debug_info</name>
         <load_address>0xe670</load_address>
         <run_address>0xe670</run_address>
         <size>0x46</size>
         <input_file_ref idref="fl-e3"/>
      </object_component>
      <object_component id="oc-77">
         <name>.debug_info</name>
         <load_address>0xe6b6</load_address>
         <run_address>0xe6b6</run_address>
         <size>0x39</size>
         <input_file_ref idref="fl-e3"/>
      </object_component>
      <object_component id="oc-22">
         <name>.debug_info</name>
         <load_address>0xe6ef</load_address>
         <run_address>0xe6ef</run_address>
         <size>0x100</size>
         <input_file_ref idref="fl-e4"/>
      </object_component>
      <object_component id="oc-58">
         <name>.debug_info</name>
         <load_address>0xe7ef</load_address>
         <run_address>0xe7ef</run_address>
         <size>0x1a4</size>
         <input_file_ref idref="fl-e4"/>
      </object_component>
      <object_component id="oc-39">
         <name>.debug_info</name>
         <load_address>0xe993</load_address>
         <run_address>0xe993</run_address>
         <size>0x111</size>
         <input_file_ref idref="fl-e5"/>
      </object_component>
      <object_component id="oc-164">
         <name>.debug_info</name>
         <load_address>0xeaa4</load_address>
         <run_address>0xeaa4</run_address>
         <size>0x547</size>
         <input_file_ref idref="fl-e6"/>
      </object_component>
      <object_component id="oc-e1">
         <name>.debug_info</name>
         <load_address>0xefeb</load_address>
         <run_address>0xefeb</run_address>
         <size>0x19b</size>
         <input_file_ref idref="fl-e6"/>
      </object_component>
      <object_component id="oc-265">
         <name>.debug_info</name>
         <load_address>0xf186</load_address>
         <run_address>0xf186</run_address>
         <size>0x39</size>
         <input_file_ref idref="fl-e6"/>
      </object_component>
      <object_component id="oc-2e2">
         <name>.debug_info</name>
         <load_address>0xf1bf</load_address>
         <run_address>0xf1bf</run_address>
         <size>0x39</size>
         <input_file_ref idref="fl-e6"/>
      </object_component>
      <object_component id="oc-26a">
         <name>.debug_info</name>
         <load_address>0xf1f8</load_address>
         <run_address>0xf1f8</run_address>
         <size>0x39</size>
         <input_file_ref idref="fl-e6"/>
      </object_component>
      <object_component id="oc-26f">
         <name>.debug_info</name>
         <load_address>0xf231</load_address>
         <run_address>0xf231</run_address>
         <size>0xcd</size>
         <input_file_ref idref="fl-e6"/>
      </object_component>
      <object_component id="oc-93">
         <name>.debug_info</name>
         <load_address>0xf2fe</load_address>
         <run_address>0xf2fe</run_address>
         <size>0x148</size>
         <input_file_ref idref="fl-e7"/>
      </object_component>
      <object_component id="oc-d5">
         <name>.debug_info</name>
         <load_address>0xf446</load_address>
         <run_address>0xf446</run_address>
         <size>0x117</size>
         <input_file_ref idref="fl-e9"/>
      </object_component>
      <object_component id="oc-354">
         <name>.debug_info</name>
         <load_address>0xf55d</load_address>
         <run_address>0xf55d</run_address>
         <size>0xcd</size>
      </object_component>
      <object_component id="oc-113">
         <name>.debug_line</name>
         <load_address>0x0</load_address>
         <run_address>0x0</run_address>
         <size>0x190</size>
         <input_file_ref idref="fl-2"/>
      </object_component>
      <object_component id="oc-9d">
         <name>.debug_line</name>
         <load_address>0x190</load_address>
         <run_address>0x190</run_address>
         <size>0x4b</size>
         <input_file_ref idref="fl-2"/>
      </object_component>
      <object_component id="oc-70">
         <name>.debug_line</name>
         <load_address>0x1db</load_address>
         <run_address>0x1db</run_address>
         <size>0x7b</size>
         <input_file_ref idref="fl-2"/>
      </object_component>
      <object_component id="oc-117">
         <name>.debug_line</name>
         <load_address>0x256</load_address>
         <run_address>0x256</run_address>
         <size>0x8d</size>
         <input_file_ref idref="fl-2"/>
      </object_component>
      <object_component id="oc-36">
         <name>.debug_line</name>
         <load_address>0x2e3</load_address>
         <run_address>0x2e3</run_address>
         <size>0x20</size>
         <input_file_ref idref="fl-2"/>
      </object_component>
      <object_component id="oc-ad">
         <name>.debug_line</name>
         <load_address>0x303</load_address>
         <run_address>0x303</run_address>
         <size>0x7f</size>
         <input_file_ref idref="fl-2"/>
      </object_component>
      <object_component id="oc-75">
         <name>.debug_line</name>
         <load_address>0x382</load_address>
         <run_address>0x382</run_address>
         <size>0x7c</size>
         <input_file_ref idref="fl-2"/>
      </object_component>
      <object_component id="oc-6c">
         <name>.debug_line</name>
         <load_address>0x3fe</load_address>
         <run_address>0x3fe</run_address>
         <size>0x41</size>
         <input_file_ref idref="fl-3"/>
      </object_component>
      <object_component id="oc-2b">
         <name>.debug_line</name>
         <load_address>0x43f</load_address>
         <run_address>0x43f</run_address>
         <size>0x41</size>
         <input_file_ref idref="fl-3"/>
      </object_component>
      <object_component id="oc-25">
         <name>.debug_line</name>
         <load_address>0x480</load_address>
         <run_address>0x480</run_address>
         <size>0xa1</size>
         <input_file_ref idref="fl-3"/>
      </object_component>
      <object_component id="oc-31c">
         <name>.debug_line</name>
         <load_address>0x521</load_address>
         <run_address>0x521</run_address>
         <size>0x20</size>
         <input_file_ref idref="fl-4"/>
      </object_component>
      <object_component id="oc-23d">
         <name>.debug_line</name>
         <load_address>0x541</load_address>
         <run_address>0x541</run_address>
         <size>0x83</size>
         <input_file_ref idref="fl-4"/>
      </object_component>
      <object_component id="oc-254">
         <name>.debug_line</name>
         <load_address>0x5c4</load_address>
         <run_address>0x5c4</run_address>
         <size>0x154</size>
         <input_file_ref idref="fl-5"/>
      </object_component>
      <object_component id="oc-252">
         <name>.debug_line</name>
         <load_address>0x718</load_address>
         <run_address>0x718</run_address>
         <size>0x8a</size>
         <input_file_ref idref="fl-5"/>
      </object_component>
      <object_component id="oc-cf">
         <name>.debug_line</name>
         <load_address>0x7a2</load_address>
         <run_address>0x7a2</run_address>
         <size>0xc2</size>
         <input_file_ref idref="fl-5"/>
      </object_component>
      <object_component id="oc-24f">
         <name>.debug_line</name>
         <load_address>0x864</load_address>
         <run_address>0x864</run_address>
         <size>0x8e</size>
         <input_file_ref idref="fl-5"/>
      </object_component>
      <object_component id="oc-157">
         <name>.debug_line</name>
         <load_address>0x8f2</load_address>
         <run_address>0x8f2</run_address>
         <size>0x20</size>
         <input_file_ref idref="fl-5"/>
      </object_component>
      <object_component id="oc-2de">
         <name>.debug_line</name>
         <load_address>0x912</load_address>
         <run_address>0x912</run_address>
         <size>0x53</size>
         <input_file_ref idref="fl-6"/>
      </object_component>
      <object_component id="oc-2da">
         <name>.debug_line</name>
         <load_address>0x965</load_address>
         <run_address>0x965</run_address>
         <size>0x38</size>
         <input_file_ref idref="fl-6"/>
      </object_component>
      <object_component id="oc-2dc">
         <name>.debug_line</name>
         <load_address>0x99d</load_address>
         <run_address>0x99d</run_address>
         <size>0x3a</size>
         <input_file_ref idref="fl-6"/>
      </object_component>
      <object_component id="oc-13a">
         <name>.debug_line</name>
         <load_address>0x9d7</load_address>
         <run_address>0x9d7</run_address>
         <size>0x15e</size>
         <input_file_ref idref="fl-6"/>
      </object_component>
      <object_component id="oc-238">
         <name>.debug_line</name>
         <load_address>0xb35</load_address>
         <run_address>0xb35</run_address>
         <size>0xcb</size>
         <input_file_ref idref="fl-7"/>
      </object_component>
      <object_component id="oc-cb">
         <name>.debug_line</name>
         <load_address>0xc00</load_address>
         <run_address>0xc00</run_address>
         <size>0xa1</size>
         <input_file_ref idref="fl-7"/>
      </object_component>
      <object_component id="oc-24b">
         <name>.debug_line</name>
         <load_address>0xca1</load_address>
         <run_address>0xca1</run_address>
         <size>0x5c</size>
         <input_file_ref idref="fl-a"/>
      </object_component>
      <object_component id="oc-2ba">
         <name>.debug_line</name>
         <load_address>0xcfd</load_address>
         <run_address>0xcfd</run_address>
         <size>0x37</size>
         <input_file_ref idref="fl-d"/>
      </object_component>
      <object_component id="oc-123">
         <name>.debug_line</name>
         <load_address>0xd34</load_address>
         <run_address>0xd34</run_address>
         <size>0x184</size>
         <input_file_ref idref="fl-d"/>
      </object_component>
      <object_component id="oc-c5">
         <name>.debug_line</name>
         <load_address>0xeb8</load_address>
         <run_address>0xeb8</run_address>
         <size>0x4f</size>
         <input_file_ref idref="fl-e"/>
      </object_component>
      <object_component id="oc-12a">
         <name>.debug_line</name>
         <load_address>0xf07</load_address>
         <run_address>0xf07</run_address>
         <size>0xa2</size>
         <input_file_ref idref="fl-11"/>
      </object_component>
      <object_component id="oc-1ca">
         <name>.debug_line</name>
         <load_address>0xfa9</load_address>
         <run_address>0xfa9</run_address>
         <size>0x168</size>
         <input_file_ref idref="fl-12"/>
      </object_component>
      <object_component id="oc-31a">
         <name>.debug_line</name>
         <load_address>0x1111</load_address>
         <run_address>0x1111</run_address>
         <size>0x6d</size>
         <input_file_ref idref="fl-13"/>
      </object_component>
      <object_component id="oc-2d5">
         <name>.debug_line</name>
         <load_address>0x117e</load_address>
         <run_address>0x117e</run_address>
         <size>0x39</size>
         <input_file_ref idref="fl-13"/>
      </object_component>
      <object_component id="oc-12f">
         <name>.debug_line</name>
         <load_address>0x11b7</load_address>
         <run_address>0x11b7</run_address>
         <size>0x91</size>
         <input_file_ref idref="fl-13"/>
      </object_component>
      <object_component id="oc-11e">
         <name>.debug_line</name>
         <load_address>0x1248</load_address>
         <run_address>0x1248</run_address>
         <size>0x63</size>
         <input_file_ref idref="fl-16"/>
      </object_component>
      <object_component id="oc-27a">
         <name>.debug_line</name>
         <load_address>0x12ab</load_address>
         <run_address>0x12ab</run_address>
         <size>0x69</size>
         <input_file_ref idref="fl-1c"/>
      </object_component>
      <object_component id="oc-2f9">
         <name>.debug_line</name>
         <load_address>0x1314</load_address>
         <run_address>0x1314</run_address>
         <size>0x82</size>
         <input_file_ref idref="fl-1d"/>
      </object_component>
      <object_component id="oc-31e">
         <name>.debug_line</name>
         <load_address>0x1396</load_address>
         <run_address>0x1396</run_address>
         <size>0x7d</size>
         <input_file_ref idref="fl-1d"/>
      </object_component>
      <object_component id="oc-320">
         <name>.debug_line</name>
         <load_address>0x1413</load_address>
         <run_address>0x1413</run_address>
         <size>0x7d</size>
         <input_file_ref idref="fl-1d"/>
      </object_component>
      <object_component id="oc-30d">
         <name>.debug_line</name>
         <load_address>0x1490</load_address>
         <run_address>0x1490</run_address>
         <size>0x7d</size>
         <input_file_ref idref="fl-1d"/>
      </object_component>
      <object_component id="oc-19b">
         <name>.debug_line</name>
         <load_address>0x150d</load_address>
         <run_address>0x150d</run_address>
         <size>0x92</size>
         <input_file_ref idref="fl-1d"/>
      </object_component>
      <object_component id="oc-286">
         <name>.debug_line</name>
         <load_address>0x159f</load_address>
         <run_address>0x159f</run_address>
         <size>0x95</size>
         <input_file_ref idref="fl-1d"/>
      </object_component>
      <object_component id="oc-1bf">
         <name>.debug_line</name>
         <load_address>0x1634</load_address>
         <run_address>0x1634</run_address>
         <size>0xd1</size>
         <input_file_ref idref="fl-1d"/>
      </object_component>
      <object_component id="oc-1e7">
         <name>.debug_line</name>
         <load_address>0x1705</load_address>
         <run_address>0x1705</run_address>
         <size>0x93</size>
         <input_file_ref idref="fl-1d"/>
      </object_component>
      <object_component id="oc-195">
         <name>.debug_line</name>
         <load_address>0x1798</load_address>
         <run_address>0x1798</run_address>
         <size>0x99</size>
         <input_file_ref idref="fl-1d"/>
      </object_component>
      <object_component id="oc-1a1">
         <name>.debug_line</name>
         <load_address>0x1831</load_address>
         <run_address>0x1831</run_address>
         <size>0x93</size>
         <input_file_ref idref="fl-1d"/>
      </object_component>
      <object_component id="oc-1e1">
         <name>.debug_line</name>
         <load_address>0x18c4</load_address>
         <run_address>0x18c4</run_address>
         <size>0xa7</size>
         <input_file_ref idref="fl-1d"/>
      </object_component>
      <object_component id="oc-291">
         <name>.debug_line</name>
         <load_address>0x196b</load_address>
         <run_address>0x196b</run_address>
         <size>0xa6</size>
         <input_file_ref idref="fl-1d"/>
      </object_component>
      <object_component id="oc-1b3">
         <name>.debug_line</name>
         <load_address>0x1a11</load_address>
         <run_address>0x1a11</run_address>
         <size>0x99</size>
         <input_file_ref idref="fl-1d"/>
      </object_component>
      <object_component id="oc-1c5">
         <name>.debug_line</name>
         <load_address>0x1aaa</load_address>
         <run_address>0x1aaa</run_address>
         <size>0x92</size>
         <input_file_ref idref="fl-1d"/>
      </object_component>
      <object_component id="oc-1ad">
         <name>.debug_line</name>
         <load_address>0x1b3c</load_address>
         <run_address>0x1b3c</run_address>
         <size>0x99</size>
         <input_file_ref idref="fl-1d"/>
      </object_component>
      <object_component id="oc-1b9">
         <name>.debug_line</name>
         <load_address>0x1bd5</load_address>
         <run_address>0x1bd5</run_address>
         <size>0x92</size>
         <input_file_ref idref="fl-1d"/>
      </object_component>
      <object_component id="oc-1d1">
         <name>.debug_line</name>
         <load_address>0x1c67</load_address>
         <run_address>0x1c67</run_address>
         <size>0x92</size>
         <input_file_ref idref="fl-1d"/>
      </object_component>
      <object_component id="oc-1a7">
         <name>.debug_line</name>
         <load_address>0x1cf9</load_address>
         <run_address>0x1cf9</run_address>
         <size>0x92</size>
         <input_file_ref idref="fl-1d"/>
      </object_component>
      <object_component id="oc-30b">
         <name>.debug_line</name>
         <load_address>0x1d8b</load_address>
         <run_address>0x1d8b</run_address>
         <size>0x7c</size>
         <input_file_ref idref="fl-1e"/>
      </object_component>
      <object_component id="oc-309">
         <name>.debug_line</name>
         <load_address>0x1e07</load_address>
         <run_address>0x1e07</run_address>
         <size>0x82</size>
         <input_file_ref idref="fl-1e"/>
      </object_component>
      <object_component id="oc-322">
         <name>.debug_line</name>
         <load_address>0x1e89</load_address>
         <run_address>0x1e89</run_address>
         <size>0x82</size>
         <input_file_ref idref="fl-1e"/>
      </object_component>
      <object_component id="oc-298">
         <name>.debug_line</name>
         <load_address>0x1f0b</load_address>
         <run_address>0x1f0b</run_address>
         <size>0xaf</size>
         <input_file_ref idref="fl-1e"/>
      </object_component>
      <object_component id="oc-29e">
         <name>.debug_line</name>
         <load_address>0x1fba</load_address>
         <run_address>0x1fba</run_address>
         <size>0xc2</size>
         <input_file_ref idref="fl-1e"/>
      </object_component>
      <object_component id="oc-1d8">
         <name>.debug_line</name>
         <load_address>0x207c</load_address>
         <run_address>0x207c</run_address>
         <size>0xc2</size>
         <input_file_ref idref="fl-1e"/>
      </object_component>
      <object_component id="oc-30f">
         <name>.debug_line</name>
         <load_address>0x213e</load_address>
         <run_address>0x213e</run_address>
         <size>0x82</size>
         <input_file_ref idref="fl-20"/>
      </object_component>
      <object_component id="oc-1f4">
         <name>.debug_line</name>
         <load_address>0x21c0</load_address>
         <run_address>0x21c0</run_address>
         <size>0x91</size>
         <input_file_ref idref="fl-20"/>
      </object_component>
      <object_component id="oc-1fa">
         <name>.debug_line</name>
         <load_address>0x2251</load_address>
         <run_address>0x2251</run_address>
         <size>0x94</size>
         <input_file_ref idref="fl-20"/>
      </object_component>
      <object_component id="oc-1ee">
         <name>.debug_line</name>
         <load_address>0x22e5</load_address>
         <run_address>0x22e5</run_address>
         <size>0xa3</size>
         <input_file_ref idref="fl-20"/>
      </object_component>
      <object_component id="oc-1fd">
         <name>.debug_line</name>
         <load_address>0x2388</load_address>
         <run_address>0x2388</run_address>
         <size>0x91</size>
         <input_file_ref idref="fl-20"/>
      </object_component>
      <object_component id="oc-2ef">
         <name>.debug_line</name>
         <load_address>0x2419</load_address>
         <run_address>0x2419</run_address>
         <size>0x13d</size>
         <input_file_ref idref="fl-21"/>
      </object_component>
      <object_component id="oc-2f6">
         <name>.debug_line</name>
         <load_address>0x2556</load_address>
         <run_address>0x2556</run_address>
         <size>0x7f</size>
         <input_file_ref idref="fl-21"/>
      </object_component>
      <object_component id="oc-18d">
         <name>.debug_line</name>
         <load_address>0x25d5</load_address>
         <run_address>0x25d5</run_address>
         <size>0x94</size>
         <input_file_ref idref="fl-21"/>
      </object_component>
      <object_component id="oc-187">
         <name>.debug_line</name>
         <load_address>0x2669</load_address>
         <run_address>0x2669</run_address>
         <size>0x94</size>
         <input_file_ref idref="fl-21"/>
      </object_component>
      <object_component id="oc-17b">
         <name>.debug_line</name>
         <load_address>0x26fd</load_address>
         <run_address>0x26fd</run_address>
         <size>0xee</size>
         <input_file_ref idref="fl-21"/>
      </object_component>
      <object_component id="oc-181">
         <name>.debug_line</name>
         <load_address>0x27eb</load_address>
         <run_address>0x27eb</run_address>
         <size>0x11a</size>
         <input_file_ref idref="fl-21"/>
      </object_component>
      <object_component id="oc-2f3">
         <name>.debug_line</name>
         <load_address>0x2905</load_address>
         <run_address>0x2905</run_address>
         <size>0x7f</size>
         <input_file_ref idref="fl-21"/>
      </object_component>
      <object_component id="oc-311">
         <name>.debug_line</name>
         <load_address>0x2984</load_address>
         <run_address>0x2984</run_address>
         <size>0x82</size>
         <input_file_ref idref="fl-22"/>
      </object_component>
      <object_component id="oc-324">
         <name>.debug_line</name>
         <load_address>0x2a06</load_address>
         <run_address>0x2a06</run_address>
         <size>0x7e</size>
         <input_file_ref idref="fl-22"/>
      </object_component>
      <object_component id="oc-326">
         <name>.debug_line</name>
         <load_address>0x2a84</load_address>
         <run_address>0x2a84</run_address>
         <size>0x7e</size>
         <input_file_ref idref="fl-22"/>
      </object_component>
[...]
            </allocated_space>
            <available_space>
               <start_address>0x2000074e</start_address>
               <size>0x2</size>
            </available_space>
            <allocated_space>
               <start_address>0x20000750</start_address>
               <size>0x200</size>
               <logical_group_ref idref="lg-d"/>
            </allocated_space>
            <allocated_space>
               <start_address>0x20000950</start_address>
               <size>0xe</size>
               <logical_group_ref idref="lg-a"/>
            </allocated_space>
            <available_space>
               <start_address>0x2000095e</start_address>
               <size>0x76a2</size>
            </available_space>
         </usage_details>
      </memory_area>
   </placement_map>
   <cptbl_list>
      <cptbl>
         <name>__TI_cinit_table</name>
         <cprec>
            <name>.bss</name>
            <load_address>0x4358</load_address>
            <load_size>0x8</load_size>
            <run_address>0x2000026c</run_address>
            <run_size>0x4e2</run_size>
            <compression>zero_init</compression>
         </cprec>
         <cprec>
            <name>.vtable</name>
            <load_address>0x4360</load_address>
            <load_size>0x8</load_size>
            <run_address>0x20000000</run_address>
            <run_size>0x26c</run_size>
            <compression>zero_init</compression>
         </cprec>
         <cprec>
            <name>.data</name>
            <load_address>0x4368</load_address>
            <load_size>0x7</load_size>
            <run_address>0x20000950</run_address>
            <run_size>0xe</run_size>
            <compression>lzss</compression>
         </cprec>
      </cptbl>
   </cptbl_list>
   <handler_table>
      <handler_table_name>__TI_handler_table</handler_table_name>
      <handler>
         <index>0x0</index>
         <name>__TI_zero_init</name>
      </handler>
      <handler>
         <index>0x1</index>
         <name>__TI_decompress_lzss</name>
      </handler>
      <handler>
         <index>0x2</index>
         <name>__TI_decompress_none</name>
      </handler>
   </handler_table>
   <symbol_table>
      <symbol id="sm-1">
         <name>__STACK_TOP</name>
         <value>0x20000950</value>
      </symbol>
      <symbol id="sm-2">
         <name>__TI_CINIT_Base</name>
         <value>0x4370</value>
      </symbol>
      <symbol id="sm-3">
         <name>__TI_CINIT_Limit</name>
         <value>0x4388</value>
      </symbol>
      <symbol id="sm-4">
         <name>__TI_Handler_Table_Base</name>
         <value>0x4348</value>
      </symbol>
      <symbol id="sm-5">
         <name>__TI_Handler_Table_Limit</name>
         <value>0x4354</value>
      </symbol>
      <symbol id="sm-6">
         <name>binit</name>
         <value>0xffffffff</value>
      </symbol>
      <symbol id="sm-7">
         <name>__binit__</name>
         <value>0xffffffff</value>
      </symbol>
      <symbol id="sm-8">
         <name>__STACK_SIZE</name>
         <value>0x200</value>
      </symbol>
      <symbol id="sm-9">
         <name>__STACK_END</name>
         <value>0x20000950</value>
      </symbol>
      <symbol id="sm-a">
         <name>__c_args__</name>
         <value>0xffffffff</value>
      </symbol>
      <symbol id="sm-b">
         <name>__TI_pprof_out_hndl</name>
         <value>0xffffffff</value>
      </symbol>
      <symbol id="sm-c">
         <name>__TI_prof_data_start</name>
         <value>0xffffffff</value>
      </symbol>
      <symbol id="sm-d">
         <name>__TI_prof_data_size</name>
         <value>0xffffffff</value>
      </symbol>
      <symbol id="sm-49">
         <name>main</name>
         <value>0x41af</value>
         <object_component_ref idref="oc-98"/>
      </symbol>
      <symbol id="sm-65">
         <name>ResetISR</name>
         <value>0x42df</value>
         <object_component_ref idref="oc-24"/>
      </symbol>
      <symbol id="sm-66">
         <name>g_pfnVectors</name>
         <value>0x0</value>
         <object_component_ref idref="oc-f"/>
      </symbol>
      <symbol id="sm-78">
         <name>Scramble_data</name>
         <value>0x3a4d</value>
         <object_component_ref idref="oc-239"/>
      </symbol>
      <symbol id="sm-b4">
         <name>test_rampe_ADC56</name>
         <value>0x3355</value>
         <object_component_ref idref="oc-cd"/>
      </symbol>
      <symbol id="sm-b5">
         <name>clear_test_vect</name>
         <value>0x3291</value>
         <object_component_ref idref="oc-cd"/>
      </symbol>
      <symbol id="sm-b6">
         <name>test_fft</name>
         <value>0x32fb</value>
         <object_component_ref idref="oc-cd"/>
      </symbol>
      <symbol id="sm-f1">
         <name>do_fft_radix2</name>
         <value>0x2891</value>
         <object_component_ref idref="oc-136"/>
      </symbol>
      <symbol id="sm-f2">
         <name>fft_radix2_var</name>
         <value>0x2b11</value>
         <object_component_ref idref="oc-136"/>
      </symbol>
      <symbol id="sm-f3">
         <name>get_num_stage</name>
         <value>0x2d65</value>
         <object_component_ref idref="oc-136"/>
      </symbol>
      <symbol id="sm-111">
         <name>Radar_com_</name>
         <value>0x20000708</value>
      </symbol>
      <symbol id="sm-112">
         <name>dlAdc56WriteCommand</name>
         <value>0x36c7</value>
         <object_component_ref idref="oc-c6"/>
      </symbol>
      <symbol id="sm-113">
         <name>dlAdc56WriteSetpoint</name>
         <value>0x3661</value>
         <object_component_ref idref="oc-c6"/>
      </symbol>
      <symbol id="sm-11b">
         <name>sensor_data_</name>
         <value>0x2000026c</value>
      </symbol>
      <symbol id="sm-150">
         <name>extIntBHandler</name>
         <value>0x2f57</value>
         <object_component_ref idref="oc-11f"/>
      </symbol>
      <symbol id="sm-151">
         <name>configPort_F</name>
         <value>0x2f0d</value>
         <object_component_ref idref="oc-11f"/>
      </symbol>
      <symbol id="sm-152">
         <name>configPort_D</name>
         <value>0x2e77</value>
         <object_component_ref idref="oc-11f"/>
      </symbol>
      <symbol id="sm-153">
         <name>configPort_E</name>
         <value>0x2ed1</value>
         <object_component_ref idref="oc-11f"/>
      </symbol>
      <symbol id="sm-154">
         <name>configPort_B</name>
         <value>0x2e09</value>
         <object_component_ref idref="oc-11f"/>
      </symbol>
      <symbol id="sm-155">
         <name>configPort_C</name>
         <value>0x2e51</value>
         <object_component_ref idref="oc-11f"/>
      </symbol>
      <symbol id="sm-156">
         <name>configPort_A</name>
         <value>0x2dd5</value>
         <object_component_ref idref="oc-11f"/>
      </symbol>
      <symbol id="sm-157">
         <name>is_switch_active</name>
         <value>0x2000095d</value>
         <object_component_ref idref="oc-1da"/>
      </symbol>
      <symbol id="sm-158">
         <name>extIntFHandler</name>
         <value>0x2fbf</value>
         <object_component_ref idref="oc-11f"/>
      </symbol>
      <symbol id="sm-159">
         <name>halGpioInit</name>
         <value>0x2db9</value>
         <object_component_ref idref="oc-11f"/>
      </symbol>
      <symbol id="sm-163">
         <name>hal_init</name>
         <value>0x4245</value>
         <object_component_ref idref="oc-c0"/>
      </symbol>
      <symbol id="sm-180">
         <name>is_AD5601_com_busy</name>
         <value>0x3a19</value>
         <object_component_ref idref="oc-125"/>
      </symbol>
      <symbol id="sm-181">
         <name>halSSI2Init</name>
         <value>0x395d</value>
         <object_component_ref idref="oc-125"/>
      </symbol>
      <symbol id="sm-182">
         <name>halAD5601Transmit</name>
         <value>0x39c5</value>
         <object_component_ref idref="oc-125"/>
      </symbol>
      <symbol id="sm-1ac">
         <name>halStartTimer2_Both</name>
         <value>0x3227</value>
         <object_component_ref idref="oc-1c8"/>
      </symbol>
      <symbol id="sm-1ad">
         <name>halStartTimer2_B</name>
         <value>0x31ed</value>
         <object_component_ref idref="oc-1c8"/>
      </symbol>
      <symbol id="sm-1ae">
         <name>halStartTimer2_A</name>
         <value>0x31bd</value>
         <object_component_ref idref="oc-1c8"/>
      </symbol>
      <symbol id="sm-1af">
         <name>halTimer2Init</name>
         <value>0x3031</value>
         <object_component_ref idref="oc-1c8"/>
      </symbol>
      <symbol id="sm-1b0">
         <name>halStopTimer2_Both</name>
         <value>0x323f</value>
         <object_component_ref idref="oc-1c8"/>
      </symbol>
      <symbol id="sm-1b1">
         <name>halStopTimer2_A</name>
         <value>0x31d1</value>
         <object_component_ref idref="oc-1c8"/>
      </symbol>
      <symbol id="sm-1b2">
         <name>halStopTimer2_B</name>
         <value>0x3205</value>
         <object_component_ref idref="oc-1c8"/>
      </symbol>
      <symbol id="sm-1b3">
         <name>timer2ISR</name>
         <value>0x30a3</value>
         <object_component_ref idref="oc-1c8"/>
      </symbol>
      <symbol id="sm-1ce">
         <name>gptm_systime_64us_steps</name>
         <value>0x20000950</value>
         <object_component_ref idref="oc-233"/>
      </symbol>
      <symbol id="sm-1cf">
         <name>get_systime_us</name>
         <value>0x3bab</value>
         <object_component_ref idref="oc-12b"/>
      </symbol>
      <symbol id="sm-1d0">
         <name>timer3ISR</name>
         <value>0x3b8b</value>
         <object_component_ref idref="oc-12b"/>
      </symbol>
      <symbol id="sm-1d1">
         <name>hal_GPTM_init</name>
         <value>0x3b31</value>
         <object_component_ref idref="oc-12b"/>
      </symbol>
      <symbol id="sm-1e0">
         <name>halSysClkInit</name>
         <value>0x422d</value>
         <object_component_ref idref="oc-119"/>
      </symbol>
      <symbol id="sm-1e1">
         <name>getClkValue</name>
         <value>0x4237</value>
         <object_component_ref idref="oc-119"/>
      </symbol>
      <symbol id="sm-280">
         <name>GPIOIntRegister</name>
         <value>0x41cd</value>
         <object_component_ref idref="oc-1aa"/>
      </symbol>
      <symbol id="sm-281">
         <name>GPIOPinConfigure</name>
         <value>0x3f21</value>
         <object_component_ref idref="oc-1de"/>
      </symbol>
      <symbol id="sm-282">
         <name>GPIOIntDisable</name>
         <value>0x428f</value>
         <object_component_ref idref="oc-1ce"/>
      </symbol>
      <symbol id="sm-283">
         <name>GPIOIntEnable</name>
         <value>0x42c7</value>
         <object_component_ref idref="oc-1b6"/>
      </symbol>
      <symbol id="sm-284">
         <name>GPIOIntTypeSet</name>
         <value>0x3e7d</value>
         <object_component_ref idref="oc-1b0"/>
      </symbol>
      <symbol id="sm-285">
         <name>GPIOPinTypeGPIOInput</name>
         <value>0x4259</value>
         <object_component_ref idref="oc-19e"/>
      </symbol>
      <symbol id="sm-286">
         <name>GPIOIntClear</name>
         <value>0x4323</value>
         <object_component_ref idref="oc-1a4"/>
      </symbol>
      <symbol id="sm-287">
         <name>GPIOIntStatus</name>
         <value>0x429d</value>
         <object_component_ref idref="oc-1c2"/>
      </symbol>
      <symbol id="sm-288">
         <name>GPIOPinTypeGPIOOutput</name>
         <value>0x41e5</value>
         <object_component_ref idref="oc-192"/>
      </symbol>
      <symbol id="sm-289">
         <name>GPIODirModeSet</name>
         <value>0x4185</value>
         <object_component_ref idref="oc-283"/>
      </symbol>
      <symbol id="sm-28a">
         <name>GPIOPinWrite</name>
         <value>0x4329</value>
         <object_component_ref idref="oc-198"/>
      </symbol>
      <symbol id="sm-28b">
         <name>GPIOPadConfigSet</name>
         <value>0x341d</value>
         <object_component_ref idref="oc-1bc"/>
      </symbol>
      <symbol id="sm-28c">
         <name>GPIOPinTypeSSI</name>
         <value>0x426b</value>
         <object_component_ref idref="oc-1e4"/>
      </symbol>
      <symbol id="sm-2d8">
         <name>IntEnable</name>
         <value>0x3d4d</value>
         <object_component_ref idref="oc-29a"/>
      </symbol>
      <symbol id="sm-2d9">
         <name>IntDisable</name>
         <value>0x3ce5</value>
         <object_component_ref idref="oc-1d4"/>
      </symbol>
      <symbol id="sm-2da">
         <name>IntRegister</name>
         <value>0x411d</value>
         <object_component_ref idref="oc-294"/>
      </symbol>
      <symbol id="sm-2db">
         <name>g_pfnRAMVectors</name>
         <value>0x20000000</value>
         <object_component_ref idref="oc-301"/>
      </symbol>
      <symbol id="sm-303">
         <name>SSIDataPut</name>
         <value>0x42eb</value>
         <object_component_ref idref="oc-1f6"/>
      </symbol>
      <symbol id="sm-304">
         <name>SSIConfigSetExpClk</name>
         <value>0x4039</value>
         <object_component_ref idref="oc-1ea"/>
      </symbol>
      <symbol id="sm-305">
         <name>SSIEnable</name>
         <value>0x42f5</value>
         <object_component_ref idref="oc-1f0"/>
      </symbol>
      <symbol id="sm-306">
         <name>SSIBusy</name>
         <value>0x4313</value>
         <object_component_ref idref="oc-1fc"/>
      </symbol>
      <symbol id="sm-363">
         <name>SysCtlClockSet</name>
         <value>0x3869</value>
         <object_component_ref idref="oc-179"/>
      </symbol>
      <symbol id="sm-364">
         <name>SysCtlDelay</name>
         <value>0x432f</value>
         <object_component_ref idref="oc-cc"/>
      </symbol>
      <symbol id="sm-365">
         <name>SysCtlPeripheralEnable</name>
         <value>0x4151</value>
         <object_component_ref idref="oc-186"/>
      </symbol>
      <symbol id="sm-366">
         <name>SysCtlClockGet</name>
         <value>0x3551</value>
         <object_component_ref idref="oc-17f"/>
      </symbol>
      <symbol id="sm-367">
         <name>SysCtlPeripheralReady</name>
         <value>0x4075</value>
         <object_component_ref idref="oc-18c"/>
      </symbol>
      <symbol id="sm-3e4">
         <name>TimerLoadSet</name>
         <value>0x427d</value>
         <object_component_ref idref="oc-215"/>
      </symbol>
      <symbol id="sm-3e5">
         <name>TimerDisable</name>
         <value>0x41fd</value>
         <object_component_ref idref="oc-203"/>
      </symbol>
      <symbol id="sm-3e6">
         <name>TimerIntRegister</name>
         <value>0x4215</value>
         <object_component_ref idref="oc-227"/>
      </symbol>
      <symbol id="sm-3e7">
         <name>TimerEnable</name>
         <value>0x42ab</value>
         <object_component_ref idref="oc-21b"/>
      </symbol>
      <symbol id="sm-3e8">
         <name>TimerIntStatus</name>
         <value>0x4309</value>
         <object_component_ref idref="oc-2a5"/>
      </symbol>
      <symbol id="sm-3e9">
         <name>TimerIntDisable</name>
         <value>0x42ff</value>
         <object_component_ref idref="oc-2ab"/>
      </symbol>
      <symbol id="sm-3ea">
         <name>TimerIntEnable</name>
         <value>0x431b</value>
         <object_component_ref idref="oc-22d"/>
      </symbol>
      <symbol id="sm-3eb">
         <name>TimerClockSourceSet</name>
         <value>0x4335</value>
         <object_component_ref idref="oc-209"/>
      </symbol>
      <symbol id="sm-3ec">
         <name>TimerConfigure</name>
         <value>0x3e1d</value>
         <object_component_ref idref="oc-20f"/>
      </symbol>
      <symbol id="sm-3ed">
         <name>TimerIntClear</name>
         <value>0x433b</value>
         <object_component_ref idref="oc-221"/>
      </symbol>
      <symbol id="sm-3fe">
         <name>__aeabi_memset</name>
         <value>0x3c6b</value>
         <object_component_ref idref="oc-8c"/>
      </symbol>
      <symbol id="sm-3ff">
         <name>memset</name>
         <value>0x3c71</value>
         <object_component_ref idref="oc-8c"/>
      </symbol>
      <symbol id="sm-400">
         <name>__aeabi_memset8</name>
         <value>0x3c6b</value>
         <object_component_ref idref="oc-8c"/>
      </symbol>
      <symbol id="sm-401">
         <name>__aeabi_memset4</name>
         <value>0x3c6b</value>
         <object_component_ref idref="oc-8c"/>
      </symbol>
      <symbol id="sm-402">
         <name>__aeabi_memclr8</name>
         <value>0x3c69</value>
         <object_component_ref idref="oc-8c"/>
      </symbol>
      <symbol id="sm-403">
         <name>__aeabi_memclr4</name>
         <value>0x3c69</value>
         <object_component_ref idref="oc-8c"/>
      </symbol>
      <symbol id="sm-404">
         <name>__aeabi_memclr</name>
         <value>0x3c69</value>
         <object_component_ref idref="oc-8c"/>
      </symbol>
      <symbol id="sm-410">
         <name>__aeabi_dmul</name>
         <value>0x376d</value>
         <object_component_ref idref="oc-141"/>
      </symbol>
      <symbol id="sm-41a">
         <name>__aeabi_d2iz</name>
         <value>0x3f69</value>
         <object_component_ref idref="oc-146"/>
      </symbol>
      <symbol id="sm-426">
         <name>__aeabi_f2d</name>
         <value>0x40e5</value>
         <object_component_ref idref="oc-13c"/>
      </symbol>
      <symbol id="sm-43e">
         <name>__TI_zero_init</name>
         <value>0x42d3</value>
         <object_component_ref idref="oc-4a"/>
      </symbol>
      <symbol id="sm-455">
         <name>__TI_decompress_none</name>
         <value>0x42b9</value>
         <object_component_ref idref="oc-18"/>
      </symbol>
      <symbol id="sm-478">
         <name>__TI_decompress_lzss</name>
         <value>0x3db5</value>
         <object_component_ref idref="oc-12"/>
      </symbol>
      <symbol id="sm-48b">
         <name>__stack</name>
         <value>0x20000750</value>
         <object_component_ref idref="oc-21"/>
      </symbol>
      <symbol id="sm-48c">
         <name>_c_int00_noargs</name>
         <value>0x40ad</value>
         <object_component_ref idref="oc-56"/>
      </symbol>
      <symbol id="sm-4a7">
         <name>memcpy</name>
         <value>0x3bcd</value>
         <object_component_ref idref="oc-38"/>
      </symbol>
      <symbol id="sm-4a8">
         <name>__aeabi_memcpy</name>
         <value>0x3bcd</value>
         <object_component_ref idref="oc-38"/>
      </symbol>
      <symbol id="sm-4a9">
         <name>__aeabi_memcpy8</name>
         <value>0x3bcd</value>
         <object_component_ref idref="oc-38"/>
      </symbol>
      <symbol id="sm-4aa">
         <name>__aeabi_memcpy4</name>
         <value>0x3bcd</value>
         <object_component_ref idref="oc-38"/>
      </symbol>
      <symbol id="sm-4d2">
         <name>__TI_auto_init_nobinit_nopinit</name>
         <value>0x3ff5</value>
         <object_component_ref idref="oc-e0"/>
      </symbol>
      <symbol id="sm-4dc">
         <name>_system_pre_init</name>
         <value>0x433f</value>
         <object_component_ref idref="oc-92"/>
      </symbol>
      <symbol id="sm-4e8">
         <name>C$$EXIT</name>
         <value>0x4343</value>
         <object_component_ref idref="oc-d4"/>
      </symbol>
      <symbol id="sm-4e9">
         <name>abort</name>
         <value>0x4343</value>
         <object_component_ref idref="oc-d4"/>
      </symbol>
      <symbol id="sm-4ec">
         <name>__TI_static_base__</name>
         <value>0x0</value>
      </symbol>
      <symbol id="sm-4ef">
         <name>__mpu_init</name>
         <value>0x0</value>
      </symbol>
      <symbol id="sm-4f0">
         <name>_system_post_cinit</name>
         <value>0x0</value>
      </symbol>
   </symbol_table>
   <title>Link successful</title>
</link_info>
