******************************************************************************
                  TI ARM Linker PC v18.1.3                     
******************************************************************************
>> Linked Thu Oct 25 13:02:33 2018

OUTPUT FILE NAME:   <EM2_TIVA.out>
ENTRY POINT SYMBOL: "_c_int00_noargs"  address: 00004099


MEMORY CONFIGURATION

         name            origin    length      used     unused   attr    fill
----------------------  --------  ---------  --------  --------  ----  --------
  FLASH                 00000000   00040000  00004372  0003bc8e  R  X
  SRAM                  20000000   00008000  00000b1b  000074e5  RW X


SEGMENT ALLOCATION MAP

run origin  load origin   length   init length attrs members
----------  ----------- ---------- ----------- ----- -------
00000000    00000000    00004378   00004378    r-x
  00000000    00000000    0000026c   0000026c    r-- .intvecs
  0000026c    0000026c    00002624   00002624    r-- .const
  00002890    00002890    00001aa2   00001aa2    r-x .text
  00004338    00004338    00000040   00000040    r-- .cinit
20000000    20000000    00000b1e   00000000    rw-
  20000000    20000000    0000026c   00000000    rw- .vtable
  2000026c    2000026c    000006a1   00000000    rw- .bss
  20000910    20000910    00000200   00000000    rw- .stack
  20000b10    20000b10    0000000e   00000000    rw- .data


SECTION ALLOCATION MAP

 output                                  attributes/
section   page    origin      length       input sections
--------  ----  ----------  ----------   ----------------
.intvecs   0    00000000    0000026c     
                  00000000    0000026c     tm4c123gh6pm_startup_ccs.obj (.intvecs)

.const     0    0000026c    00002624     
                  0000026c    00002000     radix2_fft.obj (.const:twiddle1024)
                  0000226c    00000200     Source_test.obj (.const:test_sig128)
                  0000246c    000000d8     driverlib.lib : gpio.obj (.const:g_ppui32GPIOIntMapSnowflake)
                  00002544    000000c0                   : gpio.obj (.const:g_ppui32GPIOIntMapBlizzard)
                  00002604    00000090                   : gpio.obj (.const:g_pui32GPIOBaseAddrs)
                  00002694    00000080     radix2_fft.obj (.const:twiddle_array)
                  00002714    00000070     driverlib.lib : interrupt.obj (.const)
                  00002784    0000006c                   : sysctl.obj (.const:g_pui32Xtals)
                  000027f0    00000060                   : timer.obj (.const:g_ppui32TimerIntMap)
                  00002850    00000040                   : timer.obj (.const:g_ppui32TimerIntMapSnowflake)

.text      0    00002890    00001aa2     
                  00002890    00000528     radix2_fft.obj (.text)
                  00002db8    00000278     hal_gpio.obj (.text)
                  00003030    00000260     hal_timer2.obj (.text)
                  00003290    0000018c     Source_test.obj (.text)
                  0000341c    00000132     driverlib.lib : gpio.obj (.text:GPIOPadConfigSet)
                  0000354e    00000002     --HOLE-- [fill = 0]
                  00003550    00000110                   : sysctl.obj (.text:SysCtlClockGet)
                  00003660    000000fc     dl_AD5601.obj (.text)
                  0000375c    000000fc     rtsv7M4_T_le_v4SPD16_eabi.lib : fd_mul_t2.asm.obj (.text)
                  00003858    000000f4     driverlib.lib : sysctl.obj (.text:SysCtlClockSet)
                  0000394c    000000ec     hal_ssi2.obj (.text)
                  00003a38    000000e4     Scramble_data.obj (.text)
                  00003b1c    0000009c     hal_timer3.obj (.text)
                  00003bb8    0000009c     rtsv7M4_T_le_v4SPD16_eabi.lib : memcpy_t2.asm.obj (.text)
                  00003c54    0000007a                                   : memset_t2.asm.obj (.text)
                  00003cce    00000002     --HOLE-- [fill = 0]
                  00003cd0    00000068     driverlib.lib : interrupt.obj (.text:IntDisable)
                  00003d38    00000068                   : interrupt.obj (.text:IntEnable)
                  00003da0    00000068     rtsv7M4_T_le_v4SPD16_eabi.lib : copy_decompress_lzss.c.obj (.text:decompress:lzss:__TI_decompress_lzss)
                  00003e08    00000060     driverlib.lib : timer.obj (.text:TimerConfigure)
                  00003e68    00000056                   : gpio.obj (.text:GPIOIntTypeSet)
                  00003ebe    00000002     --HOLE-- [fill = 0]
                  00003ec0    0000004c                   : timer.obj (.text:_TimerIntNumberGet)
                  00003f0c    00000048                   : gpio.obj (.text:GPIOPinConfigure)
                  00003f54    00000048     rtsv7M4_T_le_v4SPD16_eabi.lib : fd_toi_t2.asm.obj (.text)
                  00003f9c    00000044     driverlib.lib : gpio.obj (.text:_GPIOIntNumberGet)
                  00003fe0    00000044     rtsv7M4_T_le_v4SPD16_eabi.lib : autoinit.c.obj (.text:__TI_auto_init_nobinit_nopinit:__TI_auto_init_nobinit_nopinit)
                  00004024    0000003c     driverlib.lib : ssi.obj (.text:SSIConfigSetExpClk)
                  00004060    00000038                   : sysctl.obj (.text:SysCtlPeripheralReady)
                  00004098    00000038     rtsv7M4_T_le_v4SPD16_eabi.lib : boot_cortex_m.c.obj (.text:_c_int00_noargs:_c_int00_noargs)
                  000040d0    00000038                                   : fs_tod_t2.asm.obj (.text)
                  00004108    00000034     driverlib.lib : interrupt.obj (.text:IntRegister)
                  0000413c    00000034                   : sysctl.obj (.text:SysCtlPeripheralEnable)
                  00004170    0000002a                   : gpio.obj (.text:GPIODirModeSet)
                  0000419a    0000001e     main.obj (.text)
                  000041b8    00000018     driverlib.lib : gpio.obj (.text:GPIOIntRegister)
                  000041d0    00000018                   : gpio.obj (.text:GPIOPinTypeGPIOOutput)
                  000041e8    00000018                   : timer.obj (.text:TimerDisable)
                  00004200    00000018                   : timer.obj (.text:TimerIntRegister)
                  00004218    00000018     hal_usc.obj (.text)
                  00004230    00000014     hal_init.obj (.text)
                  00004244    00000012     driverlib.lib : gpio.obj (.text:GPIOPinTypeGPIOInput)
                  00004256    00000012                   : gpio.obj (.text:GPIOPinTypeSSI)
                  00004268    00000012                   : timer.obj (.text:TimerLoadSet)
                  0000427a    0000000e                   : gpio.obj (.text:GPIOIntDisable)
                  00004288    0000000e                   : gpio.obj (.text:GPIOIntStatus)
                  00004296    0000000e                   : timer.obj (.text:TimerEnable)
                  000042a4    0000000e     rtsv7M4_T_le_v4SPD16_eabi.lib : copy_decompress_none.c.obj (.text:decompress:none:__TI_decompress_none)
                  000042b2    0000000c     driverlib.lib : gpio.obj (.text:GPIOIntEnable)
                  000042be    0000000c     rtsv7M4_T_le_v4SPD16_eabi.lib : copy_zero_init.c.obj (.text:decompress:ZI:__TI_zero_init)
                  000042ca    0000000c     tm4c123gh6pm_startup_ccs.obj (.text)
                  000042d6    0000000a     driverlib.lib : ssi.obj (.text:SSIDataPut)
                  000042e0    0000000a                   : ssi.obj (.text:SSIEnable)
                  000042ea    0000000a                   : timer.obj (.text:TimerIntDisable)
                  000042f4    0000000a                   : timer.obj (.text:TimerIntStatus)
                  000042fe    00000008                   : ssi.obj (.text:SSIBusy)
                  00004306    00000008                   : timer.obj (.text:TimerIntEnable)
                  0000430e    00000006                   : gpio.obj (.text:GPIOIntClear)
                  00004314    00000006                   : gpio.obj (.text:GPIOPinWrite)
                  0000431a    00000006                   : sysctl.obj (.text:SysCtlDelay)
                  00004320    00000006                   : timer.obj (.text:TimerClockSourceSet)
                  00004326    00000004                   : timer.obj (.text:TimerIntClear)
                  0000432a    00000004     rtsv7M4_T_le_v4SPD16_eabi.lib : pre_init.c.obj (.text:_system_pre_init)
                  0000432e    00000004                                   : exit.c.obj (.text:abort:abort)

.cinit     0    00004338    00000040     
                  00004338    0000000c     (__TI_handler_table)
                  00004344    00000004     --HOLE-- [fill = 0]
                  00004348    00000008     (.cinit..bss.load) [load image, compression = zero_init]
                  00004350    00000008     (.cinit..vtable.load) [load image, compression = zero_init]
                  00004358    00000007     (.cinit..data.load) [load image, compression = lzss]
                  0000435f    00000001     --HOLE-- [fill = 0]
                  00004360    00000018     (__TI_cinit_table)

.init_array 
*          0    00000000    00000000     UNINITIALIZED

.vtable    0    20000000    0000026c     UNINITIALIZED
                  20000000    0000026c     driverlib.lib : interrupt.obj (.vtable)

.bss       0    2000026c    000006a1     UNINITIALIZED
                  2000026c    0000049c     (.common:sensor_data_)
                  20000708    00000205     (.common:Radar_com_)

.data      0    20000b10    0000000e     UNINITIALIZED
                  20000b10    00000008     hal_timer3.obj (.data)
                  20000b18    00000004     hal_timer2.obj (.data)
                  20000b1c    00000001     Source_test.obj (.data)
                  20000b1d    00000001     hal_gpio.obj (.data)

.stack     0    20000910    00000200     UNINITIALIZED
                  20000910    00000004     rtsv7M4_T_le_v4SPD16_eabi.lib : boot_cortex_m.c.obj (.stack)
                  20000914    000001fc     --HOLE--

MODULE SUMMARY

       Module                         code   ro data   rw data
       ------                         ----   -------   -------
    .\
       tm4c123gh6pm_startup_ccs.obj   12     620       0      
       main.obj                       30     0         0      
    +--+------------------------------+------+---------+---------+
       Total:                         42     620       0      
                                                              
    .\F_AL\
       radix2_fft.obj                 1320   8320      0      
       Source_test.obj                396    512       1      
       Scramble_data.obj              228    0         0      
    +--+------------------------------+------+---------+---------+
       Total:                         1944   8832      1      
                                                              
    .\F_DL\
       dl_general.obj                 0      0         1180   
       dl_AD5601.obj                  252    0         0      
    +--+------------------------------+------+---------+---------+
       Total:                         252    0         1180   
                                                              
    .\F_HAL\
       hal_ssi2.obj                   236    0         517    
       hal_gpio.obj                   632    0         1      
       hal_timer2.obj                 608    0         4      
       hal_timer3.obj                 156    0         8      
       hal_usc.obj                    24     0         0      
       hal_init.obj                   20     0         0      
    +--+------------------------------+------+---------+---------+
       Total:                         1676   0         530    
                                                              
    D:/Tiva/TivaWare/driverlib/ccs/Debug/driverlib.lib
       gpio.obj                       710    552       0      
       interrupt.obj                  260    112       620    
       sysctl.obj                     630    108       0      
       timer.obj                      290    160       0      
       ssi.obj                        88     0         0      
    +--+------------------------------+------+---------+---------+
       Total:                         1978   932       620    
                                                              
    D:\Programs\TI_CodeComp\ccsv8\tools\compiler\ti-cgt-arm_18.1.3.LTS\lib\rtsv7M4_T_le_v4SPD16_eabi.lib
       fd_mul_t2.asm.obj              252    0         0      
       memcpy_t2.asm.obj              156    0         0      
       memset_t2.asm.obj              122    0         0      
       copy_decompress_lzss.c.obj     104    0         0      
       fd_toi_t2.asm.obj              72     0         0      
       autoinit.c.obj                 68     0         0      
       boot_cortex_m.c.obj            56     0         0      
       fs_tod_t2.asm.obj              56     0         0      
       copy_decompress_none.c.obj     14     0         0      
       copy_zero_init.c.obj           12     0         0      
       exit.c.obj                     4      0         0      
       pre_init.c.obj                 4      0         0      
    +--+------------------------------+------+---------+---------+
       Total:                         920    0         0      
                                                              
       Stack:                         0      0         512    
       Linker Generated:              0      59        0      
    +--+------------------------------+------+---------+---------+
       Grand Total:                   6812   10443     2843   


LINKER GENERATED COPY TABLES

__TI_cinit_table @ 00004360 records: 3, size/record: 8, table size: 24
	.bss: load addr=00004348, load size=00000008 bytes, run addr=2000026c, run size=000006a1 bytes, compression=zero_init
	.vtable: load addr=00004350, load size=00000008 bytes, run addr=20000000, run size=0000026c bytes, compression=zero_init
	.data: load addr=00004358, load size=00000007 bytes, run addr=20000b10, run size=0000000e bytes, compression=lzss


LINKER GENERATED HANDLER TABLE

__TI_handler_table @ 00004338 records: 3, size/record: 4, table size: 12
	index: 0, handler: __TI_zero_init
	index: 1, handler: __TI_decompress_lzss
	index: 2, handler: __TI_decompress_none


GLOBAL SYMBOLS: SORTED ALPHABETICALLY BY Name 

address   name                          
-------   ----                          
0000432f  C$$EXIT                       
00004171  GPIODirModeSet                
0000430f  GPIOIntClear                  
0000427b  GPIOIntDisable                
000042b3  GPIOIntEnable                 
000041b9  GPIOIntRegister               
00004289  GPIOIntStatus                 
00003e69  GPIOIntTypeSet                
0000341d  GPIOPadConfigSet              
00003f0d  GPIOPinConfigure              
00004245  GPIOPinTypeGPIOInput          
000041d1  GPIOPinTypeGPIOOutput         
00004257  GPIOPinTypeSSI                
00004315  GPIOPinWrite                  
00003cd1  IntDisable                    
00003d39  IntEnable                     
00004109  IntRegister                   
20000708  Radar_com_                    
000042cb  ResetISR                      
000042ff  SSIBusy                       
00004025  SSIConfigSetExpClk            
000042d7  SSIDataPut                    
000042e1  SSIEnable                     
00003a39  Scramble_data                 
00003551  SysCtlClockGet                
00003859  SysCtlClockSet                
0000431b  SysCtlDelay                   
0000413d  SysCtlPeripheralEnable        
00004061  SysCtlPeripheralReady         
00004321  TimerClockSourceSet           
00003e09  TimerConfigure                
000041e9  TimerDisable                  
00004297  TimerEnable                   
00004327  TimerIntClear                 
000042eb  TimerIntDisable               
00004307  TimerIntEnable                
00004201  TimerIntRegister              
000042f5  TimerIntStatus                
00004269  TimerLoadSet                  
20000b10  __STACK_END                   
00000200  __STACK_SIZE                  
20000b10  __STACK_TOP                   
00004360  __TI_CINIT_Base               
00004378  __TI_CINIT_Limit              
00004338  __TI_Handler_Table_Base       
00004344  __TI_Handler_Table_Limit      
00003fe1  __TI_auto_init_nobinit_nopinit
00003da1  __TI_decompress_lzss          
000042a5  __TI_decompress_none          
ffffffff  __TI_pprof_out_hndl           
ffffffff  __TI_prof_data_size           
ffffffff  __TI_prof_data_start          
00000000  __TI_static_base__            
000042bf  __TI_zero_init                
00003f55  __aeabi_d2iz                  
0000375d  __aeabi_dmul                  
000040d1  __aeabi_f2d                   
00003c55  __aeabi_memclr                
00003c55  __aeabi_memclr4               
00003c55  __aeabi_memclr8               
00003bb9  __aeabi_memcpy                
00003bb9  __aeabi_memcpy4               
00003bb9  __aeabi_memcpy8               
00003c57  __aeabi_memset                
00003c57  __aeabi_memset4               
00003c57  __aeabi_memset8               
ffffffff  __binit__                     
ffffffff  __c_args__                    
UNDEFED   __mpu_init                    
20000910  __stack                       
00004099  _c_int00_noargs               
UNDEFED   _system_post_cinit            
0000432b  _system_pre_init              
0000432f  abort                         
ffffffff  binit                         
00003291  clear_test_vect               
00002dd5  configPort_A                  
00002e09  configPort_B                  
00002e51  configPort_C                  
00002e77  configPort_D                  
00002ed1  configPort_E                  
00002f0d  configPort_F                  
000036c5  dlAdc56WriteCommand           
00003661  dlAdc56WriteSetpoint          
00002891  do_fft_radix2                 
00002f57  extIntBHandler                
00002fbf  extIntFHandler                
00002b11  fft_radix2_var                
20000000  g_pfnRAMVectors               
00000000  g_pfnVectors                  
00004223  getClkValue                   
00002d65  get_num_stage                 
00003b97  get_systime_us                
20000b10  gptm_systime_64us_steps       
000039b5  halAD5601Transmit             
00002db9  halGpioInit                   
0000394d  halSSI2Init                   
000031bd  halStartTimer2_A              
000031ed  halStartTimer2_B              
00003227  halStartTimer2_Both           
000031d1  halStopTimer2_A               
00003205  halStopTimer2_B               
0000323f  halStopTimer2_Both            
00004219  halSysClkInit                 
00003031  halTimer2Init                 
00003b1d  hal_GPTM_init                 
00004231  hal_init                      
00003a07  is_AD5601_com_busy            
20000b1d  is_switch_active              
0000419b  main                          
00003bb9  memcpy                        
00003c5d  memset                        
2000026c  sensor_data_                  
000032fb  test_fft                      
00003355  test_rampe_ADC56              
000030a3  timer2ISR                     
00003b77  timer3ISR                     


GLOBAL SYMBOLS: SORTED BY Symbol Address 

address   name                          
-------   ----                          
00000000  __TI_static_base__            
00000000  g_pfnVectors                  
00000200  __STACK_SIZE                  
00002891  do_fft_radix2                 
00002b11  fft_radix2_var                
00002d65  get_num_stage                 
00002db9  halGpioInit                   
00002dd5  configPort_A                  
00002e09  configPort_B                  
00002e51  configPort_C                  
00002e77  configPort_D                  
00002ed1  configPort_E                  
00002f0d  configPort_F                  
00002f57  extIntBHandler                
00002fbf  extIntFHandler                
00003031  halTimer2Init                 
000030a3  timer2ISR                     
000031bd  halStartTimer2_A              
000031d1  halStopTimer2_A               
000031ed  halStartTimer2_B              
00003205  halStopTimer2_B               
00003227  halStartTimer2_Both           
0000323f  halStopTimer2_Both            
00003291  clear_test_vect               
000032fb  test_fft                      
00003355  test_rampe_ADC56              
0000341d  GPIOPadConfigSet              
00003551  SysCtlClockGet                
00003661  dlAdc56WriteSetpoint          
000036c5  dlAdc56WriteCommand           
0000375d  __aeabi_dmul                  
00003859  SysCtlClockSet                
0000394d  halSSI2Init                   
000039b5  halAD5601Transmit             
00003a07  is_AD5601_com_busy            
00003a39  Scramble_data                 
00003b1d  hal_GPTM_init                 
00003b77  timer3ISR                     
00003b97  get_systime_us                
00003bb9  __aeabi_memcpy                
00003bb9  __aeabi_memcpy4               
00003bb9  __aeabi_memcpy8               
00003bb9  memcpy                        
00003c55  __aeabi_memclr                
00003c55  __aeabi_memclr4               
00003c55  __aeabi_memclr8               
00003c57  __aeabi_memset                
00003c57  __aeabi_memset4               
00003c57  __aeabi_memset8               
00003c5d  memset                        
00003cd1  IntDisable                    
00003d39  IntEnable                     
00003da1  __TI_decompress_lzss          
00003e09  TimerConfigure                
00003e69  GPIOIntTypeSet                
00003f0d  GPIOPinConfigure              
00003f55  __aeabi_d2iz                  
00003fe1  __TI_auto_init_nobinit_nopinit
00004025  SSIConfigSetExpClk            
00004061  SysCtlPeripheralReady         
00004099  _c_int00_noargs               
000040d1  __aeabi_f2d                   
00004109  IntRegister                   
0000413d  SysCtlPeripheralEnable        
00004171  GPIODirModeSet                
0000419b  main                          
000041b9  GPIOIntRegister               
000041d1  GPIOPinTypeGPIOOutput         
000041e9  TimerDisable                  
00004201  TimerIntRegister              
00004219  halSysClkInit                 
00004223  getClkValue                   
00004231  hal_init                      
00004245  GPIOPinTypeGPIOInput          
00004257  GPIOPinTypeSSI                
00004269  TimerLoadSet                  
0000427b  GPIOIntDisable                
00004289  GPIOIntStatus                 
00004297  TimerEnable                   
000042a5  __TI_decompress_none          
000042b3  GPIOIntEnable                 
000042bf  __TI_zero_init                
000042cb  ResetISR                      
000042d7  SSIDataPut                    
000042e1  SSIEnable                     
000042eb  TimerIntDisable               
000042f5  TimerIntStatus                
000042ff  SSIBusy                       
00004307  TimerIntEnable                
0000430f  GPIOIntClear                  
00004315  GPIOPinWrite                  
0000431b  SysCtlDelay                   
00004321  TimerClockSourceSet           
00004327  TimerIntClear                 
0000432b  _system_pre_init              
0000432f  C$$EXIT                       
0000432f  abort                         
00004338  __TI_Handler_Table_Base       
00004344  __TI_Handler_Table_Limit      
00004360  __TI_CINIT_Base               
00004378  __TI_CINIT_Limit              
20000000  g_pfnRAMVectors               
2000026c  sensor_data_                  
20000708  Radar_com_                    
20000910  __stack                       
20000b10  __STACK_END                   
20000b10  __STACK_TOP                   
20000b10  gptm_systime_64us_steps       
20000b1d  is_switch_active              
ffffffff  __TI_pprof_out_hndl           
ffffffff  __TI_prof_data_size           
ffffffff  __TI_prof_data_start          
ffffffff  __binit__                     
ffffffff  __c_args__                    
ffffffff  binit                         
UNDEFED   __mpu_init                    
UNDEFED   _system_post_cinit            

[117 symbols]
