******************************************************************************
                  TI ARM Linker PC v18.1.3                     
******************************************************************************
>> Linked Wed Oct 31 08:57:16 2018

OUTPUT FILE NAME:   <EM2_TIVA.out>
ENTRY POINT SYMBOL: "_c_int00_noargs"  address: 00004281


MEMORY CONFIGURATION

         name            origin    length      used     unused   attr    fill
----------------------  --------  ---------  --------  --------  ----  --------
  FLASH                 00000000   00040000  000045e0  0003ba20  R  X
  SRAM                  20000000   00008000  00001594  00006a6c  RW X


SEGMENT ALLOCATION MAP

run origin  load origin   length   init length attrs members
----------  ----------- ---------- ----------- ----- -------
00000000    00000000    000045e0   000045e0    r-x
  00000000    00000000    0000026c   0000026c    r-- .intvecs
  0000026c    0000026c    00002624   00002624    r-- .const
  00002890    00002890    00001d00   00001d00    r-x .text
  00004590    00004590    00000050   00000050    r-- .cinit
20000000    20000000    00001596   00000000    rw-
  20000000    20000000    0000026c   00000000    rw- .vtable
  2000026c    2000026c    000010e2   00000000    rw- .bss
  20001350    20001350    00000200   00000000    rw- .stack
  20001550    20001550    00000046   00000000    rw- .data


SECTION ALLOCATION MAP

 output                                  attributes/
section   page    origin      length       input sections
--------  ----  ----------  ----------   ----------------
.intvecs   0    00000000    0000026c     
                  00000000    0000026c     tm4c123gh6pm_startup_ccs.obj (.intvecs)

.const     0    0000026c    00002624     
                  0000026c    00002000     radix2_fft.obj (.const:twiddle1024)
                  0000226c    00000200     Source_test.obj (.const:test_sig128)
                  0000246c    000000d8     driverlib.lib : gpio.obj (.const:g_ppui32GPIOIntMapSnowflake)
                  00002544    000000c0                   : gpio.obj (.const:g_ppui32GPIOIntMapBlizzard)
                  00002604    00000090                   : gpio.obj (.const:g_pui32GPIOBaseAddrs)
                  00002694    00000080     radix2_fft.obj (.const:twiddle_array)
                  00002714    00000070     driverlib.lib : interrupt.obj (.const)
                  00002784    0000006c                   : sysctl.obj (.const:g_pui32Xtals)
                  000027f0    00000060                   : timer.obj (.const:g_ppui32TimerIntMap)
                  00002850    00000040                   : timer.obj (.const:g_ppui32TimerIntMapSnowflake)

.text      0    00002890    00001d00     
                  00002890    00000528     radix2_fft.obj (.text)
                  00002db8    00000278     hal_gpio.obj (.text)
                  00003030    00000260     hal_timer2.obj (.text)
                  00003290    000001d8     hal_adc.obj (.text)
                  00003468    00000180     Source_test.obj (.text)
                  000035e8    00000132     driverlib.lib : gpio.obj (.text:GPIOPadConfigSet)
                  0000371a    00000002     --HOLE-- [fill = 0]
                  0000371c    00000110                   : sysctl.obj (.text:SysCtlClockGet)
                  0000382c    0000010c     dl_AD5601.obj (.text)
                  00003938    000000f4     driverlib.lib : sysctl.obj (.text:SysCtlClockSet)
                  00003a2c    000000f0     hal_ssi2.obj (.text)
                  00003b1c    000000e4     Scramble_data.obj (.text)
                  00003c00    0000009c     hal_timer3.obj (.text)
                  00003c9c    0000009c     rtsv7M4_T_le_v4SPD16_eabi.lib : memcpy_t2.asm.obj (.text)
                  00003d38    00000084     driverlib.lib : udma.obj (.text:uDMAChannelTransferSet)
                  00003dbc    0000007a                   : adc.obj (.text:ADCSequenceStepConfigure)
                  00003e36    0000007a     rtsv7M4_T_le_v4SPD16_eabi.lib : memset_t2.asm.obj (.text)
                  00003eb0    00000068     driverlib.lib : interrupt.obj (.text:IntDisable)
                  00003f18    00000068                   : interrupt.obj (.text:IntEnable)
                  00003f80    00000068     rtsv7M4_T_le_v4SPD16_eabi.lib : copy_decompress_lzss.c.obj (.text:decompress:lzss:__TI_decompress_lzss)
                  00003fe8    00000060     driverlib.lib : timer.obj (.text:TimerConfigure)
                  00004048    00000056                   : gpio.obj (.text:GPIOIntTypeSet)
                  0000409e    00000050                   : adc.obj (.text:ADCSequenceConfigure)
                  000040ee    00000002     --HOLE-- [fill = 0]
                  000040f0    0000004c                   : timer.obj (.text:_TimerIntNumberGet)
                  0000413c    00000048                   : gpio.obj (.text:GPIOPinConfigure)
                  00004184    00000044                   : gpio.obj (.text:_GPIOIntNumberGet)
                  000041c8    00000044     rtsv7M4_T_le_v4SPD16_eabi.lib : autoinit.c.obj (.text:__TI_auto_init_nobinit_nopinit:__TI_auto_init_nobinit_nopinit)
                  0000420c    0000003c     driverlib.lib : ssi.obj (.text:SSIConfigSetExpClk)
                  00004248    00000038                   : sysctl.obj (.text:SysCtlPeripheralReady)
                  00004280    00000038     rtsv7M4_T_le_v4SPD16_eabi.lib : boot_cortex_m.c.obj (.text:_c_int00_noargs:_c_int00_noargs)
                  000042b8    00000034     driverlib.lib : interrupt.obj (.text:IntRegister)
                  000042ec    00000034                   : sysctl.obj (.text:SysCtlPeripheralEnable)
                  00004320    0000002a                   : gpio.obj (.text:GPIODirModeSet)
                  0000434a    0000001e                   : adc.obj (.text:ADCSequenceDataGet)
                  00004368    0000001e     main.obj (.text)
                  00004386    0000001a     hal_init.obj (.text)
                  000043a0    00000018     driverlib.lib : adc.obj (.text:ADCProcessorTrigger)
                  000043b8    00000018                   : gpio.obj (.text:GPIOIntRegister)
                  000043d0    00000018                   : gpio.obj (.text:GPIOPinTypeGPIOOutput)
                  000043e8    00000018                   : timer.obj (.text:TimerDisable)
                  00004400    00000018                   : timer.obj (.text:TimerIntRegister)
                  00004418    00000018     hal_usc.obj (.text)
                  00004430    00000018     driverlib.lib : udma.obj (.text:uDMAChannelEnable)
                  00004448    00000012                   : gpio.obj (.text:GPIOPinTypeADC)
                  0000445a    00000012                   : gpio.obj (.text:GPIOPinTypeGPIOInput)
                  0000446c    00000012                   : gpio.obj (.text:GPIOPinTypeSSI)
                  0000447e    00000012                   : timer.obj (.text:TimerLoadSet)
                  00004490    0000000e                   : adc.obj (.text:ADCHardwareOversampleConfigure)
                  0000449e    0000000e                   : adc.obj (.text:ADCSequenceDisable)
                  000044ac    0000000e                   : adc.obj (.text:ADCSequenceEnable)
                  000044ba    0000000e                   : gpio.obj (.text:GPIOIntDisable)
                  000044c8    0000000e                   : gpio.obj (.text:GPIOIntStatus)
                  000044d6    0000000e                   : timer.obj (.text:TimerEnable)
                  000044e4    0000000e     rtsv7M4_T_le_v4SPD16_eabi.lib : copy_decompress_none.c.obj (.text:decompress:none:__TI_decompress_none)
                  000044f2    0000000c     driverlib.lib : adc.obj (.text:ADCReferenceSet)
                  000044fe    0000000c                   : gpio.obj (.text:GPIOIntEnable)
                  0000450a    0000000c     rtsv7M4_T_le_v4SPD16_eabi.lib : copy_zero_init.c.obj (.text:decompress:ZI:__TI_zero_init)
                  00004516    0000000c     tm4c123gh6pm_startup_ccs.obj (.text)
                  00004522    0000000a     driverlib.lib : adc.obj (.text:ADCIntClear)
                  0000452c    0000000a                   : ssi.obj (.text:SSIDataPut)
                  00004536    0000000a                   : ssi.obj (.text:SSIEnable)
                  00004540    0000000a                   : timer.obj (.text:TimerIntDisable)
                  0000454a    0000000a                   : timer.obj (.text:TimerIntStatus)
                  00004554    00000008                   : adc.obj (.text:ADCBusy)
                  0000455c    00000008                   : ssi.obj (.text:SSIBusy)
                  00004564    00000008                   : timer.obj (.text:TimerIntEnable)
                  0000456c    00000006                   : gpio.obj (.text:GPIOIntClear)
                  00004572    00000006                   : gpio.obj (.text:GPIOPinWrite)
                  00004578    00000006                   : sysctl.obj (.text:SysCtlDelay)
                  0000457e    00000006                   : timer.obj (.text:TimerClockSourceSet)
                  00004584    00000004                   : timer.obj (.text:TimerIntClear)
                  00004588    00000004     rtsv7M4_T_le_v4SPD16_eabi.lib : pre_init.c.obj (.text:_system_pre_init)
                  0000458c    00000004                                   : exit.c.obj (.text:abort:abort)

.cinit     0    00004590    00000050     
                  00004590    00000015     (.cinit..data.load) [load image, compression = lzss]
                  000045a5    00000003     --HOLE-- [fill = 0]
                  000045a8    0000000c     (__TI_handler_table)
                  000045b4    00000004     --HOLE-- [fill = 0]
                  000045b8    00000008     (.cinit..bss.load) [load image, compression = zero_init]
                  000045c0    00000008     (.cinit..vtable.load) [load image, compression = zero_init]
                  000045c8    00000018     (__TI_cinit_table)

.init_array 
*          0    00000000    00000000     UNINITIALIZED

.vtable    0    20000000    0000026c     UNINITIALIZED
                  20000000    0000026c     driverlib.lib : interrupt.obj (.vtable)

.bss       0    2000026c    000010e2     UNINITIALIZED
                  2000026c    0000109c     (.common:sensor_data_)
                  20001308    00000046     (.common:Radar_com_)

.data      0    20001550    00000046     UNINITIALIZED
                  20001550    00000020     hal_adc.obj (.data:buffer)
                  20001570    00000010     Source_test.obj (.data)
                  20001580    00000008     hal_timer3.obj (.data)
                  20001588    00000008     hal_adc.obj (.data:radar_adc_)
                  20001590    00000004     hal_timer2.obj (.data)
                  20001594    00000001     hal_adc.obj (.data)
                  20001595    00000001     hal_gpio.obj (.data)

.stack     0    20001350    00000200     UNINITIALIZED
                  20001350    00000004     rtsv7M4_T_le_v4SPD16_eabi.lib : boot_cortex_m.c.obj (.stack)
                  20001354    000001fc     --HOLE--

MODULE SUMMARY

       Module                         code   ro data   rw data
       ------                         ----   -------   -------
    .\
       tm4c123gh6pm_startup_ccs.obj   12     620       0      
       main.obj                       30     0         0      
    +--+------------------------------+------+---------+---------+
       Total:                         42     620       0      
                                                              
    .\F_AL\
       radix2_fft.obj                 1320   8320      0      
       Source_test.obj                384    512       16     
       Scramble_data.obj              228    0         0      
    +--+------------------------------+------+---------+---------+
       Total:                         1932   8832      16     
                                                              
    .\F_DL\
       dl_general.obj                 0      0         4252   
       dl_AD5601.obj                  268    0         70     
    +--+------------------------------+------+---------+---------+
       Total:                         268    0         4322   
                                                              
    .\F_HAL\
       hal_gpio.obj                   632    0         1      
       hal_timer2.obj                 608    0         4      
       hal_adc.obj                    472    0         41     
       hal_ssi2.obj                   240    0         0      
       hal_timer3.obj                 156    0         8      
       hal_init.obj                   26     0         0      
       hal_usc.obj                    24     0         0      
    +--+------------------------------+------+---------+---------+
       Total:                         2158   0         54     
                                                              
    D:/Tiva/TivaWare/driverlib/ccs/Debug/driverlib.lib
       gpio.obj                       728    552       0      
       interrupt.obj                  260    112       620    
       sysctl.obj                     630    108       0      
       timer.obj                      290    160       0      
       adc.obj                        328    0         0      
       udma.obj                       156    0         0      
       ssi.obj                        88     0         0      
    +--+------------------------------+------+---------+---------+
       Total:                         2480   932       620    
                                                              
    D:\Programs\TI_CodeComp\ccsv8\tools\compiler\ti-cgt-arm_18.1.3.LTS\lib\rtsv7M4_T_le_v4SPD16_eabi.lib
       memcpy_t2.asm.obj              156    0         0      
       memset_t2.asm.obj              122    0         0      
       copy_decompress_lzss.c.obj     104    0         0      
       autoinit.c.obj                 68     0         0      
       boot_cortex_m.c.obj            56     0         0      
       copy_decompress_none.c.obj     14     0         0      
       copy_zero_init.c.obj           12     0         0      
       exit.c.obj                     4      0         0      
       pre_init.c.obj                 4      0         0      
    +--+------------------------------+------+---------+---------+
       Total:                         540    0         0      
                                                              
       Stack:                         0      0         512    
       Linker Generated:              0      73        0      
    +--+------------------------------+------+---------+---------+
       Grand Total:                   7420   10457     5524   


LINKER GENERATED COPY TABLES

__TI_cinit_table @ 000045c8 records: 3, size/record: 8, table size: 24
	.data: load addr=00004590, load size=00000015 bytes, run addr=20001550, run size=00000046 bytes, compression=lzss
	.bss: load addr=000045b8, load size=00000008 bytes, run addr=2000026c, run size=000010e2 bytes, compression=zero_init
	.vtable: load addr=000045c0, load size=00000008 bytes, run addr=20000000, run size=0000026c bytes, compression=zero_init


LINKER GENERATED HANDLER TABLE

__TI_handler_table @ 000045a8 records: 3, size/record: 4, table size: 12
	index: 0, handler: __TI_zero_init
	index: 1, handler: __TI_decompress_lzss
	index: 2, handler: __TI_decompress_none


GLOBAL SYMBOLS: SORTED ALPHABETICALLY BY Name 

address   name                          
-------   ----                          
000033b3  ADC1ISR                       
00004555  ADCBusy                       
00004491  ADCHardwareOversampleConfigure
00004523  ADCIntClear                   
000043a1  ADCProcessorTrigger           
000044f3  ADCReferenceSet               
0000409f  ADCSequenceConfigure          
0000434b  ADCSequenceDataGet            
0000449f  ADCSequenceDisable            
000044ad  ADCSequenceEnable             
00003dbd  ADCSequenceStepConfigure      
0000458d  C$$EXIT                       
00004321  GPIODirModeSet                
0000456d  GPIOIntClear                  
000044bb  GPIOIntDisable                
000044ff  GPIOIntEnable                 
000043b9  GPIOIntRegister               
000044c9  GPIOIntStatus                 
00004049  GPIOIntTypeSet                
000035e9  GPIOPadConfigSet              
0000413d  GPIOPinConfigure              
00004449  GPIOPinTypeADC                
0000445b  GPIOPinTypeGPIOInput          
000043d1  GPIOPinTypeGPIOOutput         
0000446d  GPIOPinTypeSSI                
00004573  GPIOPinWrite                  
00003eb1  IntDisable                    
00003f19  IntEnable                     
000042b9  IntRegister                   
20001308  Radar_com_                    
00004517  ResetISR                      
0000455d  SSIBusy                       
0000420d  SSIConfigSetExpClk            
0000452d  SSIDataPut                    
00004537  SSIEnable                     
00003b1d  Scramble_data                 
0000371d  SysCtlClockGet                
00003939  SysCtlClockSet                
00004579  SysCtlDelay                   
000042ed  SysCtlPeripheralEnable        
00004249  SysCtlPeripheralReady         
0000457f  TimerClockSourceSet           
00003fe9  TimerConfigure                
000043e9  TimerDisable                  
000044d7  TimerEnable                   
00004585  TimerIntClear                 
00004541  TimerIntDisable               
00004565  TimerIntEnable                
00004401  TimerIntRegister              
0000454b  TimerIntStatus                
0000447f  TimerLoadSet                  
20001550  __STACK_END                   
00000200  __STACK_SIZE                  
20001550  __STACK_TOP                   
000045c8  __TI_CINIT_Base               
000045e0  __TI_CINIT_Limit              
000045a8  __TI_Handler_Table_Base       
000045b4  __TI_Handler_Table_Limit      
000041c9  __TI_auto_init_nobinit_nopinit
00003f81  __TI_decompress_lzss          
000044e5  __TI_decompress_none          
ffffffff  __TI_pprof_out_hndl           
ffffffff  __TI_prof_data_size           
ffffffff  __TI_prof_data_start          
00000000  __TI_static_base__            
0000450b  __TI_zero_init                
00003e37  __aeabi_memclr                
00003e37  __aeabi_memclr4               
00003e37  __aeabi_memclr8               
00003c9d  __aeabi_memcpy                
00003c9d  __aeabi_memcpy4               
00003c9d  __aeabi_memcpy8               
00003e39  __aeabi_memset                
00003e39  __aeabi_memset4               
00003e39  __aeabi_memset8               
ffffffff  __binit__                     
ffffffff  __c_args__                    
UNDEFED   __mpu_init                    
20001350  __stack                       
00004281  _c_int00_noargs               
UNDEFED   _system_post_cinit            
00004589  _system_pre_init              
0000458d  abort                         
20001594  adc_finished_                 
ffffffff  binit                         
20001550  buffer                        
00003469  clear_test_vect               
00002dd5  configPort_A                  
00002e09  configPort_B                  
00002e51  configPort_C                  
00002e77  configPort_D                  
00002ed1  configPort_E                  
00002f0d  configPort_F                  
00003893  dlAdc56WriteCommand           
0000382d  dlAdc56WriteSetpoint          
00002891  do_fft_radix2                 
00002f57  extIntBHandler                
00002fbf  extIntFHandler                
00002b11  fft_radix2_var                
20000000  g_pfnRAMVectors               
00000000  g_pfnVectors                  
00004423  getClkValue                   
00002d65  get_num_stage                 
00003c7b  get_systime_us                
20001580  gptm_systime_64us_steps       
00003a95  halAD5601Transmit             
00003291  halAdc0Init                   
00003339  halAdc1Init                   
000033e1  halGetAdcSamples              
00002db9  halGpioInit                   
00003409  halRadarSamplesIQ             
00003a2d  halSSI2Init                   
000031bd  halStartTimer2_A              
000031ed  halStartTimer2_B              
00003227  halStartTimer2_Both           
000031d1  halStopTimer2_A               
00003205  halStopTimer2_B               
0000323f  halStopTimer2_Both            
00004419  halSysClkInit                 
00003031  halTimer2Init                 
00003c01  hal_GPTM_init                 
00004387  hal_init                      
00003ae9  is_AD5601_com_busy            
20001595  is_switch_active              
00004369  main                          
00003c9d  memcpy                        
00003e3f  memset                        
20001588  radar_adc_                    
2000026c  sensor_data_                  
00003431  startADC1                     
000034d3  test_fft                      
0000352d  test_rampe_ADC56              
000030a3  timer2ISR                     
00003c5b  timer3ISR                     
00004431  uDMAChannelEnable             
00003d39  uDMAChannelTransferSet        


GLOBAL SYMBOLS: SORTED BY Symbol Address 

address   name                          
-------   ----                          
00000000  __TI_static_base__            
00000000  g_pfnVectors                  
00000200  __STACK_SIZE                  
00002891  do_fft_radix2                 
00002b11  fft_radix2_var                
00002d65  get_num_stage                 
00002db9  halGpioInit                   
00002dd5  configPort_A                  
00002e09  configPort_B                  
00002e51  configPort_C                  
00002e77  configPort_D                  
00002ed1  configPort_E                  
00002f0d  configPort_F                  
00002f57  extIntBHandler                
00002fbf  extIntFHandler                
00003031  halTimer2Init                 
000030a3  timer2ISR                     
000031bd  halStartTimer2_A              
000031d1  halStopTimer2_A               
000031ed  halStartTimer2_B              
00003205  halStopTimer2_B               
00003227  halStartTimer2_Both           
0000323f  halStopTimer2_Both            
00003291  halAdc0Init                   
00003339  halAdc1Init                   
000033b3  ADC1ISR                       
000033e1  halGetAdcSamples              
00003409  halRadarSamplesIQ             
00003431  startADC1                     
00003469  clear_test_vect               
000034d3  test_fft                      
0000352d  test_rampe_ADC56              
000035e9  GPIOPadConfigSet              
0000371d  SysCtlClockGet                
0000382d  dlAdc56WriteSetpoint          
00003893  dlAdc56WriteCommand           
00003939  SysCtlClockSet                
00003a2d  halSSI2Init                   
00003a95  halAD5601Transmit             
00003ae9  is_AD5601_com_busy            
00003b1d  Scramble_data                 
00003c01  hal_GPTM_init                 
00003c5b  timer3ISR                     
00003c7b  get_systime_us                
00003c9d  __aeabi_memcpy                
00003c9d  __aeabi_memcpy4               
00003c9d  __aeabi_memcpy8               
00003c9d  memcpy                        
00003d39  uDMAChannelTransferSet        
00003dbd  ADCSequenceStepConfigure      
00003e37  __aeabi_memclr                
00003e37  __aeabi_memclr4               
00003e37  __aeabi_memclr8               
00003e39  __aeabi_memset                
00003e39  __aeabi_memset4               
00003e39  __aeabi_memset8               
00003e3f  memset                        
00003eb1  IntDisable                    
00003f19  IntEnable                     
00003f81  __TI_decompress_lzss          
00003fe9  TimerConfigure                
00004049  GPIOIntTypeSet                
0000409f  ADCSequenceConfigure          
0000413d  GPIOPinConfigure              
000041c9  __TI_auto_init_nobinit_nopinit
0000420d  SSIConfigSetExpClk            
00004249  SysCtlPeripheralReady         
00004281  _c_int00_noargs               
000042b9  IntRegister                   
000042ed  SysCtlPeripheralEnable        
00004321  GPIODirModeSet                
0000434b  ADCSequenceDataGet            
00004369  main                          
00004387  hal_init                      
000043a1  ADCProcessorTrigger           
000043b9  GPIOIntRegister               
000043d1  GPIOPinTypeGPIOOutput         
000043e9  TimerDisable                  
00004401  TimerIntRegister              
00004419  halSysClkInit                 
00004423  getClkValue                   
00004431  uDMAChannelEnable             
00004449  GPIOPinTypeADC                
0000445b  GPIOPinTypeGPIOInput          
0000446d  GPIOPinTypeSSI                
0000447f  TimerLoadSet                  
00004491  ADCHardwareOversampleConfigure
0000449f  ADCSequenceDisable            
000044ad  ADCSequenceEnable             
000044bb  GPIOIntDisable                
000044c9  GPIOIntStatus                 
000044d7  TimerEnable                   
000044e5  __TI_decompress_none          
000044f3  ADCReferenceSet               
000044ff  GPIOIntEnable                 
0000450b  __TI_zero_init                
00004517  ResetISR                      
00004523  ADCIntClear                   
0000452d  SSIDataPut                    
00004537  SSIEnable                     
00004541  TimerIntDisable               
0000454b  TimerIntStatus                
00004555  ADCBusy                       
0000455d  SSIBusy                       
00004565  TimerIntEnable                
0000456d  GPIOIntClear                  
00004573  GPIOPinWrite                  
00004579  SysCtlDelay                   
0000457f  TimerClockSourceSet           
00004585  TimerIntClear                 
00004589  _system_pre_init              
0000458d  C$$EXIT                       
0000458d  abort                         
000045a8  __TI_Handler_Table_Base       
000045b4  __TI_Handler_Table_Limit      
000045c8  __TI_CINIT_Base               
000045e0  __TI_CINIT_Limit              
20000000  g_pfnRAMVectors               
2000026c  sensor_data_                  
20001308  Radar_com_                    
20001350  __stack                       
20001550  __STACK_END                   
20001550  __STACK_TOP                   
20001550  buffer                        
20001580  gptm_systime_64us_steps       
20001588  radar_adc_                    
20001594  adc_finished_                 
20001595  is_switch_active              
ffffffff  __TI_pprof_out_hndl           
ffffffff  __TI_prof_data_size           
ffffffff  __TI_prof_data_start          
ffffffff  __binit__                     
ffffffff  __c_args__                    
ffffffff  binit                         
UNDEFED   __mpu_init                    
UNDEFED   _system_post_cinit            

[136 symbols]
