<?xml version="1.0" encoding="ISO-8859-1" ?>
<link_info>
   <banner>TI ARM Linker PC v18.1.3.LTS</banner>
   <copyright>Copyright (c) 1996-2017 Texas Instruments Incorporated</copyright>
   <link_time>0x5bd1a2c9</link_time>
   <link_errors>0x0</link_errors>
   <output_file>EM2_TIVA.out</output_file>
   <entry_point>
      <name>_c_int00_noargs</name>
      <address>0x4099</address>
   </entry_point>
   <input_file_list>
      <input_file id="fl-2">
         <path>.\</path>
         <kind>object</kind>
         <file>main.obj</file>
         <name>main.obj</name>
      </input_file>
      <input_file id="fl-3">
         <path>.\</path>
         <kind>object</kind>
         <file>tm4c123gh6pm_startup_ccs.obj</file>
         <name>tm4c123gh6pm_startup_ccs.obj</name>
      </input_file>
      <input_file id="fl-4">
         <path>.\F_AL\</path>
         <kind>object</kind>
         <file>Scramble_data.obj</file>
         <name>Scramble_data.obj</name>
      </input_file>
      <input_file id="fl-5">
         <path>.\F_AL\</path>
         <kind>object</kind>
         <file>Source_test.obj</file>
         <name>Source_test.obj</name>
      </input_file>
      <input_file id="fl-6">
         <path>.\F_AL\</path>
         <kind>object</kind>
         <file>radix2_fft.obj</file>
         <name>radix2_fft.obj</name>
      </input_file>
      <input_file id="fl-7">
         <path>.\F_DL\</path>
         <kind>object</kind>
         <file>dl_AD5601.obj</file>
         <name>dl_AD5601.obj</name>
      </input_file>
      <input_file id="fl-8">
         <path>.\F_DL\</path>
         <kind>object</kind>
         <file>dl_LCD.obj</file>
         <name>dl_LCD.obj</name>
      </input_file>
      <input_file id="fl-9">
         <path>.\F_DL\</path>
         <kind>object</kind>
         <file>dl_RF_Module.obj</file>
         <name>dl_RF_Module.obj</name>
      </input_file>
      <input_file id="fl-a">
         <path>.\F_DL\</path>
         <kind>object</kind>
         <file>dl_general.obj</file>
         <name>dl_general.obj</name>
      </input_file>
      <input_file id="fl-b">
         <path>.\F_DL\</path>
         <kind>object</kind>
         <file>dl_us.obj</file>
         <name>dl_us.obj</name>
      </input_file>
      <input_file id="fl-c">
         <path>.\F_HAL\</path>
         <kind>object</kind>
         <file>hal_adc.obj</file>
         <name>hal_adc.obj</name>
      </input_file>
      <input_file id="fl-d">
         <path>.\F_HAL\</path>
         <kind>object</kind>
         <file>hal_gpio.obj</file>
         <name>hal_gpio.obj</name>
      </input_file>
      <input_file id="fl-e">
         <path>.\F_HAL\</path>
         <kind>object</kind>
         <file>hal_init.obj</file>
         <name>hal_init.obj</name>
      </input_file>
      <input_file id="fl-f">
         <path>.\F_HAL\</path>
         <kind>object</kind>
         <file>hal_pwm.obj</file>
         <name>hal_pwm.obj</name>
      </input_file>
      <input_file id="fl-10">
         <path>.\F_HAL\</path>
         <kind>object</kind>
         <file>hal_ssi1.obj</file>
         <name>hal_ssi1.obj</name>
      </input_file>
      <input_file id="fl-11">
         <path>.\F_HAL\</path>
         <kind>object</kind>
         <file>hal_ssi2.obj</file>
         <name>hal_ssi2.obj</name>
      </input_file>
      <input_file id="fl-12">
         <path>.\F_HAL\</path>
         <kind>object</kind>
         <file>hal_timer2.obj</file>
         <name>hal_timer2.obj</name>
      </input_file>
      <input_file id="fl-13">
         <path>.\F_HAL\</path>
         <kind>object</kind>
         <file>hal_timer3.obj</file>
         <name>hal_timer3.obj</name>
      </input_file>
      <input_file id="fl-14">
         <path>.\F_HAL\</path>
         <kind>object</kind>
         <file>hal_uart1.obj</file>
         <name>hal_uart1.obj</name>
      </input_file>
      <input_file id="fl-15">
         <path>.\F_HAL\</path>
         <kind>object</kind>
         <file>hal_us.obj</file>
         <name>hal_us.obj</name>
      </input_file>
      <input_file id="fl-16">
         <path>.\F_HAL\</path>
         <kind>object</kind>
         <file>hal_usc.obj</file>
         <name>hal_usc.obj</name>
      </input_file>
      <input_file id="fl-1b">
         <kind>object</kind>
         <file>&lt;internal&gt;</file>
         <name>&lt;internal&gt;</name>
      </input_file>
      <input_file id="fl-1c">
         <path>D:\Tiva\TivaWare\driverlib\ccs\Debug\</path>
         <kind>archive</kind>
         <file>driverlib.lib</file>
         <name>adc.obj</name>
      </input_file>
      <input_file id="fl-1d">
         <path>D:\Tiva\TivaWare\driverlib\ccs\Debug\</path>
         <kind>archive</kind>
         <file>driverlib.lib</file>
         <name>gpio.obj</name>
      </input_file>
      <input_file id="fl-1e">
         <path>D:\Tiva\TivaWare\driverlib\ccs\Debug\</path>
         <kind>archive</kind>
         <file>driverlib.lib</file>
         <name>interrupt.obj</name>
      </input_file>
      <input_file id="fl-1f">
         <path>D:\Tiva\TivaWare\driverlib\ccs\Debug\</path>
         <kind>archive</kind>
         <file>driverlib.lib</file>
         <name>pwm.obj</name>
      </input_file>
      <input_file id="fl-20">
         <path>D:\Tiva\TivaWare\driverlib\ccs\Debug\</path>
         <kind>archive</kind>
         <file>driverlib.lib</file>
         <name>ssi.obj</name>
      </input_file>
      <input_file id="fl-21">
         <path>D:\Tiva\TivaWare\driverlib\ccs\Debug\</path>
         <kind>archive</kind>
         <file>driverlib.lib</file>
         <name>sysctl.obj</name>
      </input_file>
      <input_file id="fl-22">
         <path>D:\Tiva\TivaWare\driverlib\ccs\Debug\</path>
         <kind>archive</kind>
         <file>driverlib.lib</file>
         <name>timer.obj</name>
      </input_file>
      <input_file id="fl-23">
         <path>D:\Tiva\TivaWare\driverlib\ccs\Debug\</path>
         <kind>archive</kind>
         <file>driverlib.lib</file>
         <name>uart.obj</name>
      </input_file>
      <input_file id="fl-24">
         <path>D:\Tiva\TivaWare\driverlib\ccs\Debug\</path>
         <kind>archive</kind>
         <file>driverlib.lib</file>
         <name>cpu.obj</name>
      </input_file>
      <input_file id="fl-da">
         <path>D:\Programs\TI_CodeComp\ccsv8\tools\compiler\ti-cgt-arm_18.1.3.LTS\lib\</path>
         <kind>archive</kind>
         <file>rtsv7M4_T_le_v4SPD16_eabi.lib</file>
         <name>memset_t2.asm.obj</name>
      </input_file>
      <input_file id="fl-db">
         <path>D:\Programs\TI_CodeComp\ccsv8\tools\compiler\ti-cgt-arm_18.1.3.LTS\lib\</path>
         <kind>archive</kind>
         <file>rtsv7M4_T_le_v4SPD16_eabi.lib</file>
         <name>fd_div_t2.asm.obj</name>
      </input_file>
      <input_file id="fl-dc">
         <path>D:\Programs\TI_CodeComp\ccsv8\tools\compiler\ti-cgt-arm_18.1.3.LTS\lib\</path>
         <kind>archive</kind>
         <file>rtsv7M4_T_le_v4SPD16_eabi.lib</file>
         <name>fd_mul_t2.asm.obj</name>
      </input_file>
      <input_file id="fl-dd">
         <path>D:\Programs\TI_CodeComp\ccsv8\tools\compiler\ti-cgt-arm_18.1.3.LTS\lib\</path>
         <kind>archive</kind>
         <file>rtsv7M4_T_le_v4SPD16_eabi.lib</file>
         <name>fd_toi_t2.asm.obj</name>
      </input_file>
      <input_file id="fl-de">
         <path>D:\Programs\TI_CodeComp\ccsv8\tools\compiler\ti-cgt-arm_18.1.3.LTS\lib\</path>
         <kind>archive</kind>
         <file>rtsv7M4_T_le_v4SPD16_eabi.lib</file>
         <name>fd_tou_t2.asm.obj</name>
      </input_file>
      <input_file id="fl-df">
         <path>D:\Programs\TI_CodeComp\ccsv8\tools\compiler\ti-cgt-arm_18.1.3.LTS\lib\</path>
         <kind>archive</kind>
         <file>rtsv7M4_T_le_v4SPD16_eabi.lib</file>
         <name>fs_tod_t2.asm.obj</name>
      </input_file>
      <input_file id="fl-e0">
         <path>D:\Programs\TI_CodeComp\ccsv8\tools\compiler\ti-cgt-arm_18.1.3.LTS\lib\</path>
         <kind>archive</kind>
         <file>rtsv7M4_T_le_v4SPD16_eabi.lib</file>
         <name>u_tofd_t2.asm.obj</name>
      </input_file>
      <input_file id="fl-e1">
         <path>D:\Programs\TI_CodeComp\ccsv8\tools\compiler\ti-cgt-arm_18.1.3.LTS\lib\</path>
         <kind>archive</kind>
         <file>rtsv7M4_T_le_v4SPD16_eabi.lib</file>
         <name>copy_zero_init.c.obj</name>
      </input_file>
      <input_file id="fl-e2">
         <path>D:\Programs\TI_CodeComp\ccsv8\tools\compiler\ti-cgt-arm_18.1.3.LTS\lib\</path>
         <kind>archive</kind>
         <file>rtsv7M4_T_le_v4SPD16_eabi.lib</file>
         <name>copy_decompress_none.c.obj</name>
      </input_file>
      <input_file id="fl-e3">
         <path>D:\Programs\TI_CodeComp\ccsv8\tools\compiler\ti-cgt-arm_18.1.3.LTS\lib\</path>
         <kind>archive</kind>
         <file>rtsv7M4_T_le_v4SPD16_eabi.lib</file>
         <name>copy_decompress_lzss.c.obj</name>
      </input_file>
      <input_file id="fl-e4">
         <path>D:\Programs\TI_CodeComp\ccsv8\tools\compiler\ti-cgt-arm_18.1.3.LTS\lib\</path>
         <kind>archive</kind>
         <file>rtsv7M4_T_le_v4SPD16_eabi.lib</file>
         <name>boot_cortex_m.c.obj</name>
      </input_file>
      <input_file id="fl-e5">
         <path>D:\Programs\TI_CodeComp\ccsv8\tools\compiler\ti-cgt-arm_18.1.3.LTS\lib\</path>
         <kind>archive</kind>
         <file>rtsv7M4_T_le_v4SPD16_eabi.lib</file>
         <name>memcpy_t2.asm.obj</name>
      </input_file>
      <input_file id="fl-e6">
         <path>D:\Programs\TI_CodeComp\ccsv8\tools\compiler\ti-cgt-arm_18.1.3.LTS\lib\</path>
         <kind>archive</kind>
         <file>rtsv7M4_T_le_v4SPD16_eabi.lib</file>
         <name>autoinit.c.obj</name>
      </input_file>
      <input_file id="fl-e7">
         <path>D:\Programs\TI_CodeComp\ccsv8\tools\compiler\ti-cgt-arm_18.1.3.LTS\lib\</path>
         <kind>archive</kind>
         <file>rtsv7M4_T_le_v4SPD16_eabi.lib</file>
         <name>pre_init.c.obj</name>
      </input_file>
      <input_file id="fl-e8">
         <path>D:\Programs\TI_CodeComp\ccsv8\tools\compiler\ti-cgt-arm_18.1.3.LTS\lib\</path>
         <kind>archive</kind>
         <file>rtsv7M4_T_le_v4SPD16_eabi.lib</file>
         <name>cpy_tbl.c.obj</name>
      </input_file>
      <input_file id="fl-e9">
         <path>D:\Programs\TI_CodeComp\ccsv8\tools\compiler\ti-cgt-arm_18.1.3.LTS\lib\</path>
         <kind>archive</kind>
         <file>rtsv7M4_T_le_v4SPD16_eabi.lib</file>
         <name>exit.c.obj</name>
      </input_file>
      <input_file id="fl-ea">
         <path>D:\Programs\TI_CodeComp\ccsv8\tools\compiler\ti-cgt-arm_18.1.3.LTS\lib\</path>
         <kind>archive</kind>
         <file>rtsv7M4_T_le_v4SPD16_eabi.lib</file>
         <name>_lock.c.obj</name>
      </input_file>
      <input_file id="fl-eb">
         <path>D:\Programs\TI_CodeComp\ccsv8\tools\compiler\ti-cgt-arm_18.1.3.LTS\lib\</path>
         <kind>archive</kind>
         <file>rtsv7M4_T_le_v4SPD16_eabi.lib</file>
         <name>args_main.c.obj</name>
      </input_file>
   </input_file_list>
   <object_component_list>
      <object_component id="oc-f">
         <name>.intvecs</name>
         <load_address>0x0</load_address>
         <run_address>0x0</run_address>
         <size>0x26c</size>
         <input_file_ref idref="fl-3"/>
      </object_component>
      <object_component id="oc-131">
         <name>.text</name>
         <load_address>0x2890</load_address>
         <run_address>0x2890</run_address>
         <size>0x528</size>
         <input_file_ref idref="fl-6"/>
      </object_component>
      <object_component id="oc-120">
         <name>.text</name>
         <load_address>0x2db8</load_address>
         <run_address>0x2db8</run_address>
         <size>0x278</size>
         <input_file_ref idref="fl-d"/>
      </object_component>
      <object_component id="oc-1f7">
         <name>.text</name>
         <load_address>0x3030</load_address>
         <run_address>0x3030</run_address>
         <size>0x260</size>
         <input_file_ref idref="fl-12"/>
      </object_component>
      <object_component id="oc-cd">
         <name>.text</name>
         <load_address>0x3290</load_address>
         <run_address>0x3290</run_address>
         <size>0x18c</size>
         <input_file_ref idref="fl-5"/>
      </object_component>
      <object_component id="oc-1eb">
         <name>.text:GPIOPadConfigSet</name>
         <load_address>0x341c</load_address>
         <run_address>0x341c</run_address>
         <size>0x132</size>
         <input_file_ref idref="fl-1d"/>
      </object_component>
      <object_component id="oc-1ba">
         <name>.text:SysCtlClockGet</name>
         <load_address>0x3550</load_address>
         <run_address>0x3550</run_address>
         <size>0x110</size>
         <input_file_ref idref="fl-21"/>
      </object_component>
      <object_component id="oc-c6">
         <name>.text</name>
         <load_address>0x3660</load_address>
         <run_address>0x3660</run_address>
         <size>0xfc</size>
         <input_file_ref idref="fl-7"/>
      </object_component>
      <object_component id="oc-13c">
         <name>.text</name>
         <load_address>0x375c</load_address>
         <run_address>0x375c</run_address>
         <size>0xfc</size>
         <input_file_ref idref="fl-dc"/>
      </object_component>
      <object_component id="oc-1b4">
         <name>.text:SysCtlClockSet</name>
         <load_address>0x3858</load_address>
         <run_address>0x3858</run_address>
         <size>0xf4</size>
         <input_file_ref idref="fl-21"/>
      </object_component>
      <object_component id="oc-126">
         <name>.text</name>
         <load_address>0x394c</load_address>
         <run_address>0x394c</run_address>
         <size>0xec</size>
         <input_file_ref idref="fl-11"/>
      </object_component>
      <object_component id="oc-239">
         <name>.text</name>
         <load_address>0x3a38</load_address>
         <run_address>0x3a38</run_address>
         <size>0xe4</size>
         <input_file_ref idref="fl-4"/>
      </object_component>
      <object_component id="oc-d3">
         <name>.text</name>
         <load_address>0x3b1c</load_address>
         <run_address>0x3b1c</run_address>
         <size>0x9c</size>
         <input_file_ref idref="fl-13"/>
      </object_component>
      <object_component id="oc-38">
         <name>.text</name>
         <load_address>0x3bb8</load_address>
         <run_address>0x3bb8</run_address>
         <size>0x9c</size>
         <input_file_ref idref="fl-e5"/>
      </object_component>
      <object_component id="oc-8c">
         <name>.text</name>
         <load_address>0x3c54</load_address>
         <run_address>0x3c54</run_address>
         <size>0x7a</size>
         <input_file_ref idref="fl-da"/>
      </object_component>
      <object_component id="oc-203">
         <name>.text:IntDisable</name>
         <load_address>0x3cd0</load_address>
         <run_address>0x3cd0</run_address>
         <size>0x68</size>
         <input_file_ref idref="fl-1e"/>
      </object_component>
      <object_component id="oc-270">
         <name>.text:IntEnable</name>
         <load_address>0x3d38</load_address>
         <run_address>0x3d38</run_address>
         <size>0x68</size>
         <input_file_ref idref="fl-1e"/>
      </object_component>
      <object_component id="oc-12">
         <name>.text:decompress:lzss:__TI_decompress_lzss</name>
         <load_address>0x3da0</load_address>
         <run_address>0x3da0</run_address>
         <size>0x68</size>
         <input_file_ref idref="fl-e3"/>
      </object_component>
      <object_component id="oc-16c">
         <name>.text:TimerConfigure</name>
         <load_address>0x3e08</load_address>
         <run_address>0x3e08</run_address>
         <size>0x60</size>
         <input_file_ref idref="fl-22"/>
      </object_component>
      <object_component id="oc-1df">
         <name>.text:GPIOIntTypeSet</name>
         <load_address>0x3e68</load_address>
         <run_address>0x3e68</run_address>
         <size>0x56</size>
         <input_file_ref idref="fl-1d"/>
      </object_component>
      <object_component id="oc-264">
         <name>.text:_TimerIntNumberGet</name>
         <load_address>0x3ec0</load_address>
         <run_address>0x3ec0</run_address>
         <size>0x4c</size>
         <input_file_ref idref="fl-22"/>
      </object_component>
      <object_component id="oc-20d">
         <name>.text:GPIOPinConfigure</name>
         <load_address>0x3f0c</load_address>
         <run_address>0x3f0c</run_address>
         <size>0x48</size>
         <input_file_ref idref="fl-1d"/>
      </object_component>
      <object_component id="oc-141">
         <name>.text</name>
         <load_address>0x3f54</load_address>
         <run_address>0x3f54</run_address>
         <size>0x48</size>
         <input_file_ref idref="fl-dd"/>
      </object_component>
      <object_component id="oc-2ac">
         <name>.text:_GPIOIntNumberGet</name>
         <load_address>0x3f9c</load_address>
         <run_address>0x3f9c</run_address>
         <size>0x44</size>
         <input_file_ref idref="fl-1d"/>
      </object_component>
      <object_component id="oc-e6">
         <name>.text:__TI_auto_init_nobinit_nopinit:__TI_auto_init_nobinit_nopinit</name>
         <load_address>0x3fe0</load_address>
         <run_address>0x3fe0</run_address>
         <size>0x44</size>
         <input_file_ref idref="fl-e6"/>
      </object_component>
      <object_component id="oc-219">
         <name>.text:SSIConfigSetExpClk</name>
         <load_address>0x4024</load_address>
         <run_address>0x4024</run_address>
         <size>0x3c</size>
         <input_file_ref idref="fl-20"/>
      </object_component>
      <object_component id="oc-15a">
         <name>.text:SysCtlPeripheralReady</name>
         <load_address>0x4060</load_address>
         <run_address>0x4060</run_address>
         <size>0x38</size>
         <input_file_ref idref="fl-21"/>
      </object_component>
      <object_component id="oc-56">
         <name>.text:_c_int00_noargs:_c_int00_noargs</name>
         <load_address>0x4098</load_address>
         <run_address>0x4098</run_address>
         <size>0x38</size>
         <input_file_ref idref="fl-e4"/>
      </object_component>
      <object_component id="oc-137">
         <name>.text</name>
         <load_address>0x40d0</load_address>
         <run_address>0x40d0</run_address>
         <size>0x38</size>
         <input_file_ref idref="fl-df"/>
      </object_component>
      <object_component id="oc-26a">
         <name>.text:IntRegister</name>
         <load_address>0x4108</load_address>
         <run_address>0x4108</run_address>
         <size>0x34</size>
         <input_file_ref idref="fl-1e"/>
      </object_component>
      <object_component id="oc-154">
         <name>.text:SysCtlPeripheralEnable</name>
         <load_address>0x413c</load_address>
         <run_address>0x413c</run_address>
         <size>0x34</size>
         <input_file_ref idref="fl-21"/>
      </object_component>
      <object_component id="oc-2a1">
         <name>.text:GPIODirModeSet</name>
         <load_address>0x4170</load_address>
         <run_address>0x4170</run_address>
         <size>0x2a</size>
         <input_file_ref idref="fl-1d"/>
      </object_component>
      <object_component id="oc-98">
         <name>.text</name>
         <load_address>0x419a</load_address>
         <run_address>0x419a</run_address>
         <size>0x1e</size>
         <input_file_ref idref="fl-2"/>
      </object_component>
      <object_component id="oc-1d9">
         <name>.text:GPIOIntRegister</name>
         <load_address>0x41b8</load_address>
         <run_address>0x41b8</run_address>
         <size>0x18</size>
         <input_file_ref idref="fl-1d"/>
      </object_component>
      <object_component id="oc-1c1">
         <name>.text:GPIOPinTypeGPIOOutput</name>
         <load_address>0x41d0</load_address>
         <run_address>0x41d0</run_address>
         <size>0x18</size>
         <input_file_ref idref="fl-1d"/>
      </object_component>
      <object_component id="oc-160">
         <name>.text:TimerDisable</name>
         <load_address>0x41e8</load_address>
         <run_address>0x41e8</run_address>
         <size>0x18</size>
         <input_file_ref idref="fl-22"/>
      </object_component>
      <object_component id="oc-184">
         <name>.text:TimerIntRegister</name>
         <load_address>0x4200</load_address>
         <run_address>0x4200</run_address>
         <size>0x18</size>
         <input_file_ref idref="fl-22"/>
      </object_component>
      <object_component id="oc-11a">
         <name>.text</name>
         <load_address>0x4218</load_address>
         <run_address>0x4218</run_address>
         <size>0x18</size>
         <input_file_ref idref="fl-16"/>
      </object_component>
      <object_component id="oc-c0">
         <name>.text</name>
         <load_address>0x4230</load_address>
         <run_address>0x4230</run_address>
         <size>0x14</size>
         <input_file_ref idref="fl-e"/>
      </object_component>
      <object_component id="oc-1cd">
         <name>.text:GPIOPinTypeGPIOInput</name>
         <load_address>0x4244</load_address>
         <run_address>0x4244</run_address>
         <size>0x12</size>
         <input_file_ref idref="fl-1d"/>
      </object_component>
      <object_component id="oc-213">
         <name>.text:GPIOPinTypeSSI</name>
         <load_address>0x4256</load_address>
         <run_address>0x4256</run_address>
         <size>0x12</size>
         <input_file_ref idref="fl-1d"/>
      </object_component>
      <object_component id="oc-172">
         <name>.text:TimerLoadSet</name>
         <load_address>0x4268</load_address>
         <run_address>0x4268</run_address>
         <size>0x12</size>
         <input_file_ref idref="fl-22"/>
      </object_component>
      <object_component id="oc-1fd">
         <name>.text:GPIOIntDisable</name>
         <load_address>0x427a</load_address>
         <run_address>0x427a</run_address>
         <size>0xe</size>
         <input_file_ref idref="fl-1d"/>
      </object_component>
      <object_component id="oc-1f1">
         <name>.text:GPIOIntStatus</name>
         <load_address>0x4288</load_address>
         <run_address>0x4288</run_address>
         <size>0xe</size>
         <input_file_ref idref="fl-1d"/>
      </object_component>
      <object_component id="oc-178">
         <name>.text:TimerEnable</name>
         <load_address>0x4296</load_address>
         <run_address>0x4296</run_address>
         <size>0xe</size>
         <input_file_ref idref="fl-22"/>
      </object_component>
      <object_component id="oc-18">
         <name>.text:decompress:none:__TI_decompress_none</name>
         <load_address>0x42a4</load_address>
         <run_address>0x42a4</run_address>
         <size>0xe</size>
         <input_file_ref idref="fl-e2"/>
      </object_component>
      <object_component id="oc-1e5">
         <name>.text:GPIOIntEnable</name>
         <load_address>0x42b2</load_address>
         <run_address>0x42b2</run_address>
         <size>0xc</size>
         <input_file_ref idref="fl-1d"/>
      </object_component>
      <object_component id="oc-4a">
         <name>.text:decompress:ZI:__TI_zero_init</name>
         <load_address>0x42be</load_address>
         <run_address>0x42be</run_address>
         <size>0xc</size>
         <input_file_ref idref="fl-e1"/>
      </object_component>
      <object_component id="oc-24">
         <name>.text</name>
         <load_address>0x42ca</load_address>
         <run_address>0x42ca</run_address>
         <size>0xc</size>
         <input_file_ref idref="fl-3"/>
      </object_component>
      <object_component id="oc-225">
         <name>.text:SSIDataPut</name>
         <load_address>0x42d6</load_address>
         <run_address>0x42d6</run_address>
         <size>0xa</size>
         <input_file_ref idref="fl-20"/>
      </object_component>
      <object_component id="oc-21f">
         <name>.text:SSIEnable</name>
         <load_address>0x42e0</load_address>
         <run_address>0x42e0</run_address>
         <size>0xa</size>
         <input_file_ref idref="fl-20"/>
      </object_component>
      <object_component id="oc-2bd">
         <name>.text:TimerIntDisable</name>
         <load_address>0x42ea</load_address>
         <run_address>0x42ea</run_address>
         <size>0xa</size>
         <input_file_ref idref="fl-22"/>
      </object_component>
      <object_component id="oc-2b7">
         <name>.text:TimerIntStatus</name>
         <load_address>0x42f4</load_address>
         <run_address>0x42f4</run_address>
         <size>0xa</size>
         <input_file_ref idref="fl-22"/>
      </object_component>
      <object_component id="oc-22b">
         <name>.text:SSIBusy</name>
         <load_address>0x42fe</load_address>
         <run_address>0x42fe</run_address>
         <size>0x8</size>
         <input_file_ref idref="fl-20"/>
      </object_component>
      <object_component id="oc-18a">
         <name>.text:TimerIntEnable</name>
         <load_address>0x4306</load_address>
         <run_address>0x4306</run_address>
         <size>0x8</size>
         <input_file_ref idref="fl-22"/>
      </object_component>
      <object_component id="oc-1d3">
         <name>.text:GPIOIntClear</name>
         <load_address>0x430e</load_address>
         <run_address>0x430e</run_address>
         <size>0x6</size>
         <input_file_ref idref="fl-1d"/>
      </object_component>
      <object_component id="oc-1c7">
         <name>.text:GPIOPinWrite</name>
         <load_address>0x4314</load_address>
         <run_address>0x4314</run_address>
         <size>0x6</size>
         <input_file_ref idref="fl-1d"/>
      </object_component>
      <object_component id="oc-cc">
         <name>.text:SysCtlDelay</name>
         <load_address>0x431a</load_address>
         <run_address>0x431a</run_address>
         <size>0x6</size>
         <input_file_ref idref="fl-21"/>
      </object_component>
      <object_component id="oc-166">
         <name>.text:TimerClockSourceSet</name>
         <load_address>0x4320</load_address>
         <run_address>0x4320</run_address>
         <size>0x6</size>
         <input_file_ref idref="fl-22"/>
      </object_component>
      <object_component id="oc-17e">
         <name>.text:TimerIntClear</name>
         <load_address>0x4326</load_address>
         <run_address>0x4326</run_address>
         <size>0x4</size>
         <input_file_ref idref="fl-22"/>
      </object_component>
      <object_component id="oc-92">
         <name>.text:_system_pre_init</name>
         <load_address>0x432a</load_address>
         <run_address>0x432a</run_address>
         <size>0x4</size>
         <input_file_ref idref="fl-e7"/>
      </object_component>
      <object_component id="oc-da">
         <name>.text:abort:abort</name>
         <load_address>0x432e</load_address>
         <run_address>0x432e</run_address>
         <size>0x4</size>
         <input_file_ref idref="fl-e9"/>
      </object_component>
      <object_component id="oc-242">
         <name>.const:twiddle1024</name>
         <load_address>0x26c</load_address>
         <run_address>0x26c</run_address>
         <size>0x2000</size>
         <input_file_ref idref="fl-6"/>
      </object_component>
      <object_component id="oc-149">
         <name>.const:test_sig128</name>
         <load_address>0x226c</load_address>
         <run_address>0x226c</run_address>
         <size>0x200</size>
         <input_file_ref idref="fl-5"/>
      </object_component>
      <object_component id="oc-30e">
         <name>.const:g_ppui32GPIOIntMapSnowflake</name>
         <load_address>0x246c</load_address>
         <run_address>0x246c</run_address>
         <size>0xd8</size>
         <input_file_ref idref="fl-1d"/>
      </object_component>
      <object_component id="oc-30b">
         <name>.const:g_ppui32GPIOIntMapBlizzard</name>
         <load_address>0x2544</load_address>
         <run_address>0x2544</run_address>
         <size>0xc0</size>
         <input_file_ref idref="fl-1d"/>
      </object_component>
      <object_component id="oc-2cd">
         <name>.const:g_pui32GPIOBaseAddrs</name>
         <load_address>0x2604</load_address>
         <run_address>0x2604</run_address>
         <size>0x90</size>
         <input_file_ref idref="fl-1d"/>
      </object_component>
      <object_component id="oc-23f">
         <name>.const:twiddle_array</name>
         <load_address>0x2694</load_address>
         <run_address>0x2694</run_address>
         <size>0x80</size>
         <input_file_ref idref="fl-6"/>
      </object_component>
      <object_component id="oc-2c6">
         <name>.const</name>
         <load_address>0x2714</load_address>
         <run_address>0x2714</run_address>
         <size>0x70</size>
         <input_file_ref idref="fl-1e"/>
      </object_component>
      <object_component id="oc-29d">
         <name>.const:g_pui32Xtals</name>
         <load_address>0x2784</load_address>
         <run_address>0x2784</run_address>
         <size>0x6c</size>
         <input_file_ref idref="fl-21"/>
      </object_component>
      <object_component id="oc-2e9">
         <name>.const:g_ppui32TimerIntMap</name>
         <load_address>0x27f0</load_address>
         <run_address>0x27f0</run_address>
         <size>0x60</size>
         <input_file_ref idref="fl-22"/>
      </object_component>
      <object_component id="oc-2ec">
         <name>.const:g_ppui32TimerIntMapSnowflake</name>
         <load_address>0x2850</load_address>
         <run_address>0x2850</run_address>
         <size>0x40</size>
         <input_file_ref idref="fl-22"/>
      </object_component>
      <object_component id="oc-351">
         <name>__TI_handler_table</name>
         <load_address>0x4338</load_address>
         <run_address>0x4338</run_address>
         <size>0xc</size>
      </object_component>
      <object_component id="oc-355">
         <name>.cinit..bss.load</name>
         <load_address>0x4348</load_address>
         <run_address>0x4348</run_address>
         <size>0x8</size>
      </object_component>
      <object_component id="oc-353">
         <name>.cinit..vtable.load</name>
         <load_address>0x4350</load_address>
         <run_address>0x4350</run_address>
         <size>0x8</size>
      </object_component>
      <object_component id="oc-354">
         <name>.cinit..data.load</name>
         <load_address>0x4358</load_address>
         <run_address>0x4358</run_address>
         <size>0x7</size>
      </object_component>
      <object_component id="oc-352">
         <name>__TI_cinit_table</name>
         <load_address>0x4360</load_address>
         <run_address>0x4360</run_address>
         <size>0x18</size>
      </object_component>
      <object_component id="oc-2f0">
         <name>.vtable</name>
         <uninitialized>true</uninitialized>
         <run_address>0x20000000</run_address>
         <size>0x26c</size>
         <input_file_ref idref="fl-1e"/>
      </object_component>
      <object_component id="oc-14c">
         <name>.data</name>
         <load_address>0x20000b1c</load_address>
         <run_address>0x20000b1c</run_address>
         <size>0x1</size>
         <input_file_ref idref="fl-5"/>
      </object_component>
      <object_component id="oc-209">
         <name>.data</name>
         <load_address>0x20000b1d</load_address>
         <run_address>0x20000b1d</run_address>
         <size>0x1</size>
         <input_file_ref idref="fl-d"/>
      </object_component>
      <object_component id="oc-2c3">
         <name>.data</name>
         <load_address>0x20000b18</load_address>
         <run_address>0x20000b18</run_address>
         <size>0x4</size>
         <input_file_ref idref="fl-12"/>
      </object_component>
      <object_component id="oc-190">
         <name>.data</name>
         <load_address>0x20000b10</load_address>
         <run_address>0x20000b10</run_address>
         <size>0x8</size>
         <input_file_ref idref="fl-13"/>
      </object_component>
      <object_component id="oc-146">
         <name>.common:sensor_data_</name>
         <uninitialized>true</uninitialized>
         <run_address>0x2000026c</run_address>
         <size>0x49c</size>
      </object_component>
      <object_component id="oc-12d">
         <name>.common:Radar_com_</name>
         <uninitialized>true</uninitialized>
         <run_address>0x20000708</run_address>
         <size>0x205</size>
      </object_component>
      <object_component id="oc-21">
         <name>.stack</name>
         <uninitialized>true</uninitialized>
         <run_address>0x20000910</run_address>
         <size>0x4</size>
         <input_file_ref idref="fl-e4"/>
      </object_component>
      <object_component id="oc-356">
         <name>.stack</name>
         <uninitialized>true</uninitialized>
         <run_address>0x20000910</run_address>
         <size>0x0</size>
      </object_component>
      <object_component id="oc-af">
         <name>.debug_info</name>
         <load_address>0x0</load_address>
         <run_address>0x0</run_address>
         <size>0x37d</size>
         <input_file_ref idref="fl-2"/>
      </object_component>
      <object_component id="oc-99">
         <name>.debug_info</name>
         <load_address>0x37d</load_address>
         <run_address>0x37d</run_address>
         <size>0x182</size>
         <input_file_ref idref="fl-2"/>
      </object_component>
      <object_component id="oc-6d">
         <name>.debug_info</name>
         <load_address>0x4ff</load_address>
         <run_address>0x4ff</run_address>
         <size>0x26b</size>
         <input_file_ref idref="fl-2"/>
      </object_component>
      <object_component id="oc-33">
         <name>.debug_info</name>
         <load_address>0x76a</load_address>
         <run_address>0x76a</run_address>
         <size>0x84</size>
         <input_file_ref idref="fl-2"/>
      </object_component>
      <object_component id="oc-aa">
         <name>.debug_info</name>
         <load_address>0x7ee</load_address>
         <run_address>0x7ee</run_address>
         <size>0x297</size>
         <input_file_ref idref="fl-2"/>
      </object_component>
      <object_component id="oc-72">
         <name>.debug_info</name>
         <load_address>0xa85</load_address>
         <run_address>0xa85</run_address>
         <size>0xbb</size>
         <input_file_ref idref="fl-2"/>
      </object_component>
      <object_component id="oc-2c">
         <name>.debug_info</name>
         <load_address>0xb40</load_address>
         <run_address>0xb40</run_address>
         <size>0x2d8</size>
         <input_file_ref idref="fl-3"/>
      </object_component>
      <object_component id="oc-10">
         <name>.debug_info</name>
         <load_address>0xe18</load_address>
         <run_address>0xe18</run_address>
         <size>0x117</size>
         <input_file_ref idref="fl-3"/>
      </object_component>
      <object_component id="oc-25">
         <name>.debug_info</name>
         <load_address>0xf2f</load_address>
         <run_address>0xf2f</run_address>
         <size>0x293</size>
         <input_file_ref idref="fl-3"/>
      </object_component>
      <object_component id="oc-2d9">
         <name>.debug_info</name>
         <load_address>0x11c2</load_address>
         <run_address>0x11c2</run_address>
         <size>0x2c8</size>
         <input_file_ref idref="fl-4"/>
      </object_component>
      <object_component id="oc-23a">
         <name>.debug_info</name>
         <load_address>0x148a</load_address>
         <run_address>0x148a</run_address>
         <size>0x210</size>
         <input_file_ref idref="fl-4"/>
      </object_component>
      <object_component id="oc-14e">
         <name>.debug_info</name>
         <load_address>0x169a</load_address>
         <run_address>0x169a</run_address>
         <size>0x3fa</size>
         <input_file_ref idref="fl-5"/>
      </object_component>
      <object_component id="oc-14a">
         <name>.debug_info</name>
         <load_address>0x1a94</load_address>
         <run_address>0x1a94</run_address>
         <size>0x10c</size>
         <input_file_ref idref="fl-5"/>
      </object_component>
      <object_component id="oc-d0">
         <name>.debug_info</name>
         <load_address>0x1ba0</load_address>
         <run_address>0x1ba0</run_address>
         <size>0x33d</size>
         <input_file_ref idref="fl-5"/>
      </object_component>
      <object_component id="oc-24c">
         <name>.debug_info</name>
         <load_address>0x1edd</load_address>
         <run_address>0x1edd</run_address>
         <size>0x29c</size>
         <input_file_ref idref="fl-5"/>
      </object_component>
      <object_component id="oc-14f">
         <name>.debug_info</name>
         <load_address>0x2179</load_address>
         <run_address>0x2179</run_address>
         <size>0x8b</size>
         <input_file_ref idref="fl-5"/>
      </object_component>
      <object_component id="oc-246">
         <name>.debug_info</name>
         <load_address>0x2204</load_address>
         <run_address>0x2204</run_address>
         <size>0x38d</size>
         <input_file_ref idref="fl-6"/>
      </object_component>
      <object_component id="oc-240">
         <name>.debug_info</name>
         <load_address>0x2591</load_address>
         <run_address>0x2591</run_address>
         <size>0x10f</size>
         <input_file_ref idref="fl-6"/>
      </object_component>
      <object_component id="oc-243">
         <name>.debug_info</name>
         <load_address>0x26a0</load_address>
         <run_address>0x26a0</run_address>
         <size>0x10b</size>
         <input_file_ref idref="fl-6"/>
      </object_component>
      <object_component id="oc-132">
         <name>.debug_info</name>
         <load_address>0x27ab</load_address>
         <run_address>0x27ab</run_address>
         <size>0x524</size>
         <input_file_ref idref="fl-6"/>
      </object_component>
      <object_component id="oc-2d7">
         <name>.debug_info</name>
         <load_address>0x2ccf</load_address>
         <run_address>0x2ccf</run_address>
         <size>0x340</size>
         <input_file_ref idref="fl-7"/>
      </object_component>
      <object_component id="oc-c7">
         <name>.debug_info</name>
         <load_address>0x300f</load_address>
         <run_address>0x300f</run_address>
         <size>0x292</size>
         <input_file_ref idref="fl-7"/>
      </object_component>
      <object_component id="oc-234">
         <name>.debug_info</name>
         <load_address>0x32a1</load_address>
         <run_address>0x32a1</run_address>
         <size>0x16a</size>
         <input_file_ref idref="fl-7"/>
      </object_component>
      <object_component id="oc-147">
         <name>.debug_info</name>
         <load_address>0x340b</load_address>
         <run_address>0x340b</run_address>
         <size>0x35e</size>
         <input_file_ref idref="fl-a"/>
      </object_component>
      <object_component id="oc-20a">
         <name>.debug_info</name>
         <load_address>0x3769</load_address>
         <run_address>0x3769</run_address>
         <size>0x115</size>
         <input_file_ref idref="fl-d"/>
      </object_component>
      <object_component id="oc-122">
         <name>.debug_info</name>
         <load_address>0x387e</load_address>
         <run_address>0x387e</run_address>
         <size>0xa11</size>
         <input_file_ref idref="fl-d"/>
      </object_component>
      <object_component id="oc-c2">
         <name>.debug_info</name>
         <load_address>0x428f</load_address>
         <run_address>0x428f</run_address>
         <size>0x18f</size>
         <input_file_ref idref="fl-e"/>
      </object_component>
      <object_component id="oc-12e">
         <name>.debug_info</name>
         <load_address>0x441e</load_address>
         <run_address>0x441e</run_address>
         <size>0x537</size>
         <input_file_ref idref="fl-11"/>
      </object_component>
      <object_component id="oc-128">
         <name>.debug_info</name>
         <load_address>0x4955</load_address>
         <run_address>0x4955</run_address>
         <size>0x350</size>
         <input_file_ref idref="fl-11"/>
      </object_component>
      <object_component id="oc-1f8">
         <name>.debug_info</name>
         <load_address>0x4ca5</load_address>
         <run_address>0x4ca5</run_address>
         <size>0x7be</size>
         <input_file_ref idref="fl-12"/>
      </object_component>
      <object_component id="oc-27a">
         <name>.debug_info</name>
         <load_address>0x5463</load_address>
         <run_address>0x5463</run_address>
         <size>0x4ea</size>
         <input_file_ref idref="fl-13"/>
      </object_component>
      <object_component id="oc-191">
         <name>.debug_info</name>
         <load_address>0x594d</load_address>
         <run_address>0x594d</run_address>
         <size>0x125</size>
         <input_file_ref idref="fl-13"/>
      </object_component>
      <object_component id="oc-d4">
         <name>.debug_info</name>
         <load_address>0x5a72</load_address>
         <run_address>0x5a72</run_address>
         <size>0x30f</size>
         <input_file_ref idref="fl-13"/>
      </object_component>
      <object_component id="oc-11c">
         <name>.debug_info</name>
         <load_address>0x5d81</load_address>
         <run_address>0x5d81</run_address>
         <size>0x1d3</size>
         <input_file_ref idref="fl-16"/>
      </object_component>
      <object_component id="oc-256">
         <name>.debug_info</name>
         <load_address>0x5f54</load_address>
         <run_address>0x5f54</run_address>
         <size>0x18b</size>
         <input_file_ref idref="fl-1c"/>
      </object_component>
      <object_component id="oc-2a8">
         <name>.debug_info</name>
         <load_address>0x60df</load_address>
         <run_address>0x60df</run_address>
         <size>0x240</size>
         <input_file_ref idref="fl-1d"/>
      </object_component>
      <object_component id="oc-30c">
         <name>.debug_info</name>
         <load_address>0x631f</load_address>
         <run_address>0x631f</run_address>
         <size>0x167</size>
         <input_file_ref idref="fl-1d"/>
      </object_component>
      <object_component id="oc-30f">
         <name>.debug_info</name>
         <load_address>0x6486</load_address>
         <run_address>0x6486</run_address>
         <size>0x169</size>
         <input_file_ref idref="fl-1d"/>
      </object_component>
      <object_component id="oc-2ce">
         <name>.debug_info</name>
         <load_address>0x65ef</load_address>
         <run_address>0x65ef</run_address>
         <size>0x15b</size>
         <input_file_ref idref="fl-1d"/>
      </object_component>
      <object_component id="oc-1c9">
         <name>.debug_info</name>
         <load_address>0x674a</load_address>
         <run_address>0x674a</run_address>
         <size>0x2a3</size>
         <input_file_ref idref="fl-1d"/>
      </object_component>
      <object_component id="oc-2a3">
         <name>.debug_info</name>
         <load_address>0x69ed</load_address>
         <run_address>0x69ed</run_address>
         <size>0x2b3</size>
         <input_file_ref idref="fl-1d"/>
      </object_component>
      <object_component id="oc-1ed">
         <name>.debug_info</name>
         <load_address>0x6ca0</load_address>
         <run_address>0x6ca0</run_address>
         <size>0x316</size>
         <input_file_ref idref="fl-1d"/>
      </object_component>
      <object_component id="oc-215">
         <name>.debug_info</name>
         <load_address>0x6fb6</load_address>
         <run_address>0x6fb6</run_address>
         <size>0x279</size>
         <input_file_ref idref="fl-1d"/>
      </object_component>
      <object_component id="oc-1c3">
         <name>.debug_info</name>
         <load_address>0x722f</load_address>
         <run_address>0x722f</run_address>
         <size>0x2b7</size>
         <input_file_ref idref="fl-1d"/>
      </object_component>
      <object_component id="oc-1cf">
         <name>.debug_info</name>
         <load_address>0x74e6</load_address>
         <run_address>0x74e6</run_address>
         <size>0x285</size>
         <input_file_ref idref="fl-1d"/>
      </object_component>
      <object_component id="oc-210">
         <name>.debug_info</name>
         <load_address>0x776b</load_address>
         <run_address>0x776b</run_address>
         <size>0x280</size>
         <input_file_ref idref="fl-1d"/>
      </object_component>
      <object_component id="oc-2af">
         <name>.debug_info</name>
         <load_address>0x79eb</load_address>
         <run_address>0x79eb</run_address>
         <size>0x298</size>
         <input_file_ref idref="fl-1d"/>
      </object_component>
      <object_component id="oc-1e1">
         <name>.debug_info</name>
         <load_address>0x7c83</load_address>
         <run_address>0x7c83</run_address>
         <size>0x2bb</size>
         <input_file_ref idref="fl-1d"/>
      </object_component>
      <object_component id="oc-1f3">
         <name>.debug_info</name>
         <load_address>0x7f3e</load_address>
         <run_address>0x7f3e</run_address>
         <size>0x27f</size>
         <input_file_ref idref="fl-1d"/>
      </object_component>
      <object_component id="oc-1db">
         <name>.debug_info</name>
         <load_address>0x81bd</load_address>
         <run_address>0x81bd</run_address>
         <size>0x2cf</size>
         <input_file_ref idref="fl-1d"/>
      </object_component>
      <object_component id="oc-1e7">
         <name>.debug_info</name>
         <load_address>0x848c</load_address>
         <run_address>0x848c</run_address>
         <size>0x28f</size>
         <input_file_ref idref="fl-1d"/>
      </object_component>
      <object_component id="oc-1ff">
         <name>.debug_info</name>
         <load_address>0x871b</load_address>
         <run_address>0x871b</run_address>
         <size>0x291</size>
         <input_file_ref idref="fl-1d"/>
      </object_component>
      <object_component id="oc-1d5">
         <name>.debug_info</name>
         <load_address>0x89ac</load_address>
         <run_address>0x89ac</run_address>
         <size>0x28d</size>
         <input_file_ref idref="fl-1d"/>
      </object_component>
      <object_component id="oc-2ca">
         <name>.debug_info</name>
         <load_address>0x8c39</load_address>
         <run_address>0x8c39</run_address>
         <size>0x20e</size>
         <input_file_ref idref="fl-1e"/>
      </object_component>
      <object_component id="oc-2c7">
         <name>.debug_info</name>
         <load_address>0x8e47</load_address>
         <run_address>0x8e47</run_address>
         <size>0x210</size>
         <input_file_ref idref="fl-1e"/>
      </object_component>
      <object_component id="oc-2f1">
         <name>.debug_info</name>
         <load_address>0x9057</load_address>
         <run_address>0x9057</run_address>
         <size>0x157</size>
         <input_file_ref idref="fl-1e"/>
      </object_component>
      <object_component id="oc-26b">
         <name>.debug_info</name>
         <load_address>0x91ae</load_address>
         <run_address>0x91ae</run_address>
         <size>0x2c1</size>
         <input_file_ref idref="fl-1e"/>
      </object_component>
      <object_component id="oc-272">
         <name>.debug_info</name>
         <load_address>0x946f</load_address>
         <run_address>0x946f</run_address>
         <size>0x268</size>
         <input_file_ref idref="fl-1e"/>
      </object_component>
      <object_component id="oc-205">
         <name>.debug_info</name>
         <load_address>0x96d7</load_address>
         <run_address>0x96d7</run_address>
         <size>0x26a</size>
         <input_file_ref idref="fl-1e"/>
      </object_component>
      <object_component id="oc-2d3">
         <name>.debug_info</name>
         <load_address>0x9941</load_address>
         <run_address>0x9941</run_address>
         <size>0x21c</size>
         <input_file_ref idref="fl-20"/>
      </object_component>
      <object_component id="oc-221">
         <name>.debug_info</name>
         <load_address>0x9b5d</load_address>
         <run_address>0x9b5d</run_address>
         <size>0x242</size>
         <input_file_ref idref="fl-20"/>
      </object_component>
      <object_component id="oc-227">
         <name>.debug_info</name>
         <load_address>0x9d9f</load_address>
         <run_address>0x9d9f</run_address>
         <size>0x276</size>
         <input_file_ref idref="fl-20"/>
      </object_component>
      <object_component id="oc-21b">
         <name>.debug_info</name>
         <load_address>0xa015</load_address>
         <run_address>0xa015</run_address>
         <size>0x3d9</size>
         <input_file_ref idref="fl-20"/>
      </object_component>
      <object_component id="oc-22d">
         <name>.debug_info</name>
         <load_address>0xa3ee</load_address>
         <run_address>0xa3ee</run_address>
         <size>0x242</size>
         <input_file_ref idref="fl-20"/>
      </object_component>
      <object_component id="oc-25b">
         <name>.debug_info</name>
         <load_address>0xa630</load_address>
         <run_address>0xa630</run_address>
         <size>0x298</size>
         <input_file_ref idref="fl-21"/>
      </object_component>
      <object_component id="oc-29e">
         <name>.debug_info</name>
         <load_address>0xa8c8</load_address>
         <run_address>0xa8c8</run_address>
         <size>0x14d</size>
         <input_file_ref idref="fl-21"/>
      </object_component>
      <object_component id="oc-15d">
         <name>.debug_info</name>
         <load_address>0xaa15</load_address>
         <run_address>0xaa15</run_address>
         <size>0x27f</size>
         <input_file_ref idref="fl-21"/>
      </object_component>
      <object_component id="oc-157">
         <name>.debug_info</name>
         <load_address>0xac94</load_address>
         <run_address>0xac94</run_address>
         <size>0x27d</size>
         <input_file_ref idref="fl-21"/>
      </object_component>
      <object_component id="oc-1b7">
         <name>.debug_info</name>
         <load_address>0xaf11</load_address>
         <run_address>0xaf11</run_address>
         <size>0x2db</size>
         <input_file_ref idref="fl-21"/>
      </object_component>
      <object_component id="oc-1bd">
         <name>.debug_info</name>
         <load_address>0xb1ec</load_address>
         <run_address>0xb1ec</run_address>
         <size>0x2b5</size>
         <input_file_ref idref="fl-21"/>
      </object_component>
      <object_component id="oc-2e2">
         <name>.debug_info</name>
         <load_address>0xb4a1</load_address>
         <run_address>0xb4a1</run_address>
         <size>0x5f</size>
         <input_file_ref idref="fl-21"/>
      </object_component>
      <object_component id="oc-25e">
         <name>.debug_info</name>
         <load_address>0xb500</load_address>
         <run_address>0xb500</run_address>
         <size>0x223</size>
         <input_file_ref idref="fl-22"/>
      </object_component>
      <object_component id="oc-2ea">
         <name>.debug_info</name>
         <load_address>0xb723</load_address>
         <run_address>0xb723</run_address>
         <size>0x15a</size>
         <input_file_ref idref="fl-22"/>
      </object_component>
      <object_component id="oc-2ed">
         <name>.debug_info</name>
         <load_address>0xb87d</load_address>
         <run_address>0xb87d</run_address>
         <size>0x16c</size>
         <input_file_ref idref="fl-22"/>
      </object_component>
      <object_component id="oc-173">
         <name>.debug_info</name>
         <load_address>0xb9e9</load_address>
         <run_address>0xb9e9</run_address>
         <size>0x2ba</size>
         <input_file_ref idref="fl-22"/>
      </object_component>
      <object_component id="oc-265">
         <name>.debug_info</name>
         <load_address>0xbca3</load_address>
         <run_address>0xbca3</run_address>
         <size>0x2eb</size>
         <input_file_ref idref="fl-22"/>
      </object_component>
      <object_component id="oc-2b8">
         <name>.debug_info</name>
         <load_address>0xbf8e</load_address>
         <run_address>0xbf8e</run_address>
         <size>0x284</size>
         <input_file_ref idref="fl-22"/>
      </object_component>
      <object_component id="oc-185">
         <name>.debug_info</name>
         <load_address>0xc212</load_address>
         <run_address>0xc212</run_address>
         <size>0x2e4</size>
         <input_file_ref idref="fl-22"/>
      </object_component>
      <object_component id="oc-18b">
         <name>.debug_info</name>
         <load_address>0xc4f6</load_address>
         <run_address>0xc4f6</run_address>
         <size>0x294</size>
         <input_file_ref idref="fl-22"/>
      </object_component>
      <object_component id="oc-2be">
         <name>.debug_info</name>
         <load_address>0xc78a</load_address>
         <run_address>0xc78a</run_address>
         <size>0x296</size>
         <input_file_ref idref="fl-22"/>
      </object_component>
      <object_component id="oc-17f">
         <name>.debug_info</name>
         <load_address>0xca20</load_address>
         <run_address>0xca20</run_address>
         <size>0x292</size>
         <input_file_ref idref="fl-22"/>
      </object_component>
      <object_component id="oc-179">
         <name>.debug_info</name>
         <load_address>0xccb2</load_address>
         <run_address>0xccb2</run_address>
         <size>0x27f</size>
         <input_file_ref idref="fl-22"/>
      </object_component>
      <object_component id="oc-161">
         <name>.debug_info</name>
         <load_address>0xcf31</load_address>
         <run_address>0xcf31</run_address>
         <size>0x281</size>
         <input_file_ref idref="fl-22"/>
      </object_component>
      <object_component id="oc-16d">
         <name>.debug_info</name>
         <load_address>0xd1b2</load_address>
         <run_address>0xd1b2</run_address>
         <size>0x28c</size>
         <input_file_ref idref="fl-22"/>
      </object_component>
      <object_component id="oc-167">
         <name>.debug_info</name>
         <load_address>0xd43e</load_address>
         <run_address>0xd43e</run_address>
         <size>0x296</size>
         <input_file_ref idref="fl-22"/>
      </object_component>
      <object_component id="oc-8d">
         <name>.debug_info</name>
         <load_address>0xd6d4</load_address>
         <run_address>0xd6d4</run_address>
         <size>0x13f</size>
         <input_file_ref idref="fl-da"/>
      </object_component>
      <object_component id="oc-13f">
         <name>.debug_info</name>
         <load_address>0xd813</load_address>
         <run_address>0xd813</run_address>
         <size>0x132</size>
         <input_file_ref idref="fl-dc"/>
      </object_component>
      <object_component id="oc-143">
         <name>.debug_info</name>
         <load_address>0xd945</load_address>
         <run_address>0xd945</run_address>
         <size>0x126</size>
         <input_file_ref idref="fl-dd"/>
      </object_component>
      <object_component id="oc-138">
         <name>.debug_info</name>
         <load_address>0xda6b</load_address>
         <run_address>0xda6b</run_address>
         <size>0x124</size>
         <input_file_ref idref="fl-df"/>
      </object_component>
      <object_component id="oc-8b">
         <name>.debug_info</name>
         <load_address>0xdb8f</load_address>
         <run_address>0xdb8f</run_address>
         <size>0x313</size>
         <input_file_ref idref="fl-e1"/>
      </object_component>
      <object_component id="oc-4b">
         <name>.debug_info</name>
         <load_address>0xdea2</load_address>
         <run_address>0xdea2</run_address>
         <size>0x1aa</size>
         <input_file_ref idref="fl-e1"/>
      </object_component>
      <object_component id="oc-86">
         <name>.debug_info</name>
         <load_address>0xe04c</load_address>
         <run_address>0xe04c</run_address>
         <size>0x46</size>
         <input_file_ref idref="fl-e1"/>
      </object_component>
      <object_component id="oc-b7">
         <name>.debug_info</name>
         <load_address>0xe092</load_address>
         <run_address>0xe092</run_address>
         <size>0x2c</size>
         <input_file_ref idref="fl-e1"/>
      </object_component>
      <object_component id="oc-43">
         <name>.debug_info</name>
         <load_address>0xe0be</load_address>
         <run_address>0xe0be</run_address>
         <size>0x29d</size>
         <input_file_ref idref="fl-e2"/>
      </object_component>
      <object_component id="oc-1b">
         <name>.debug_info</name>
         <load_address>0xe35b</load_address>
         <run_address>0xe35b</run_address>
         <size>0x1df</size>
         <input_file_ref idref="fl-e2"/>
      </object_component>
      <object_component id="oc-3e">
         <name>.debug_info</name>
         <load_address>0xe53a</load_address>
         <run_address>0xe53a</run_address>
         <size>0x46</size>
         <input_file_ref idref="fl-e2"/>
      </object_component>
      <object_component id="oc-7e">
         <name>.debug_info</name>
         <load_address>0xe580</load_address>
         <run_address>0xe580</run_address>
         <size>0x2c</size>
         <input_file_ref idref="fl-e2"/>
      </object_component>
      <object_component id="oc-7c">
         <name>.debug_info</name>
         <load_address>0xe5ac</load_address>
         <run_address>0xe5ac</run_address>
         <size>0x293</size>
         <input_file_ref idref="fl-e3"/>
      </object_component>
      <object_component id="oc-13">
         <name>.debug_info</name>
         <load_address>0xe83f</load_address>
         <run_address>0xe83f</run_address>
         <size>0x245</size>
         <input_file_ref idref="fl-e3"/>
      </object_component>
      <object_component id="oc-2e">
         <name>.debug_info</name>
         <load_address>0xea84</load_address>
         <run_address>0xea84</run_address>
         <size>0x60</size>
         <input_file_ref idref="fl-e3"/>
      </object_component>
      <object_component id="oc-b0">
         <name>.debug_info</name>
         <load_address>0xeae4</load_address>
         <run_address>0xeae4</run_address>
         <size>0x46</size>
         <input_file_ref idref="fl-e3"/>
      </object_component>
      <object_component id="oc-77">
         <name>.debug_info</name>
         <load_address>0xeb2a</load_address>
         <run_address>0xeb2a</run_address>
         <size>0x39</size>
         <input_file_ref idref="fl-e3"/>
      </object_component>
      <object_component id="oc-22">
         <name>.debug_info</name>
         <load_address>0xeb63</load_address>
         <run_address>0xeb63</run_address>
         <size>0x100</size>
         <input_file_ref idref="fl-e4"/>
      </object_component>
      <object_component id="oc-57">
         <name>.debug_info</name>
         <load_address>0xec63</load_address>
         <run_address>0xec63</run_address>
         <size>0x1a4</size>
         <input_file_ref idref="fl-e4"/>
      </object_component>
      <object_component id="oc-39">
         <name>.debug_info</name>
         <load_address>0xee07</load_address>
         <run_address>0xee07</run_address>
         <size>0x111</size>
         <input_file_ref idref="fl-e5"/>
      </object_component>
      <object_component id="oc-19f">
         <name>.debug_info</name>
         <load_address>0xef18</load_address>
         <run_address>0xef18</run_address>
         <size>0x547</size>
         <input_file_ref idref="fl-e6"/>
      </object_component>
      <object_component id="oc-e7">
         <name>.debug_info</name>
         <load_address>0xf45f</load_address>
         <run_address>0xf45f</run_address>
         <size>0x19b</size>
         <input_file_ref idref="fl-e6"/>
      </object_component>
      <object_component id="oc-28b">
         <name>.debug_info</name>
         <load_address>0xf5fa</load_address>
         <run_address>0xf5fa</run_address>
         <size>0x39</size>
         <input_file_ref idref="fl-e6"/>
      </object_component>
      <object_component id="oc-2fa">
         <name>.debug_info</name>
         <load_address>0xf633</load_address>
         <run_address>0xf633</run_address>
         <size>0x39</size>
         <input_file_ref idref="fl-e6"/>
      </object_component>
      <object_component id="oc-290">
         <name>.debug_info</name>
         <load_address>0xf66c</load_address>
         <run_address>0xf66c</run_address>
         <size>0x39</size>
         <input_file_ref idref="fl-e6"/>
      </object_component>
      <object_component id="oc-295">
         <name>.debug_info</name>
         <load_address>0xf6a5</load_address>
         <run_address>0xf6a5</run_address>
         <size>0xcd</size>
         <input_file_ref idref="fl-e6"/>
      </object_component>
      <object_component id="oc-93">
         <name>.debug_info</name>
         <load_address>0xf772</load_address>
         <run_address>0xf772</run_address>
         <size>0x148</size>
         <input_file_ref idref="fl-e7"/>
      </object_component>
      <object_component id="oc-dc">
         <name>.debug_info</name>
         <load_address>0xf8ba</load_address>
         <run_address>0xf8ba</run_address>
         <size>0x117</size>
         <input_file_ref idref="fl-e9"/>
      </object_component>
      <object_component id="oc-357">
         <name>.debug_info</name>
         <load_address>0xf9d1</load_address>
         <run_address>0xf9d1</run_address>
         <size>0xcd</size>
      </object_component>
      <object_component id="oc-119">
         <name>.debug_line</name>
         <load_address>0x0</load_address>
         <run_address>0x0</run_address>
         <size>0x1ff</size>
         <input_file_ref idref="fl-2"/>
      </object_component>
      <object_component id="oc-9d">
         <name>.debug_line</name>
         <load_address>0x1ff</load_address>
         <run_address>0x1ff</run_address>
         <size>0x4b</size>
         <input_file_ref idref="fl-2"/>
      </object_component>
      <object_component id="oc-70">
         <name>.debug_line</name>
         <load_address>0x24a</load_address>
         <run_address>0x24a</run_address>
         <size>0x7b</size>
         <input_file_ref idref="fl-2"/>
      </object_component>
      <object_component id="oc-36">
         <name>.debug_line</name>
         <load_address>0x2c5</load_address>
         <run_address>0x2c5</run_address>
         <size>0x20</size>
         <input_file_ref idref="fl-2"/>
      </object_component>
      <object_component id="oc-ad">
         <name>.debug_line</name>
         <load_address>0x2e5</load_address>
         <run_address>0x2e5</run_address>
         <size>0x7f</size>
         <input_file_ref idref="fl-2"/>
      </object_component>
      <object_component id="oc-75">
         <name>.debug_line</name>
         <load_address>0x364</load_address>
         <run_address>0x364</run_address>
         <size>0x7c</size>
         <input_file_ref idref="fl-2"/>
      </object_component>
      <object_component id="oc-6c">
         <name>.debug_line</name>
         <load_address>0x3e0</load_address>
         <run_address>0x3e0</run_address>
         <size>0x41</size>
         <input_file_ref idref="fl-3"/>
      </object_component>
      <object_component id="oc-2b">
         <name>.debug_line</name>
         <load_address>0x421</load_address>
         <run_address>0x421</run_address>
         <size>0x41</size>
         <input_file_ref idref="fl-3"/>
      </object_component>
      <object_component id="oc-29">
         <name>.debug_line</name>
         <load_address>0x462</load_address>
         <run_address>0x462</run_address>
         <size>0xa1</size>
         <input_file_ref idref="fl-3"/>
      </object_component>
      <object_component id="oc-31f">
         <name>.debug_line</name>
         <load_address>0x503</load_address>
         <run_address>0x503</run_address>
         <size>0x20</size>
         <input_file_ref idref="fl-4"/>
      </object_component>
      <object_component id="oc-23e">
         <name>.debug_line</name>
         <load_address>0x523</load_address>
         <run_address>0x523</run_address>
         <size>0x83</size>
         <input_file_ref idref="fl-4"/>
      </object_component>
      <object_component id="oc-254">
         <name>.debug_line</name>
         <load_address>0x5a6</load_address>
         <run_address>0x5a6</run_address>
         <size>0x154</size>
         <input_file_ref idref="fl-5"/>
      </object_component>
      <object_component id="oc-252">
         <name>.debug_line</name>
         <load_address>0x6fa</load_address>
         <run_address>0x6fa</run_address>
         <size>0x8a</size>
         <input_file_ref idref="fl-5"/>
      </object_component>
      <object_component id="oc-cf">
         <name>.debug_line</name>
         <load_address>0x784</load_address>
         <run_address>0x784</run_address>
         <size>0xc2</size>
         <input_file_ref idref="fl-5"/>
      </object_component>
      <object_component id="oc-24f">
         <name>.debug_line</name>
         <load_address>0x846</load_address>
         <run_address>0x846</run_address>
         <size>0x8e</size>
         <input_file_ref idref="fl-5"/>
      </object_component>
      <object_component id="oc-152">
         <name>.debug_line</name>
         <load_address>0x8d4</load_address>
         <run_address>0x8d4</run_address>
         <size>0x20</size>
         <input_file_ref idref="fl-5"/>
      </object_component>
      <object_component id="oc-2df">
         <name>.debug_line</name>
         <load_address>0x8f4</load_address>
         <run_address>0x8f4</run_address>
         <size>0x53</size>
         <input_file_ref idref="fl-6"/>
      </object_component>
      <object_component id="oc-2db">
         <name>.debug_line</name>
         <load_address>0x947</load_address>
         <run_address>0x947</run_address>
         <size>0x38</size>
         <input_file_ref idref="fl-6"/>
      </object_component>
      <object_component id="oc-2dd">
         <name>.debug_line</name>
         <load_address>0x97f</load_address>
         <run_address>0x97f</run_address>
         <size>0x3a</size>
         <input_file_ref idref="fl-6"/>
      </object_component>
      <object_component id="oc-136">
         <name>.debug_line</name>
         <load_address>0x9b9</load_address>
         <run_address>0x9b9</run_address>
         <size>0x15e</size>
         <input_file_ref idref="fl-6"/>
      </object_component>
      <object_component id="oc-31d">
         <name>.debug_line</name>
         <load_address>0xb17</load_address>
         <run_address>0xb17</run_address>
         <size>0xcb</size>
         <input_file_ref idref="fl-7"/>
      </object_component>
      <object_component id="oc-ca">
         <name>.debug_line</name>
         <load_address>0xbe2</load_address>
         <run_address>0xbe2</run_address>
         <size>0xa5</size>
         <input_file_ref idref="fl-7"/>
      </object_component>
      <object_component id="oc-237">
         <name>.debug_line</name>
         <load_address>0xc87</load_address>
         <run_address>0xc87</run_address>
         <size>0x34</size>
         <input_file_ref idref="fl-7"/>
      </object_component>
      <object_component id="oc-24b">
         <name>.debug_line</name>
         <load_address>0xcbb</load_address>
         <run_address>0xcbb</run_address>
         <size>0x5c</size>
         <input_file_ref idref="fl-a"/>
      </object_component>
      <object_component id="oc-2cc">
         <name>.debug_line</name>
         <load_address>0xd17</load_address>
         <run_address>0xd17</run_address>
         <size>0x37</size>
         <input_file_ref idref="fl-d"/>
      </object_component>
      <object_component id="oc-121">
         <name>.debug_line</name>
         <load_address>0xd4e</load_address>
         <run_address>0xd4e</run_address>
         <size>0x184</size>
         <input_file_ref idref="fl-d"/>
      </object_component>
      <object_component id="oc-c1">
         <name>.debug_line</name>
         <load_address>0xed2</load_address>
         <run_address>0xed2</run_address>
         <size>0x4f</size>
         <input_file_ref idref="fl-e"/>
      </object_component>
      <object_component id="oc-233">
         <name>.debug_line</name>
         <load_address>0xf21</load_address>
         <run_address>0xf21</run_address>
         <size>0xa7</size>
         <input_file_ref idref="fl-11"/>
      </object_component>
      <object_component id="oc-127">
         <name>.debug_line</name>
         <load_address>0xfc8</load_address>
         <run_address>0xfc8</run_address>
         <size>0xa2</size>
         <input_file_ref idref="fl-11"/>
      </object_component>
      <object_component id="oc-1fb">
         <name>.debug_line</name>
         <load_address>0x106a</load_address>
         <run_address>0x106a</run_address>
         <size>0x168</size>
         <input_file_ref idref="fl-12"/>
      </object_component>
      <object_component id="oc-2f6">
         <name>.debug_line</name>
         <load_address>0x11d2</load_address>
         <run_address>0x11d2</run_address>
         <size>0x6d</size>
         <input_file_ref idref="fl-13"/>
      </object_component>
      <object_component id="oc-279">
         <name>.debug_line</name>
         <load_address>0x123f</load_address>
         <run_address>0x123f</run_address>
         <size>0x39</size>
         <input_file_ref idref="fl-13"/>
      </object_component>
      <object_component id="oc-d7">
         <name>.debug_line</name>
         <load_address>0x1278</load_address>
         <run_address>0x1278</run_address>
         <size>0x91</size>
         <input_file_ref idref="fl-13"/>
      </object_component>
      <object_component id="oc-11b">
         <name>.debug_line</name>
         <load_address>0x1309</load_address>
         <run_address>0x1309</run_address>
         <size>0x63</size>
         <input_file_ref idref="fl-16"/>
      </object_component>
      <object_component id="oc-259">
         <name>.debug_line</name>
         <load_address>0x136c</load_address>
         <run_address>0x136c</run_address>
         <size>0x69</size>
         <input_file_ref idref="fl-1c"/>
      </object_component>
      <object_component id="oc-30a">
         <name>.debug_line</name>
         <load_address>0x13d5</load_address>
         <run_address>0x13d5</run_address>
         <size>0x82</size>
         <input_file_ref idref="fl-1d"/>
      </object_component>
      <object_component id="oc-327">
         <name>.debug_line</name>
         <load_address>0x1457</load_address>
         <run_address>0x1457</run_address>
         <size>0x7d</size>
         <input_file_ref idref="fl-1d"/>
      </object_component>
      <object_component id="oc-329">
         <name>.debug_line</name>
         <load_address>0x14d4</load_address>
         <run_address>0x14d4</run_address>
         <size>0x7d</size>
         <input_file_ref idref="fl-1d"/>
      </object_component>
      <object_component id="oc-319">
         <name>.debug_line</name>
         <load_address>0x1551</load_address>
         <run_address>0x1551</run_address>
         <size>0x7d</size>
         <input_file_ref idref="fl-1d"/>
      </object_component>
      <object_component id="oc-1c8">
         <name>.debug_line</name>
         <load_address>0x15ce</load_address>
         <run_address>0x15ce</run_address>
         <size>0x92</size>
         <input_file_ref idref="fl-1d"/>
      </object_component>
      <object_component id="oc-2a2">
         <name>.debug_line</name>
         <load_address>0x1660</load_address>
         <run_address>0x1660</run_address>
         <size>0x95</size>
         <input_file_ref idref="fl-1d"/>
      </object_component>
      <object_component id="oc-1ec">
         <name>.debug_line</name>
         <load_address>0x16f5</load_address>
         <run_address>0x16f5</run_address>
         <size>0xd1</size>
         <input_file_ref idref="fl-1d"/>
      </object_component>
      <object_component id="oc-214">
         <name>.debug_line</name>
         <load_address>0x17c6</load_address>
         <run_address>0x17c6</run_address>
         <size>0x93</size>
         <input_file_ref idref="fl-1d"/>
      </object_component>
      <object_component id="oc-1c2">
         <name>.debug_line</name>
         <load_address>0x1859</load_address>
         <run_address>0x1859</run_address>
         <size>0x99</size>
         <input_file_ref idref="fl-1d"/>
      </object_component>
      <object_component id="oc-1ce">
         <name>.debug_line</name>
         <load_address>0x18f2</load_address>
         <run_address>0x18f2</run_address>
         <size>0x93</size>
         <input_file_ref idref="fl-1d"/>
      </object_component>
      <object_component id="oc-20f">
         <name>.debug_line</name>
         <load_address>0x1985</load_address>
         <run_address>0x1985</run_address>
         <size>0xa7</size>
         <input_file_ref idref="fl-1d"/>
      </object_component>
      <object_component id="oc-2ae">
         <name>.debug_line</name>
         <load_address>0x1a2c</load_address>
         <run_address>0x1a2c</run_address>
         <size>0xa6</size>
         <input_file_ref idref="fl-1d"/>
      </object_component>
      <object_component id="oc-1e3">
         <name>.debug_line</name>
         <load_address>0x1ad2</load_address>
         <run_address>0x1ad2</run_address>
         <size>0x99</size>
         <input_file_ref idref="fl-1d"/>
      </object_component>
      <object_component id="oc-1f5">
         <name>.debug_line</name>
         <load_address>0x1b6b</load_address>
         <run_address>0x1b6b</run_address>
         <size>0x92</size>
         <input_file_ref idref="fl-1d"/>
      </object_component>
      <object_component id="oc-1dd">
         <name>.debug_line</name>
         <load_address>0x1bfd</load_address>
         <run_address>0x1bfd</run_address>
         <size>0x99</size>
         <input_file_ref idref="fl-1d"/>
      </object_component>
      <object_component id="oc-1e9">
         <name>.debug_line</name>
         <load_address>0x1c96</load_address>
         <run_address>0x1c96</run_address>
         <size>0x92</size>
         <input_file_ref idref="fl-1d"/>
      </object_component>
      <object_component id="oc-201">
         <name>.debug_line</name>
         <load_address>0x1d28</load_address>
         <run_address>0x1d28</run_address>
         <size>0x92</size>
         <input_file_ref idref="fl-1d"/>
      </object_component>
      <object_component id="oc-1d7">
         <name>.debug_line</name>
         <load_address>0x1dba</load_address>
         <run_address>0x1dba</run_address>
         <size>0x92</size>
         <input_file_ref idref="fl-1d"/>
      </object_component>
      <object_component id="oc-317">
         <name>.debug_line</name>
         <load_address>0x1e4c</load_address>
         <run_address>0x1e4c</run_address>
         <size>0x7c</size>
         <input_file_ref idref="fl-1e"/>
      </object_component>
      <object_component id="oc-315">
         <name>.debug_line</name>
         <load_address>0x1ec8</load_address>
         <run_address>0x1ec8</run_address>
         <size>0x82</size>
         <input_file_ref idref="fl-1e"/>
      </object_component>
      <object_component id="oc-325">
         <name>.debug_line</name>
         <load_address>0x1f4a</load_address>
         <run_address>0x1f4a</run_address>
         <size>0x82</size>
         <input_file_ref idref="fl-1e"/>
      </object_component>
      <object_component id="oc-26f">
         <name>.debug_line</name>
         <load_address>0x1fcc</load_address>
         <run_address>0x1fcc</run_address>
         <size>0xaf</size>
         <input_file_ref idref="fl-1e"/>
      </object_component>
      <object_component id="oc-271">
         <name>.debug_line</name>
         <load_address>0x207b</load_address>
         <run_address>0x207b</run_address>
         <size>0xc2</size>
         <input_file_ref idref="fl-1e"/>
      </object_component>
      <object_component id="oc-204">
         <name>.debug_line</name>
         <load_address>0x213d</load_address>
         <run_address>0x213d</run_address>
         <size>0xc2</size>
         <input_file_ref idref="fl-1e"/>
      </object_component>
      <object_component id="oc-31b">
         <name>.debug_line</name>
         <load_address>0x21ff</load_address>
         <run_address>0x21ff</run_address>
         <size>0x82</size>
         <input_file_ref idref="fl-20"/>
      </object_component>
      <object_component id="oc-223">
         <name>.debug_line</name>
         <load_address>0x2281</load_address>
         <run_address>0x2281</run_address>
         <size>0x91</size>
         <input_file_ref idref="fl-20"/>
      </object_component>
      <object_component id="oc-229">
         <name>.debug_line</name>
         <load_address>0x2312</load_address>
         <run_address>0x2312</run_address>
         <size>0x94</size>
         <input_file_ref idref="fl-20"/>
      </object_component>
      <object_component id="oc-21d">
         <name>.debug_line</name>
         <load_address>0x23a6</load_address>
         <run_address>0x23a6</run_address>
         <size>0xa3</size>
         <input_file_ref idref="fl-20"/>
      </object_component>
      <object_component id="oc-22f">
         <name>.debug_line</name>
         <load_address>0x2449</load_address>
         <run_address>0x2449</run_address>
         <size>0x91</size>
         <input_file_ref idref="fl-20"/>
      </object_component>
      <object_component id="oc-2e1">
         <name>.debug_line</name>
         <load_address>0x24da</load_address>
         <run_address>0x24da</run_address>
         <size>0x13d</size>
         <input_file_ref idref="fl-21"/>
      </object_component>
      <object_component id="oc-307">
         <name>.debug_line</name>
         <load_address>0x2617</load_address>
         <run_address>0x2617</run_address>
         <size>0x7f</size>
         <input_file_ref idref="fl-21"/>
      </object_component>
      <object_component id="oc-15b">
         <name>.debug_line</name>
         <load_address>0x2696</load_address>
         <run_address>0x2696</run_address>
         <size>0x94</size>
         <input_file_ref idref="fl-21"/>
      </object_component>
      <object_component id="oc-155">
         <name>.debug_line</name>
         <load_address>0x272a</load_address>
         <run_address>0x272a</run_address>
         <size>0x94</size>
         <input_file_ref idref="fl-21"/>
      </object_component>
      <object_component id="oc-1b6">
         <name>.debug_line</name>
         <load_address>0x27be</load_address>
         <run_address>0x27be</run_address>
         <size>0xee</size>
         <input_file_ref idref="fl-21"/>
      </object_component>
      <object_component id="oc-1bc">
         <name>.debug_line</name>
         <load_address>0x28ac</load_address>
         <run_address>0x28ac</run_address>
         <size>0x11a</size>
         <input_file_ref idref="fl-21"/>
      </object_component>
      <object_component id="oc-2e5">
         <name>.debug_line</name>
         <load_address>0x29c6</load_address>
         <run_address>0x29c6</run_address>
         <size>0x7f</size>
         <input_file_ref idref="fl-21"/>
      </object_component>
      <object_component id="oc-2e8">
         <name>.debug_line</name>
         <load_address>0x2a45</load_address>
         <run_address>0x2a45</run_address>
         <size>0x82</size>
         <input_file_ref idref="fl-22"/>
      </object_component>
[...]
            </allocated_space>
            <available_space>
               <start_address>0x2000090d</start_address>
               <size>0x3</size>
            </available_space>
            <allocated_space>
               <start_address>0x20000910</start_address>
               <size>0x200</size>
               <logical_group_ref idref="lg-d"/>
            </allocated_space>
            <allocated_space>
               <start_address>0x20000b10</start_address>
               <size>0xe</size>
               <logical_group_ref idref="lg-a"/>
            </allocated_space>
            <available_space>
               <start_address>0x20000b1e</start_address>
               <size>0x74e2</size>
            </available_space>
         </usage_details>
      </memory_area>
   </placement_map>
   <cptbl_list>
      <cptbl>
         <name>__TI_cinit_table</name>
         <cprec>
            <name>.bss</name>
            <load_address>0x4348</load_address>
            <load_size>0x8</load_size>
            <run_address>0x2000026c</run_address>
            <run_size>0x6a1</run_size>
            <compression>zero_init</compression>
         </cprec>
         <cprec>
            <name>.vtable</name>
            <load_address>0x4350</load_address>
            <load_size>0x8</load_size>
            <run_address>0x20000000</run_address>
            <run_size>0x26c</run_size>
            <compression>zero_init</compression>
         </cprec>
         <cprec>
            <name>.data</name>
            <load_address>0x4358</load_address>
            <load_size>0x7</load_size>
            <run_address>0x20000b10</run_address>
            <run_size>0xe</run_size>
            <compression>lzss</compression>
         </cprec>
      </cptbl>
   </cptbl_list>
   <handler_table>
      <handler_table_name>__TI_handler_table</handler_table_name>
      <handler>
         <index>0x0</index>
         <name>__TI_zero_init</name>
      </handler>
      <handler>
         <index>0x1</index>
         <name>__TI_decompress_lzss</name>
      </handler>
      <handler>
         <index>0x2</index>
         <name>__TI_decompress_none</name>
      </handler>
   </handler_table>
   <symbol_table>
      <symbol id="sm-1">
         <name>__STACK_TOP</name>
         <value>0x20000b10</value>
      </symbol>
      <symbol id="sm-2">
         <name>__TI_CINIT_Base</name>
         <value>0x4360</value>
      </symbol>
      <symbol id="sm-3">
         <name>__TI_CINIT_Limit</name>
         <value>0x4378</value>
      </symbol>
      <symbol id="sm-4">
         <name>__TI_Handler_Table_Base</name>
         <value>0x4338</value>
      </symbol>
      <symbol id="sm-5">
         <name>__TI_Handler_Table_Limit</name>
         <value>0x4344</value>
      </symbol>
      <symbol id="sm-6">
         <name>binit</name>
         <value>0xffffffff</value>
      </symbol>
      <symbol id="sm-7">
         <name>__binit__</name>
         <value>0xffffffff</value>
      </symbol>
      <symbol id="sm-8">
         <name>__STACK_SIZE</name>
         <value>0x200</value>
      </symbol>
      <symbol id="sm-9">
         <name>__STACK_END</name>
         <value>0x20000b10</value>
      </symbol>
      <symbol id="sm-a">
         <name>__c_args__</name>
         <value>0xffffffff</value>
      </symbol>
      <symbol id="sm-b">
         <name>__TI_pprof_out_hndl</name>
         <value>0xffffffff</value>
      </symbol>
      <symbol id="sm-c">
         <name>__TI_prof_data_start</name>
         <value>0xffffffff</value>
      </symbol>
      <symbol id="sm-d">
         <name>__TI_prof_data_size</name>
         <value>0xffffffff</value>
      </symbol>
      <symbol id="sm-44">
         <name>main</name>
         <value>0x419b</value>
         <object_component_ref idref="oc-98"/>
      </symbol>
      <symbol id="sm-60">
         <name>ResetISR</name>
         <value>0x42cb</value>
         <object_component_ref idref="oc-24"/>
      </symbol>
      <symbol id="sm-61">
         <name>g_pfnVectors</name>
         <value>0x0</value>
         <object_component_ref idref="oc-f"/>
      </symbol>
      <symbol id="sm-73">
         <name>Scramble_data</name>
         <value>0x3a39</value>
         <object_component_ref idref="oc-239"/>
      </symbol>
      <symbol id="sm-af">
         <name>test_rampe_ADC56</name>
         <value>0x3355</value>
         <object_component_ref idref="oc-cd"/>
      </symbol>
      <symbol id="sm-b0">
         <name>clear_test_vect</name>
         <value>0x3291</value>
         <object_component_ref idref="oc-cd"/>
      </symbol>
      <symbol id="sm-b1">
         <name>test_fft</name>
         <value>0x32fb</value>
         <object_component_ref idref="oc-cd"/>
      </symbol>
      <symbol id="sm-ec">
         <name>do_fft_radix2</name>
         <value>0x2891</value>
         <object_component_ref idref="oc-131"/>
      </symbol>
      <symbol id="sm-ed">
         <name>fft_radix2_var</name>
         <value>0x2b11</value>
         <object_component_ref idref="oc-131"/>
      </symbol>
      <symbol id="sm-ee">
         <name>get_num_stage</name>
         <value>0x2d65</value>
         <object_component_ref idref="oc-131"/>
      </symbol>
      <symbol id="sm-10e">
         <name>dlAdc56WriteCommand</name>
         <value>0x36c5</value>
         <object_component_ref idref="oc-c6"/>
      </symbol>
      <symbol id="sm-10f">
         <name>dlAdc56WriteSetpoint</name>
         <value>0x3661</value>
         <object_component_ref idref="oc-c6"/>
      </symbol>
      <symbol id="sm-117">
         <name>sensor_data_</name>
         <value>0x2000026c</value>
      </symbol>
      <symbol id="sm-14c">
         <name>extIntBHandler</name>
         <value>0x2f57</value>
         <object_component_ref idref="oc-120"/>
      </symbol>
      <symbol id="sm-14d">
         <name>configPort_F</name>
         <value>0x2f0d</value>
         <object_component_ref idref="oc-120"/>
      </symbol>
      <symbol id="sm-14e">
         <name>configPort_D</name>
         <value>0x2e77</value>
         <object_component_ref idref="oc-120"/>
      </symbol>
      <symbol id="sm-14f">
         <name>configPort_E</name>
         <value>0x2ed1</value>
         <object_component_ref idref="oc-120"/>
      </symbol>
      <symbol id="sm-150">
         <name>configPort_B</name>
         <value>0x2e09</value>
         <object_component_ref idref="oc-120"/>
      </symbol>
      <symbol id="sm-151">
         <name>configPort_C</name>
         <value>0x2e51</value>
         <object_component_ref idref="oc-120"/>
      </symbol>
      <symbol id="sm-152">
         <name>configPort_A</name>
         <value>0x2dd5</value>
         <object_component_ref idref="oc-120"/>
      </symbol>
      <symbol id="sm-153">
         <name>is_switch_active</name>
         <value>0x20000b1d</value>
         <object_component_ref idref="oc-209"/>
      </symbol>
      <symbol id="sm-154">
         <name>extIntFHandler</name>
         <value>0x2fbf</value>
         <object_component_ref idref="oc-120"/>
      </symbol>
      <symbol id="sm-155">
         <name>halGpioInit</name>
         <value>0x2db9</value>
         <object_component_ref idref="oc-120"/>
      </symbol>
      <symbol id="sm-15f">
         <name>hal_init</name>
         <value>0x4231</value>
         <object_component_ref idref="oc-c0"/>
      </symbol>
      <symbol id="sm-180">
         <name>Radar_com_</name>
         <value>0x20000708</value>
      </symbol>
      <symbol id="sm-181">
         <name>is_AD5601_com_busy</name>
         <value>0x3a07</value>
         <object_component_ref idref="oc-126"/>
      </symbol>
      <symbol id="sm-182">
         <name>halSSI2Init</name>
         <value>0x394d</value>
         <object_component_ref idref="oc-126"/>
      </symbol>
      <symbol id="sm-183">
         <name>halAD5601Transmit</name>
         <value>0x39b5</value>
         <object_component_ref idref="oc-126"/>
      </symbol>
      <symbol id="sm-1ad">
         <name>halStartTimer2_Both</name>
         <value>0x3227</value>
         <object_component_ref idref="oc-1f7"/>
      </symbol>
      <symbol id="sm-1ae">
         <name>halStartTimer2_B</name>
         <value>0x31ed</value>
         <object_component_ref idref="oc-1f7"/>
      </symbol>
      <symbol id="sm-1af">
         <name>halStartTimer2_A</name>
         <value>0x31bd</value>
         <object_component_ref idref="oc-1f7"/>
      </symbol>
      <symbol id="sm-1b0">
         <name>halTimer2Init</name>
         <value>0x3031</value>
         <object_component_ref idref="oc-1f7"/>
      </symbol>
      <symbol id="sm-1b1">
         <name>halStopTimer2_Both</name>
         <value>0x323f</value>
         <object_component_ref idref="oc-1f7"/>
      </symbol>
      <symbol id="sm-1b2">
         <name>halStopTimer2_A</name>
         <value>0x31d1</value>
         <object_component_ref idref="oc-1f7"/>
      </symbol>
      <symbol id="sm-1b3">
         <name>halStopTimer2_B</name>
         <value>0x3205</value>
         <object_component_ref idref="oc-1f7"/>
      </symbol>
      <symbol id="sm-1b4">
         <name>timer2ISR</name>
         <value>0x30a3</value>
         <object_component_ref idref="oc-1f7"/>
      </symbol>
      <symbol id="sm-1cf">
         <name>gptm_systime_64us_steps</name>
         <value>0x20000b10</value>
         <object_component_ref idref="oc-190"/>
      </symbol>
      <symbol id="sm-1d0">
         <name>get_systime_us</name>
         <value>0x3b97</value>
         <object_component_ref idref="oc-d3"/>
      </symbol>
      <symbol id="sm-1d1">
         <name>timer3ISR</name>
         <value>0x3b77</value>
         <object_component_ref idref="oc-d3"/>
      </symbol>
      <symbol id="sm-1d2">
         <name>hal_GPTM_init</name>
         <value>0x3b1d</value>
         <object_component_ref idref="oc-d3"/>
      </symbol>
      <symbol id="sm-1e1">
         <name>halSysClkInit</name>
         <value>0x4219</value>
         <object_component_ref idref="oc-11a"/>
      </symbol>
      <symbol id="sm-1e2">
         <name>getClkValue</name>
         <value>0x4223</value>
         <object_component_ref idref="oc-11a"/>
      </symbol>
      <symbol id="sm-281">
         <name>GPIOIntRegister</name>
         <value>0x41b9</value>
         <object_component_ref idref="oc-1d9"/>
      </symbol>
      <symbol id="sm-282">
         <name>GPIOPinConfigure</name>
         <value>0x3f0d</value>
         <object_component_ref idref="oc-20d"/>
      </symbol>
      <symbol id="sm-283">
         <name>GPIOIntDisable</name>
         <value>0x427b</value>
         <object_component_ref idref="oc-1fd"/>
      </symbol>
      <symbol id="sm-284">
         <name>GPIOIntEnable</name>
         <value>0x42b3</value>
         <object_component_ref idref="oc-1e5"/>
      </symbol>
      <symbol id="sm-285">
         <name>GPIOIntTypeSet</name>
         <value>0x3e69</value>
         <object_component_ref idref="oc-1df"/>
      </symbol>
      <symbol id="sm-286">
         <name>GPIOPinTypeGPIOInput</name>
         <value>0x4245</value>
         <object_component_ref idref="oc-1cd"/>
      </symbol>
      <symbol id="sm-287">
         <name>GPIOIntClear</name>
         <value>0x430f</value>
         <object_component_ref idref="oc-1d3"/>
      </symbol>
      <symbol id="sm-288">
         <name>GPIOIntStatus</name>
         <value>0x4289</value>
         <object_component_ref idref="oc-1f1"/>
      </symbol>
      <symbol id="sm-289">
         <name>GPIOPinTypeGPIOOutput</name>
         <value>0x41d1</value>
         <object_component_ref idref="oc-1c1"/>
      </symbol>
      <symbol id="sm-28a">
         <name>GPIODirModeSet</name>
         <value>0x4171</value>
         <object_component_ref idref="oc-2a1"/>
      </symbol>
      <symbol id="sm-28b">
         <name>GPIOPinWrite</name>
         <value>0x4315</value>
         <object_component_ref idref="oc-1c7"/>
      </symbol>
      <symbol id="sm-28c">
         <name>GPIOPadConfigSet</name>
         <value>0x341d</value>
         <object_component_ref idref="oc-1eb"/>
      </symbol>
      <symbol id="sm-28d">
         <name>GPIOPinTypeSSI</name>
         <value>0x4257</value>
         <object_component_ref idref="oc-213"/>
      </symbol>
      <symbol id="sm-2d9">
         <name>IntEnable</name>
         <value>0x3d39</value>
         <object_component_ref idref="oc-270"/>
      </symbol>
      <symbol id="sm-2da">
         <name>IntDisable</name>
         <value>0x3cd1</value>
         <object_component_ref idref="oc-203"/>
      </symbol>
      <symbol id="sm-2db">
         <name>IntRegister</name>
         <value>0x4109</value>
         <object_component_ref idref="oc-26a"/>
      </symbol>
      <symbol id="sm-2dc">
         <name>g_pfnRAMVectors</name>
         <value>0x20000000</value>
         <object_component_ref idref="oc-2f0"/>
      </symbol>
      <symbol id="sm-304">
         <name>SSIDataPut</name>
         <value>0x42d7</value>
         <object_component_ref idref="oc-225"/>
      </symbol>
      <symbol id="sm-305">
         <name>SSIConfigSetExpClk</name>
         <value>0x4025</value>
         <object_component_ref idref="oc-219"/>
      </symbol>
      <symbol id="sm-306">
         <name>SSIEnable</name>
         <value>0x42e1</value>
         <object_component_ref idref="oc-21f"/>
      </symbol>
      <symbol id="sm-307">
         <name>SSIBusy</name>
         <value>0x42ff</value>
         <object_component_ref idref="oc-22b"/>
      </symbol>
      <symbol id="sm-364">
         <name>SysCtlClockSet</name>
         <value>0x3859</value>
         <object_component_ref idref="oc-1b4"/>
      </symbol>
      <symbol id="sm-365">
         <name>SysCtlDelay</name>
         <value>0x431b</value>
         <object_component_ref idref="oc-cc"/>
      </symbol>
      <symbol id="sm-366">
         <name>SysCtlPeripheralEnable</name>
         <value>0x413d</value>
         <object_component_ref idref="oc-154"/>
      </symbol>
      <symbol id="sm-367">
         <name>SysCtlClockGet</name>
         <value>0x3551</value>
         <object_component_ref idref="oc-1ba"/>
      </symbol>
      <symbol id="sm-368">
         <name>SysCtlPeripheralReady</name>
         <value>0x4061</value>
         <object_component_ref idref="oc-15a"/>
      </symbol>
      <symbol id="sm-3e5">
         <name>TimerLoadSet</name>
         <value>0x4269</value>
         <object_component_ref idref="oc-172"/>
      </symbol>
      <symbol id="sm-3e6">
         <name>TimerDisable</name>
         <value>0x41e9</value>
         <object_component_ref idref="oc-160"/>
      </symbol>
      <symbol id="sm-3e7">
         <name>TimerIntRegister</name>
         <value>0x4201</value>
         <object_component_ref idref="oc-184"/>
      </symbol>
      <symbol id="sm-3e8">
         <name>TimerEnable</name>
         <value>0x4297</value>
         <object_component_ref idref="oc-178"/>
      </symbol>
      <symbol id="sm-3e9">
         <name>TimerIntStatus</name>
         <value>0x42f5</value>
         <object_component_ref idref="oc-2b7"/>
      </symbol>
      <symbol id="sm-3ea">
         <name>TimerIntDisable</name>
         <value>0x42eb</value>
         <object_component_ref idref="oc-2bd"/>
      </symbol>
      <symbol id="sm-3eb">
         <name>TimerIntEnable</name>
         <value>0x4307</value>
         <object_component_ref idref="oc-18a"/>
      </symbol>
      <symbol id="sm-3ec">
         <name>TimerClockSourceSet</name>
         <value>0x4321</value>
         <object_component_ref idref="oc-166"/>
      </symbol>
      <symbol id="sm-3ed">
         <name>TimerConfigure</name>
         <value>0x3e09</value>
         <object_component_ref idref="oc-16c"/>
      </symbol>
      <symbol id="sm-3ee">
         <name>TimerIntClear</name>
         <value>0x4327</value>
         <object_component_ref idref="oc-17e"/>
      </symbol>
      <symbol id="sm-3ff">
         <name>__aeabi_memset</name>
         <value>0x3c57</value>
         <object_component_ref idref="oc-8c"/>
      </symbol>
      <symbol id="sm-400">
         <name>memset</name>
         <value>0x3c5d</value>
         <object_component_ref idref="oc-8c"/>
      </symbol>
      <symbol id="sm-401">
         <name>__aeabi_memset8</name>
         <value>0x3c57</value>
         <object_component_ref idref="oc-8c"/>
      </symbol>
      <symbol id="sm-402">
         <name>__aeabi_memset4</name>
         <value>0x3c57</value>
         <object_component_ref idref="oc-8c"/>
      </symbol>
      <symbol id="sm-403">
         <name>__aeabi_memclr8</name>
         <value>0x3c55</value>
         <object_component_ref idref="oc-8c"/>
      </symbol>
      <symbol id="sm-404">
         <name>__aeabi_memclr4</name>
         <value>0x3c55</value>
         <object_component_ref idref="oc-8c"/>
      </symbol>
      <symbol id="sm-405">
         <name>__aeabi_memclr</name>
         <value>0x3c55</value>
         <object_component_ref idref="oc-8c"/>
      </symbol>
      <symbol id="sm-411">
         <name>__aeabi_dmul</name>
         <value>0x375d</value>
         <object_component_ref idref="oc-13c"/>
      </symbol>
      <symbol id="sm-41b">
         <name>__aeabi_d2iz</name>
         <value>0x3f55</value>
         <object_component_ref idref="oc-141"/>
      </symbol>
      <symbol id="sm-427">
         <name>__aeabi_f2d</name>
         <value>0x40d1</value>
         <object_component_ref idref="oc-137"/>
      </symbol>
      <symbol id="sm-43f">
         <name>__TI_zero_init</name>
         <value>0x42bf</value>
         <object_component_ref idref="oc-4a"/>
      </symbol>
      <symbol id="sm-456">
         <name>__TI_decompress_none</name>
         <value>0x42a5</value>
         <object_component_ref idref="oc-18"/>
      </symbol>
      <symbol id="sm-479">
         <name>__TI_decompress_lzss</name>
         <value>0x3da1</value>
         <object_component_ref idref="oc-12"/>
      </symbol>
      <symbol id="sm-48c">
         <name>__stack</name>
         <value>0x20000910</value>
         <object_component_ref idref="oc-21"/>
      </symbol>
      <symbol id="sm-48d">
         <name>_c_int00_noargs</name>
         <value>0x4099</value>
         <object_component_ref idref="oc-56"/>
      </symbol>
      <symbol id="sm-4a8">
         <name>memcpy</name>
         <value>0x3bb9</value>
         <object_component_ref idref="oc-38"/>
      </symbol>
      <symbol id="sm-4a9">
         <name>__aeabi_memcpy</name>
         <value>0x3bb9</value>
         <object_component_ref idref="oc-38"/>
      </symbol>
      <symbol id="sm-4aa">
         <name>__aeabi_memcpy8</name>
         <value>0x3bb9</value>
         <object_component_ref idref="oc-38"/>
      </symbol>
      <symbol id="sm-4ab">
         <name>__aeabi_memcpy4</name>
         <value>0x3bb9</value>
         <object_component_ref idref="oc-38"/>
      </symbol>
      <symbol id="sm-4d3">
         <name>__TI_auto_init_nobinit_nopinit</name>
         <value>0x3fe1</value>
         <object_component_ref idref="oc-e6"/>
      </symbol>
      <symbol id="sm-4dd">
         <name>_system_pre_init</name>
         <value>0x432b</value>
         <object_component_ref idref="oc-92"/>
      </symbol>
      <symbol id="sm-4e9">
         <name>C$$EXIT</name>
         <value>0x432f</value>
         <object_component_ref idref="oc-da"/>
      </symbol>
      <symbol id="sm-4ea">
         <name>abort</name>
         <value>0x432f</value>
         <object_component_ref idref="oc-da"/>
      </symbol>
      <symbol id="sm-4ed">
         <name>__TI_static_base__</name>
         <value>0x0</value>
      </symbol>
      <symbol id="sm-4f0">
         <name>__mpu_init</name>
         <value>0x0</value>
      </symbol>
      <symbol id="sm-4f1">
         <name>_system_post_cinit</name>
         <value>0x0</value>
      </symbol>
   </symbol_table>
   <title>Link successful</title>
</link_info>
