******************************************************************************
                  TI ARM Linker PC v18.1.3                     
******************************************************************************
>> Linked Wed Oct 31 09:00:57 2018

OUTPUT FILE NAME:   <EM2_TIVA.out>
ENTRY POINT SYMBOL: "_c_int00_noargs"  address: 00004331


MEMORY CONFIGURATION

         name            origin    length      used     unused   attr    fill
----------------------  --------  ---------  --------  --------  ----  --------
  FLASH                 00000000   00040000  00004690  0003b970  R  X
  SRAM                  20000000   00008000  0000159a  00006a66  RW X


SEGMENT ALLOCATION MAP

run origin  load origin   length   init length attrs members
----------  ----------- ---------- ----------- ----- -------
00000000    00000000    00004690   00004690    r-x
  00000000    00000000    0000026c   0000026c    r-- .intvecs
  0000026c    0000026c    00002624   00002624    r-- .const
  00002890    00002890    00001db0   00001db0    r-x .text
  00004640    00004640    00000050   00000050    r-- .cinit
20000000    20000000    0000159c   00000000    rw-
  20000000    20000000    0000026c   00000000    rw- .vtable
  2000026c    2000026c    000010e2   00000000    rw- .bss
  20001350    20001350    00000200   00000000    rw- .stack
  20001550    20001550    0000004c   00000000    rw- .data


SECTION ALLOCATION MAP

 output                                  attributes/
section   page    origin      length       input sections
--------  ----  ----------  ----------   ----------------
.intvecs   0    00000000    0000026c     
                  00000000    0000026c     tm4c123gh6pm_startup_ccs.obj (.intvecs)

.const     0    0000026c    00002624     
                  0000026c    00002000     radix2_fft.obj (.const:twiddle1024)
                  0000226c    00000200     Source_test.obj (.const:test_sig128)
                  0000246c    000000d8     driverlib.lib : gpio.obj (.const:g_ppui32GPIOIntMapSnowflake)
                  00002544    000000c0                   : gpio.obj (.const:g_ppui32GPIOIntMapBlizzard)
                  00002604    00000090                   : gpio.obj (.const:g_pui32GPIOBaseAddrs)
                  00002694    00000080     radix2_fft.obj (.const:twiddle_array)
                  00002714    00000070     driverlib.lib : interrupt.obj (.const)
                  00002784    0000006c                   : sysctl.obj (.const:g_pui32Xtals)
                  000027f0    00000060                   : timer.obj (.const:g_ppui32TimerIntMap)
                  00002850    00000040                   : timer.obj (.const:g_ppui32TimerIntMapSnowflake)

.text      0    00002890    00001db0     
                  00002890    00000528     radix2_fft.obj (.text)
                  00002db8    00000278     hal_gpio.obj (.text)
                  00003030    00000260     hal_timer2.obj (.text)
                  00003290    000001d8     hal_adc.obj (.text)
                  00003468    00000180     Source_test.obj (.text)
                  000035e8    0000014c     hal_timer3.obj (.text)
                  00003734    00000132     driverlib.lib : gpio.obj (.text:GPIOPadConfigSet)
                  00003866    00000002     --HOLE-- [fill = 0]
                  00003868    00000110                   : sysctl.obj (.text:SysCtlClockGet)
                  00003978    0000010c     dl_AD5601.obj (.text)
                  00003a84    000000f4     driverlib.lib : sysctl.obj (.text:SysCtlClockSet)
                  00003b78    000000f0     hal_ssi2.obj (.text)
                  00003c68    000000e4     Scramble_data.obj (.text)
                  00003d4c    0000009c     rtsv7M4_T_le_v4SPD16_eabi.lib : memcpy_t2.asm.obj (.text)
                  00003de8    00000084     driverlib.lib : udma.obj (.text:uDMAChannelTransferSet)
                  00003e6c    0000007a                   : adc.obj (.text:ADCSequenceStepConfigure)
                  00003ee6    0000007a     rtsv7M4_T_le_v4SPD16_eabi.lib : memset_t2.asm.obj (.text)
                  00003f60    00000068     driverlib.lib : interrupt.obj (.text:IntDisable)
                  00003fc8    00000068                   : interrupt.obj (.text:IntEnable)
                  00004030    00000068     rtsv7M4_T_le_v4SPD16_eabi.lib : copy_decompress_lzss.c.obj (.text:decompress:lzss:__TI_decompress_lzss)
                  00004098    00000060     driverlib.lib : timer.obj (.text:TimerConfigure)
                  000040f8    00000056                   : gpio.obj (.text:GPIOIntTypeSet)
                  0000414e    00000050                   : adc.obj (.text:ADCSequenceConfigure)
                  0000419e    00000002     --HOLE-- [fill = 0]
                  000041a0    0000004c                   : timer.obj (.text:_TimerIntNumberGet)
                  000041ec    00000048                   : gpio.obj (.text:GPIOPinConfigure)
                  00004234    00000044                   : gpio.obj (.text:_GPIOIntNumberGet)
                  00004278    00000044     rtsv7M4_T_le_v4SPD16_eabi.lib : autoinit.c.obj (.text:__TI_auto_init_nobinit_nopinit:__TI_auto_init_nobinit_nopinit)
                  000042bc    0000003c     driverlib.lib : ssi.obj (.text:SSIConfigSetExpClk)
                  000042f8    00000038                   : sysctl.obj (.text:SysCtlPeripheralReady)
                  00004330    00000038     rtsv7M4_T_le_v4SPD16_eabi.lib : boot_cortex_m.c.obj (.text:_c_int00_noargs:_c_int00_noargs)
                  00004368    00000034     driverlib.lib : interrupt.obj (.text:IntRegister)
                  0000439c    00000034                   : sysctl.obj (.text:SysCtlPeripheralEnable)
                  000043d0    0000002a                   : gpio.obj (.text:GPIODirModeSet)
                  000043fa    0000001e                   : adc.obj (.text:ADCSequenceDataGet)
                  00004418    0000001e     main.obj (.text)
                  00004436    0000001a     hal_init.obj (.text)
                  00004450    00000018     driverlib.lib : adc.obj (.text:ADCProcessorTrigger)
                  00004468    00000018                   : gpio.obj (.text:GPIOIntRegister)
                  00004480    00000018                   : gpio.obj (.text:GPIOPinTypeGPIOOutput)
                  00004498    00000018                   : timer.obj (.text:TimerDisable)
                  000044b0    00000018                   : timer.obj (.text:TimerIntRegister)
                  000044c8    00000018     hal_usc.obj (.text)
                  000044e0    00000018     driverlib.lib : udma.obj (.text:uDMAChannelEnable)
                  000044f8    00000012                   : gpio.obj (.text:GPIOPinTypeADC)
                  0000450a    00000012                   : gpio.obj (.text:GPIOPinTypeGPIOInput)
                  0000451c    00000012                   : gpio.obj (.text:GPIOPinTypeSSI)
                  0000452e    00000012                   : timer.obj (.text:TimerLoadSet)
                  00004540    0000000e                   : adc.obj (.text:ADCHardwareOversampleConfigure)
                  0000454e    0000000e                   : adc.obj (.text:ADCSequenceDisable)
                  0000455c    0000000e                   : adc.obj (.text:ADCSequenceEnable)
                  0000456a    0000000e                   : gpio.obj (.text:GPIOIntDisable)
                  00004578    0000000e                   : gpio.obj (.text:GPIOIntStatus)
                  00004586    0000000e                   : timer.obj (.text:TimerEnable)
                  00004594    0000000e     rtsv7M4_T_le_v4SPD16_eabi.lib : copy_decompress_none.c.obj (.text:decompress:none:__TI_decompress_none)
                  000045a2    0000000c     driverlib.lib : adc.obj (.text:ADCReferenceSet)
                  000045ae    0000000c                   : gpio.obj (.text:GPIOIntEnable)
                  000045ba    0000000c     rtsv7M4_T_le_v4SPD16_eabi.lib : copy_zero_init.c.obj (.text:decompress:ZI:__TI_zero_init)
                  000045c6    0000000c     tm4c123gh6pm_startup_ccs.obj (.text)
                  000045d2    0000000a     driverlib.lib : adc.obj (.text:ADCIntClear)
                  000045dc    0000000a                   : ssi.obj (.text:SSIDataPut)
                  000045e6    0000000a                   : ssi.obj (.text:SSIEnable)
                  000045f0    0000000a                   : timer.obj (.text:TimerIntDisable)
                  000045fa    0000000a                   : timer.obj (.text:TimerIntStatus)
                  00004604    00000008                   : adc.obj (.text:ADCBusy)
                  0000460c    00000008                   : ssi.obj (.text:SSIBusy)
                  00004614    00000008                   : timer.obj (.text:TimerIntEnable)
                  0000461c    00000006                   : gpio.obj (.text:GPIOIntClear)
                  00004622    00000006                   : gpio.obj (.text:GPIOPinWrite)
                  00004628    00000006                   : sysctl.obj (.text:SysCtlDelay)
                  0000462e    00000006                   : timer.obj (.text:TimerClockSourceSet)
                  00004634    00000004                   : timer.obj (.text:TimerIntClear)
                  00004638    00000004     rtsv7M4_T_le_v4SPD16_eabi.lib : pre_init.c.obj (.text:_system_pre_init)
                  0000463c    00000004                                   : exit.c.obj (.text:abort:abort)

.cinit     0    00004640    00000050     
                  00004640    00000017     (.cinit..data.load) [load image, compression = lzss]
                  00004657    00000001     --HOLE-- [fill = 0]
                  00004658    0000000c     (__TI_handler_table)
                  00004664    00000004     --HOLE-- [fill = 0]
                  00004668    00000008     (.cinit..bss.load) [load image, compression = zero_init]
                  00004670    00000008     (.cinit..vtable.load) [load image, compression = zero_init]
                  00004678    00000018     (__TI_cinit_table)

.init_array 
*          0    00000000    00000000     UNINITIALIZED

.vtable    0    20000000    0000026c     UNINITIALIZED
                  20000000    0000026c     driverlib.lib : interrupt.obj (.vtable)

.bss       0    2000026c    000010e2     UNINITIALIZED
                  2000026c    0000109c     (.common:sensor_data_)
                  20001308    00000046     (.common:Radar_com_)

.data      0    20001550    0000004c     UNINITIALIZED
                  20001550    00000020     hal_adc.obj (.data:buffer)
                  20001570    00000010     Source_test.obj (.data)
                  20001580    0000000d     hal_timer3.obj (.data)
                  2000158d    00000001     hal_adc.obj (.data)
                  2000158e    00000001     hal_gpio.obj (.data)
                  2000158f    00000001     --HOLE--
                  20001590    00000008     hal_adc.obj (.data:radar_adc_)
                  20001598    00000004     hal_timer2.obj (.data)

.stack     0    20001350    00000200     UNINITIALIZED
                  20001350    00000004     rtsv7M4_T_le_v4SPD16_eabi.lib : boot_cortex_m.c.obj (.stack)
                  20001354    000001fc     --HOLE--

MODULE SUMMARY

       Module                         code   ro data   rw data
       ------                         ----   -------   -------
    .\
       tm4c123gh6pm_startup_ccs.obj   12     620       0      
       main.obj                       30     0         0      
    +--+------------------------------+------+---------+---------+
       Total:                         42     620       0      
                                                              
    .\F_AL\
       radix2_fft.obj                 1320   8320      0      
       Source_test.obj                384    512       16     
       Scramble_data.obj              228    0         0      
    +--+------------------------------+------+---------+---------+
       Total:                         1932   8832      16     
                                                              
    .\F_DL\
       dl_general.obj                 0      0         4252   
       dl_AD5601.obj                  268    0         70     
    +--+------------------------------+------+---------+---------+
       Total:                         268    0         4322   
                                                              
    .\F_HAL\
       hal_gpio.obj                   632    0         1      
       hal_timer2.obj                 608    0         4      
       hal_adc.obj                    472    0         41     
       hal_timer3.obj                 332    0         13     
       hal_ssi2.obj                   240    0         0      
       hal_init.obj                   26     0         0      
       hal_usc.obj                    24     0         0      
    +--+------------------------------+------+---------+---------+
       Total:                         2334   0         59     
                                                              
    D:/Tiva/TivaWare/driverlib/ccs/Debug/driverlib.lib
       gpio.obj                       728    552       0      
       interrupt.obj                  260    112       620    
       sysctl.obj                     630    108       0      
       timer.obj                      290    160       0      
       adc.obj                        328    0         0      
       udma.obj                       156    0         0      
       ssi.obj                        88     0         0      
    +--+------------------------------+------+---------+---------+
       Total:                         2480   932       620    
                                                              
    D:\Programs\TI_CodeComp\ccsv8\tools\compiler\ti-cgt-arm_18.1.3.LTS\lib\rtsv7M4_T_le_v4SPD16_eabi.lib
       memcpy_t2.asm.obj              156    0         0      
       memset_t2.asm.obj              122    0         0      
       copy_decompress_lzss.c.obj     104    0         0      
       autoinit.c.obj                 68     0         0      
       boot_cortex_m.c.obj            56     0         0      
       copy_decompress_none.c.obj     14     0         0      
       copy_zero_init.c.obj           12     0         0      
       exit.c.obj                     4      0         0      
       pre_init.c.obj                 4      0         0      
    +--+------------------------------+------+---------+---------+
       Total:                         540    0         0      
                                                              
       Stack:                         0      0         512    
       Linker Generated:              0      75        0      
    +--+------------------------------+------+---------+---------+
       Grand Total:                   7596   10459     5529   


LINKER GENERATED COPY TABLES

__TI_cinit_table @ 00004678 records: 3, size/record: 8, table size: 24
	.data: load addr=00004640, load size=00000017 bytes, run addr=20001550, run size=0000004c bytes, compression=lzss
	.bss: load addr=00004668, load size=00000008 bytes, run addr=2000026c, run size=000010e2 bytes, compression=zero_init
	.vtable: load addr=00004670, load size=00000008 bytes, run addr=20000000, run size=0000026c bytes, compression=zero_init


LINKER GENERATED HANDLER TABLE

__TI_handler_table @ 00004658 records: 3, size/record: 4, table size: 12
	index: 0, handler: __TI_zero_init
	index: 1, handler: __TI_decompress_lzss
	index: 2, handler: __TI_decompress_none


GLOBAL SYMBOLS: SORTED ALPHABETICALLY BY Name 

address   name                          
-------   ----                          
000033b3  ADC1ISR                       
00004605  ADCBusy                       
00004541  ADCHardwareOversampleConfigure
000045d3  ADCIntClear                   
00004451  ADCProcessorTrigger           
000045a3  ADCReferenceSet               
0000414f  ADCSequenceConfigure          
000043fb  ADCSequenceDataGet            
0000454f  ADCSequenceDisable            
0000455d  ADCSequenceEnable             
00003e6d  ADCSequenceStepConfigure      
0000463d  C$$EXIT                       
000043d1  GPIODirModeSet                
0000461d  GPIOIntClear                  
0000456b  GPIOIntDisable                
000045af  GPIOIntEnable                 
00004469  GPIOIntRegister               
00004579  GPIOIntStatus                 
000040f9  GPIOIntTypeSet                
00003735  GPIOPadConfigSet              
000041ed  GPIOPinConfigure              
000044f9  GPIOPinTypeADC                
0000450b  GPIOPinTypeGPIOInput          
00004481  GPIOPinTypeGPIOOutput         
0000451d  GPIOPinTypeSSI                
00004623  GPIOPinWrite                  
00003f61  IntDisable                    
00003fc9  IntEnable                     
00004369  IntRegister                   
20001308  Radar_com_                    
000045c7  ResetISR                      
0000460d  SSIBusy                       
000042bd  SSIConfigSetExpClk            
000045dd  SSIDataPut                    
000045e7  SSIEnable                     
00003c69  Scramble_data                 
00003869  SysCtlClockGet                
00003a85  SysCtlClockSet                
00004629  SysCtlDelay                   
0000439d  SysCtlPeripheralEnable        
000042f9  SysCtlPeripheralReady         
0000462f  TimerClockSourceSet           
00004099  TimerConfigure                
00004499  TimerDisable                  
00004587  TimerEnable                   
00004635  TimerIntClear                 
000045f1  TimerIntDisable               
00004615  TimerIntEnable                
000044b1  TimerIntRegister              
000045fb  TimerIntStatus                
0000452f  TimerLoadSet                  
20001550  __STACK_END                   
00000200  __STACK_SIZE                  
20001550  __STACK_TOP                   
00004678  __TI_CINIT_Base               
00004690  __TI_CINIT_Limit              
00004658  __TI_Handler_Table_Base       
00004664  __TI_Handler_Table_Limit      
00004279  __TI_auto_init_nobinit_nopinit
00004031  __TI_decompress_lzss          
00004595  __TI_decompress_none          
ffffffff  __TI_pprof_out_hndl           
ffffffff  __TI_prof_data_size           
ffffffff  __TI_prof_data_start          
00000000  __TI_static_base__            
000045bb  __TI_zero_init                
00003ee7  __aeabi_memclr                
00003ee7  __aeabi_memclr4               
00003ee7  __aeabi_memclr8               
00003d4d  __aeabi_memcpy                
00003d4d  __aeabi_memcpy4               
00003d4d  __aeabi_memcpy8               
00003ee9  __aeabi_memset                
00003ee9  __aeabi_memset4               
00003ee9  __aeabi_memset8               
ffffffff  __binit__                     
ffffffff  __c_args__                    
UNDEFED   __mpu_init                    
20001350  __stack                       
00004331  _c_int00_noargs               
UNDEFED   _system_post_cinit            
00004639  _system_pre_init              
0000463d  abort                         
2000158d  adc_finished_                 
ffffffff  binit                         
20001550  buffer                        
00003469  clear_test_vect               
00002dd5  configPort_A                  
00002e09  configPort_B                  
00002e51  configPort_C                  
00002e77  configPort_D                  
00002ed1  configPort_E                  
00002f0d  configPort_F                  
000039df  dlAdc56WriteCommand           
00003979  dlAdc56WriteSetpoint          
00002891  do_fft_radix2                 
00002f57  extIntBHandler                
00002fbf  extIntFHandler                
00002b11  fft_radix2_var                
20000000  g_pfnRAMVectors               
00000000  g_pfnVectors                  
000044d3  getClkValue                   
00002d65  get_num_stage                 
00003703  get_systime_us                
20001580  gptm_systime_64us_steps       
00003be1  halAD5601Transmit             
00003291  halAdc0Init                   
00003339  halAdc1Init                   
000033e1  halGetAdcSamples              
00002db9  halGpioInit                   
00003409  halRadarSamplesIQ             
00003b79  halSSI2Init                   
000031bd  halStartTimer2_A              
000031ed  halStartTimer2_B              
00003227  halStartTimer2_Both           
000031d1  halStopTimer2_A               
00003205  halStopTimer2_B               
0000323f  halStopTimer2_Both            
000044c9  halSysClkInit                 
00003031  halTimer2Init                 
000035e9  hal_GPTM_init                 
00004437  hal_init                      
00003c35  is_AD5601_com_busy            
2000158e  is_switch_active              
00004419  main                          
00003d4d  memcpy                        
00003eef  memset                        
20001590  radar_adc_                    
2000026c  sensor_data_                  
00003431  startADC1                     
000034d3  test_fft                      
0000352d  test_rampe_ADC56              
000030a3  timer2ISR                     
00003685  timer3AIsr                    
000036a5  timer3BIsr                    
000044e1  uDMAChannelEnable             
00003de9  uDMAChannelTransferSet        


GLOBAL SYMBOLS: SORTED BY Symbol Address 

address   name                          
-------   ----                          
00000000  __TI_static_base__            
00000000  g_pfnVectors                  
00000200  __STACK_SIZE                  
00002891  do_fft_radix2                 
00002b11  fft_radix2_var                
00002d65  get_num_stage                 
00002db9  halGpioInit                   
00002dd5  configPort_A                  
00002e09  configPort_B                  
00002e51  configPort_C                  
00002e77  configPort_D                  
00002ed1  configPort_E                  
00002f0d  configPort_F                  
00002f57  extIntBHandler                
00002fbf  extIntFHandler                
00003031  halTimer2Init                 
000030a3  timer2ISR                     
000031bd  halStartTimer2_A              
000031d1  halStopTimer2_A               
000031ed  halStartTimer2_B              
00003205  halStopTimer2_B               
00003227  halStartTimer2_Both           
0000323f  halStopTimer2_Both            
00003291  halAdc0Init                   
00003339  halAdc1Init                   
000033b3  ADC1ISR                       
000033e1  halGetAdcSamples              
00003409  halRadarSamplesIQ             
00003431  startADC1                     
00003469  clear_test_vect               
000034d3  test_fft                      
0000352d  test_rampe_ADC56              
000035e9  hal_GPTM_init                 
00003685  timer3AIsr                    
000036a5  timer3BIsr                    
00003703  get_systime_us                
00003735  GPIOPadConfigSet              
00003869  SysCtlClockGet                
00003979  dlAdc56WriteSetpoint          
000039df  dlAdc56WriteCommand           
00003a85  SysCtlClockSet                
00003b79  halSSI2Init                   
00003be1  halAD5601Transmit             
00003c35  is_AD5601_com_busy            
00003c69  Scramble_data                 
00003d4d  __aeabi_memcpy                
00003d4d  __aeabi_memcpy4               
00003d4d  __aeabi_memcpy8               
00003d4d  memcpy                        
00003de9  uDMAChannelTransferSet        
00003e6d  ADCSequenceStepConfigure      
00003ee7  __aeabi_memclr                
00003ee7  __aeabi_memclr4               
00003ee7  __aeabi_memclr8               
00003ee9  __aeabi_memset                
00003ee9  __aeabi_memset4               
00003ee9  __aeabi_memset8               
00003eef  memset                        
00003f61  IntDisable                    
00003fc9  IntEnable                     
00004031  __TI_decompress_lzss          
00004099  TimerConfigure                
000040f9  GPIOIntTypeSet                
0000414f  ADCSequenceConfigure          
000041ed  GPIOPinConfigure              
00004279  __TI_auto_init_nobinit_nopinit
000042bd  SSIConfigSetExpClk            
000042f9  SysCtlPeripheralReady         
00004331  _c_int00_noargs               
00004369  IntRegister                   
0000439d  SysCtlPeripheralEnable        
000043d1  GPIODirModeSet                
000043fb  ADCSequenceDataGet            
00004419  main                          
00004437  hal_init                      
00004451  ADCProcessorTrigger           
00004469  GPIOIntRegister               
00004481  GPIOPinTypeGPIOOutput         
00004499  TimerDisable                  
000044b1  TimerIntRegister              
000044c9  halSysClkInit                 
000044d3  getClkValue                   
000044e1  uDMAChannelEnable             
000044f9  GPIOPinTypeADC                
0000450b  GPIOPinTypeGPIOInput          
0000451d  GPIOPinTypeSSI                
0000452f  TimerLoadSet                  
00004541  ADCHardwareOversampleConfigure
0000454f  ADCSequenceDisable            
0000455d  ADCSequenceEnable             
0000456b  GPIOIntDisable                
00004579  GPIOIntStatus                 
00004587  TimerEnable                   
00004595  __TI_decompress_none          
000045a3  ADCReferenceSet               
000045af  GPIOIntEnable                 
000045bb  __TI_zero_init                
000045c7  ResetISR                      
000045d3  ADCIntClear                   
000045dd  SSIDataPut                    
000045e7  SSIEnable                     
000045f1  TimerIntDisable               
000045fb  TimerIntStatus                
00004605  ADCBusy                       
0000460d  SSIBusy                       
00004615  TimerIntEnable                
0000461d  GPIOIntClear                  
00004623  GPIOPinWrite                  
00004629  SysCtlDelay                   
0000462f  TimerClockSourceSet           
00004635  TimerIntClear                 
00004639  _system_pre_init              
0000463d  C$$EXIT                       
0000463d  abort                         
00004658  __TI_Handler_Table_Base       
00004664  __TI_Handler_Table_Limit      
00004678  __TI_CINIT_Base               
00004690  __TI_CINIT_Limit              
20000000  g_pfnRAMVectors               
2000026c  sensor_data_                  
20001308  Radar_com_                    
20001350  __stack                       
20001550  __STACK_END                   
20001550  __STACK_TOP                   
20001550  buffer                        
20001580  gptm_systime_64us_steps       
2000158d  adc_finished_                 
2000158e  is_switch_active              
20001590  radar_adc_                    
ffffffff  __TI_pprof_out_hndl           
ffffffff  __TI_prof_data_size           
ffffffff  __TI_prof_data_start          
ffffffff  __binit__                     
ffffffff  __c_args__                    
ffffffff  binit                         
UNDEFED   __mpu_init                    
UNDEFED   _system_post_cinit            

[137 symbols]
