******************************************************************************
                  TI ARM Linker PC v18.1.3                     
******************************************************************************
>> Linked Tue Oct 30 13:48:37 2018

OUTPUT FILE NAME:   <EM2_TIVA.out>
ENTRY POINT SYMBOL: "_c_int00_noargs"  address: 0000125d


MEMORY CONFIGURATION

         name            origin    length      used     unused   attr    fill
----------------------  --------  ---------  --------  --------  ----  --------
  FLASH                 00000000   00040000  0000189c  0003e764  R  X
  SRAM                  20000000   00008000  00000960  000076a0  RW X


SEGMENT ALLOCATION MAP

run origin  load origin   length   init length attrs members
----------  ----------- ---------- ----------- ----- -------
00000000    00000000    000018a0   000018a0    r-x
  00000000    00000000    0000026c   0000026c    r-- .intvecs
  0000026c    0000026c    0000124c   0000124c    r-x .text
  000014b8    000014b8    000003a4   000003a4    r-- .const
  00001860    00001860    00000040   00000040    r-- .cinit
20000000    20000000    00000962   00000000    rw-
  20000000    20000000    0000026c   00000000    rw- .vtable
  2000026c    2000026c    000004e2   00000000    rw- .bss
  20000750    20000750    00000200   00000000    rw- .stack
  20000950    20000950    00000012   00000000    rw- .data


SECTION ALLOCATION MAP

 output                                  attributes/
section   page    origin      length       input sections
--------  ----  ----------  ----------   ----------------
.intvecs   0    00000000    0000026c     
                  00000000    0000026c     tm4c123gh6pm_startup_ccs.obj (.intvecs)

.text      0    0000026c    0000124c     
                  0000026c    00000278     hal_gpio.obj (.text)
                  000004e4    00000260     hal_timer2.obj (.text)
                  00000744    0000014c     hal_timer3.obj (.text)
                  00000890    00000132     driverlib.lib : gpio.obj (.text:GPIOPadConfigSet)
                  000009c2    00000002     --HOLE-- [fill = 0]
                  000009c4    00000110                   : sysctl.obj (.text:SysCtlClockGet)
                  00000ad4    0000010c     dl_AD5601.obj (.text)
                  00000be0    000000f4     driverlib.lib : sysctl.obj (.text:SysCtlClockSet)
                  00000cd4    000000f0     hal_ssi2.obj (.text)
                  00000dc4    0000009c     rtsv7M4_T_le_v4SPD16_eabi.lib : memcpy_t2.asm.obj (.text)
                  00000e60    0000007a                                   : memset_t2.asm.obj (.text)
                  00000eda    00000002     --HOLE-- [fill = 0]
                  00000edc    00000068     driverlib.lib : interrupt.obj (.text:IntDisable)
                  00000f44    00000068                   : interrupt.obj (.text:IntEnable)
                  00000fac    00000068     rtsv7M4_T_le_v4SPD16_eabi.lib : copy_decompress_lzss.c.obj (.text:decompress:lzss:__TI_decompress_lzss)
                  00001014    00000060     driverlib.lib : timer.obj (.text:TimerConfigure)
                  00001074    00000056                   : gpio.obj (.text:GPIOIntTypeSet)
                  000010ca    00000002     --HOLE-- [fill = 0]
                  000010cc    0000004c                   : timer.obj (.text:_TimerIntNumberGet)
                  00001118    00000048                   : gpio.obj (.text:GPIOPinConfigure)
                  00001160    00000044                   : gpio.obj (.text:_GPIOIntNumberGet)
                  000011a4    00000044     rtsv7M4_T_le_v4SPD16_eabi.lib : autoinit.c.obj (.text:__TI_auto_init_nobinit_nopinit:__TI_auto_init_nobinit_nopinit)
                  000011e8    0000003c     driverlib.lib : ssi.obj (.text:SSIConfigSetExpClk)
                  00001224    00000038                   : sysctl.obj (.text:SysCtlPeripheralReady)
                  0000125c    00000038     rtsv7M4_T_le_v4SPD16_eabi.lib : boot_cortex_m.c.obj (.text:_c_int00_noargs:_c_int00_noargs)
                  00001294    00000034     driverlib.lib : interrupt.obj (.text:IntRegister)
                  000012c8    00000034                   : sysctl.obj (.text:SysCtlPeripheralEnable)
                  000012fc    0000002a                   : gpio.obj (.text:GPIODirModeSet)
                  00001326    00000018                   : gpio.obj (.text:GPIOIntRegister)
                  0000133e    00000018                   : gpio.obj (.text:GPIOPinTypeGPIOOutput)
                  00001356    00000002     --HOLE-- [fill = 0]
                  00001358    00000018                   : timer.obj (.text:TimerDisable)
                  00001370    00000018                   : timer.obj (.text:TimerIntRegister)
                  00001388    00000018     hal_usc.obj (.text)
                  000013a0    00000016     main.obj (.text)
                  000013b6    00000014     hal_init.obj (.text)
                  000013ca    00000012     driverlib.lib : gpio.obj (.text:GPIOPinTypeGPIOInput)
                  000013dc    00000012                   : gpio.obj (.text:GPIOPinTypeSSI)
                  000013ee    00000012                   : timer.obj (.text:TimerLoadSet)
                  00001400    0000000e                   : gpio.obj (.text:GPIOIntDisable)
                  0000140e    0000000e                   : gpio.obj (.text:GPIOIntStatus)
                  0000141c    0000000e                   : timer.obj (.text:TimerEnable)
                  0000142a    0000000e     rtsv7M4_T_le_v4SPD16_eabi.lib : copy_decompress_none.c.obj (.text:decompress:none:__TI_decompress_none)
                  00001438    0000000c     driverlib.lib : gpio.obj (.text:GPIOIntEnable)
                  00001444    0000000c     rtsv7M4_T_le_v4SPD16_eabi.lib : copy_zero_init.c.obj (.text:decompress:ZI:__TI_zero_init)
                  00001450    0000000c     tm4c123gh6pm_startup_ccs.obj (.text)
                  0000145c    0000000a     driverlib.lib : ssi.obj (.text:SSIDataPut)
                  00001466    0000000a                   : ssi.obj (.text:SSIEnable)
                  00001470    0000000a                   : timer.obj (.text:TimerIntDisable)
                  0000147a    0000000a                   : timer.obj (.text:TimerIntStatus)
                  00001484    00000008                   : ssi.obj (.text:SSIBusy)
                  0000148c    00000008                   : timer.obj (.text:TimerIntEnable)
                  00001494    00000006                   : gpio.obj (.text:GPIOIntClear)
                  0000149a    00000006                   : gpio.obj (.text:GPIOPinWrite)
                  000014a0    00000006                   : sysctl.obj (.text:SysCtlDelay)
                  000014a6    00000006                   : timer.obj (.text:TimerClockSourceSet)
                  000014ac    00000004                   : timer.obj (.text:TimerIntClear)
                  000014b0    00000004     rtsv7M4_T_le_v4SPD16_eabi.lib : pre_init.c.obj (.text:_system_pre_init)
                  000014b4    00000004                                   : exit.c.obj (.text:abort:abort)

.const     0    000014b8    000003a4     
                  000014b8    000000d8     driverlib.lib : gpio.obj (.const:g_ppui32GPIOIntMapSnowflake)
                  00001590    000000c0                   : gpio.obj (.const:g_ppui32GPIOIntMapBlizzard)
                  00001650    00000090                   : gpio.obj (.const:g_pui32GPIOBaseAddrs)
                  000016e0    00000070                   : interrupt.obj (.const)
                  00001750    0000006c                   : sysctl.obj (.const:g_pui32Xtals)
                  000017bc    00000060                   : timer.obj (.const:g_ppui32TimerIntMap)
                  0000181c    00000040                   : timer.obj (.const:g_ppui32TimerIntMapSnowflake)

.cinit     0    00001860    00000040     
                  00001860    0000000c     (__TI_handler_table)
                  0000186c    0000000a     (.cinit..data.load) [load image, compression = lzss]
                  00001876    00000002     --HOLE-- [fill = 0]
                  00001878    00000008     (.cinit..bss.load) [load image, compression = zero_init]
                  00001880    00000008     (.cinit..vtable.load) [load image, compression = zero_init]
                  00001888    00000018     (__TI_cinit_table)

.init_array 
*          0    00000000    00000000     UNINITIALIZED

.vtable    0    20000000    0000026c     UNINITIALIZED
                  20000000    0000026c     driverlib.lib : interrupt.obj (.vtable)

.bss       0    2000026c    000004e2     UNINITIALIZED
                  2000026c    0000049c     (.common:sensor_data_)
                  20000708    00000046     (.common:Radar_com_)

.data      0    20000950    00000012     UNINITIALIZED
                  20000950    0000000d     hal_timer3.obj (.data)
                  2000095d    00000001     hal_gpio.obj (.data)
                  2000095e    00000004     hal_timer2.obj (.data)

.stack     0    20000750    00000200     UNINITIALIZED
                  20000750    00000004     rtsv7M4_T_le_v4SPD16_eabi.lib : boot_cortex_m.c.obj (.stack)
                  20000754    000001fc     --HOLE--

MODULE SUMMARY

       Module                         code   ro data   rw data
       ------                         ----   -------   -------
    .\
       tm4c123gh6pm_startup_ccs.obj   12     620       0      
       main.obj                       22     0         0      
    +--+------------------------------+------+---------+---------+
       Total:                         34     620       0      
                                                              
    .\F_DL\
       dl_general.obj                 0      0         1180   
       dl_AD5601.obj                  268    0         70     
    +--+------------------------------+------+---------+---------+
       Total:                         268    0         1250   
                                                              
    .\F_HAL\
       hal_gpio.obj                   632    0         1      
       hal_timer2.obj                 608    0         4      
       hal_timer3.obj                 332    0         13     
       hal_ssi2.obj                   240    0         0      
       hal_usc.obj                    24     0         0      
       hal_init.obj                   20     0         0      
    +--+------------------------------+------+---------+---------+
       Total:                         1856   0         18     
                                                              
    C:\ti\ccsv8\tools\compiler\ti-cgt-arm_18.1.3.LTS\lib\rtsv7M4_T_le_v4SPD16_eabi.lib
       memcpy_t2.asm.obj              156    0         0      
       memset_t2.asm.obj              122    0         0      
       copy_decompress_lzss.c.obj     104    0         0      
       autoinit.c.obj                 68     0         0      
       boot_cortex_m.c.obj            56     0         0      
       copy_decompress_none.c.obj     14     0         0      
       copy_zero_init.c.obj           12     0         0      
       exit.c.obj                     4      0         0      
       pre_init.c.obj                 4      0         0      
    +--+------------------------------+------+---------+---------+
       Total:                         540    0         0      
                                                              
    D:/Tiva/TivaWare/driverlib/ccs/Debug/driverlib.lib
       gpio.obj                       710    552       0      
       interrupt.obj                  260    112       620    
       sysctl.obj                     630    108       0      
       timer.obj                      290    160       0      
       ssi.obj                        88     0         0      
    +--+------------------------------+------+---------+---------+
       Total:                         1978   932       620    
                                                              
       Stack:                         0      0         512    
       Linker Generated:              0      62        0      
    +--+------------------------------+------+---------+---------+
       Grand Total:                   4676   1614      2400   


LINKER GENERATED COPY TABLES

__TI_cinit_table @ 00001888 records: 3, size/record: 8, table size: 24
	.data: load addr=0000186c, load size=0000000a bytes, run addr=20000950, run size=00000012 bytes, compression=lzss
	.bss: load addr=00001878, load size=00000008 bytes, run addr=2000026c, run size=000004e2 bytes, compression=zero_init
	.vtable: load addr=00001880, load size=00000008 bytes, run addr=20000000, run size=0000026c bytes, compression=zero_init


LINKER GENERATED HANDLER TABLE

__TI_handler_table @ 00001860 records: 3, size/record: 4, table size: 12
	index: 0, handler: __TI_zero_init
	index: 1, handler: __TI_decompress_lzss
	index: 2, handler: __TI_decompress_none


GLOBAL SYMBOLS: SORTED ALPHABETICALLY BY Name 

address   name                          
-------   ----                          
000014b5  C$$EXIT                       
000012fd  GPIODirModeSet                
00001495  GPIOIntClear                  
00001401  GPIOIntDisable                
00001439  GPIOIntEnable                 
00001327  GPIOIntRegister               
0000140f  GPIOIntStatus                 
00001075  GPIOIntTypeSet                
00000891  GPIOPadConfigSet              
00001119  GPIOPinConfigure              
000013cb  GPIOPinTypeGPIOInput          
0000133f  GPIOPinTypeGPIOOutput         
000013dd  GPIOPinTypeSSI                
0000149b  GPIOPinWrite                  
00000edd  IntDisable                    
00000f45  IntEnable                     
00001295  IntRegister                   
20000708  Radar_com_                    
00001451  ResetISR                      
00001485  SSIBusy                       
000011e9  SSIConfigSetExpClk            
0000145d  SSIDataPut                    
00001467  SSIEnable                     
000009c5  SysCtlClockGet                
00000be1  SysCtlClockSet                
000014a1  SysCtlDelay                   
000012c9  SysCtlPeripheralEnable        
00001225  SysCtlPeripheralReady         
000014a7  TimerClockSourceSet           
00001015  TimerConfigure                
00001359  TimerDisable                  
0000141d  TimerEnable                   
000014ad  TimerIntClear                 
00001471  TimerIntDisable               
0000148d  TimerIntEnable                
00001371  TimerIntRegister              
0000147b  TimerIntStatus                
000013ef  TimerLoadSet                  
20000950  __STACK_END                   
00000200  __STACK_SIZE                  
20000950  __STACK_TOP                   
00001888  __TI_CINIT_Base               
000018a0  __TI_CINIT_Limit              
00001860  __TI_Handler_Table_Base       
0000186c  __TI_Handler_Table_Limit      
000011a5  __TI_auto_init_nobinit_nopinit
00000fad  __TI_decompress_lzss          
0000142b  __TI_decompress_none          
ffffffff  __TI_pprof_out_hndl           
ffffffff  __TI_prof_data_size           
ffffffff  __TI_prof_data_start          
00000000  __TI_static_base__            
00001445  __TI_zero_init                
00000e61  __aeabi_memclr                
00000e61  __aeabi_memclr4               
00000e61  __aeabi_memclr8               
00000dc5  __aeabi_memcpy                
00000dc5  __aeabi_memcpy4               
00000dc5  __aeabi_memcpy8               
00000e63  __aeabi_memset                
00000e63  __aeabi_memset4               
00000e63  __aeabi_memset8               
ffffffff  __binit__                     
ffffffff  __c_args__                    
UNDEFED   __mpu_init                    
20000750  __stack                       
0000125d  _c_int00_noargs               
UNDEFED   _system_post_cinit            
000014b1  _system_pre_init              
000014b5  abort                         
ffffffff  binit                         
00000289  configPort_A                  
000002bd  configPort_B                  
00000305  configPort_C                  
0000032b  configPort_D                  
00000385  configPort_E                  
000003c1  configPort_F                  
00000b3b  dlAdc56WriteCommand           
00000ad5  dlAdc56WriteSetpoint          
0000040b  extIntBHandler                
00000473  extIntFHandler                
20000000  g_pfnRAMVectors               
00000000  g_pfnVectors                  
00001393  getClkValue                   
0000085f  get_systime_us                
20000950  gptm_systime_64us_steps       
00000d3d  halAD5601Transmit             
0000026d  halGpioInit                   
00000cd5  halSSI2Init                   
00000671  halStartTimer2_A              
000006a1  halStartTimer2_B              
000006db  halStartTimer2_Both           
00000685  halStopTimer2_A               
000006b9  halStopTimer2_B               
000006f3  halStopTimer2_Both            
00001389  halSysClkInit                 
000004e5  halTimer2Init                 
00000745  hal_GPTM_init                 
000013b7  hal_init                      
00000d91  is_AD5601_com_busy            
2000095d  is_switch_active              
000013a1  main                          
00000dc5  memcpy                        
00000e69  memset                        
2000026c  sensor_data_                  
00000557  timer2ISR                     
000007e1  timer3AIsr                    
00000801  timer3BIsr                    


GLOBAL SYMBOLS: SORTED BY Symbol Address 

address   name                          
-------   ----                          
00000000  __TI_static_base__            
00000000  g_pfnVectors                  
00000200  __STACK_SIZE                  
0000026d  halGpioInit                   
00000289  configPort_A                  
000002bd  configPort_B                  
00000305  configPort_C                  
0000032b  configPort_D                  
00000385  configPort_E                  
000003c1  configPort_F                  
0000040b  extIntBHandler                
00000473  extIntFHandler                
000004e5  halTimer2Init                 
00000557  timer2ISR                     
00000671  halStartTimer2_A              
00000685  halStopTimer2_A               
000006a1  halStartTimer2_B              
000006b9  halStopTimer2_B               
000006db  halStartTimer2_Both           
000006f3  halStopTimer2_Both            
00000745  hal_GPTM_init                 
000007e1  timer3AIsr                    
00000801  timer3BIsr                    
0000085f  get_systime_us                
00000891  GPIOPadConfigSet              
000009c5  SysCtlClockGet                
00000ad5  dlAdc56WriteSetpoint          
00000b3b  dlAdc56WriteCommand           
00000be1  SysCtlClockSet                
00000cd5  halSSI2Init                   
00000d3d  halAD5601Transmit             
00000d91  is_AD5601_com_busy            
00000dc5  __aeabi_memcpy                
00000dc5  __aeabi_memcpy4               
00000dc5  __aeabi_memcpy8               
00000dc5  memcpy                        
00000e61  __aeabi_memclr                
00000e61  __aeabi_memclr4               
00000e61  __aeabi_memclr8               
00000e63  __aeabi_memset                
00000e63  __aeabi_memset4               
00000e63  __aeabi_memset8               
00000e69  memset                        
00000edd  IntDisable                    
00000f45  IntEnable                     
00000fad  __TI_decompress_lzss          
00001015  TimerConfigure                
00001075  GPIOIntTypeSet                
00001119  GPIOPinConfigure              
000011a5  __TI_auto_init_nobinit_nopinit
000011e9  SSIConfigSetExpClk            
00001225  SysCtlPeripheralReady         
0000125d  _c_int00_noargs               
00001295  IntRegister                   
000012c9  SysCtlPeripheralEnable        
000012fd  GPIODirModeSet                
00001327  GPIOIntRegister               
0000133f  GPIOPinTypeGPIOOutput         
00001359  TimerDisable                  
00001371  TimerIntRegister              
00001389  halSysClkInit                 
00001393  getClkValue                   
000013a1  main                          
000013b7  hal_init                      
000013cb  GPIOPinTypeGPIOInput          
000013dd  GPIOPinTypeSSI                
000013ef  TimerLoadSet                  
00001401  GPIOIntDisable                
0000140f  GPIOIntStatus                 
0000141d  TimerEnable                   
0000142b  __TI_decompress_none          
00001439  GPIOIntEnable                 
00001445  __TI_zero_init                
00001451  ResetISR                      
0000145d  SSIDataPut                    
00001467  SSIEnable                     
00001471  TimerIntDisable               
0000147b  TimerIntStatus                
00001485  SSIBusy                       
0000148d  TimerIntEnable                
00001495  GPIOIntClear                  
0000149b  GPIOPinWrite                  
000014a1  SysCtlDelay                   
000014a7  TimerClockSourceSet           
000014ad  TimerIntClear                 
000014b1  _system_pre_init              
000014b5  C$$EXIT                       
000014b5  abort                         
00001860  __TI_Handler_Table_Base       
0000186c  __TI_Handler_Table_Limit      
00001888  __TI_CINIT_Base               
000018a0  __TI_CINIT_Limit              
20000000  g_pfnRAMVectors               
2000026c  sensor_data_                  
20000708  Radar_com_                    
20000750  __stack                       
20000950  __STACK_END                   
20000950  __STACK_TOP                   
20000950  gptm_systime_64us_steps       
2000095d  is_switch_active              
ffffffff  __TI_pprof_out_hndl           
ffffffff  __TI_prof_data_size           
ffffffff  __TI_prof_data_start          
ffffffff  __binit__                     
ffffffff  __c_args__                    
ffffffff  binit                         
UNDEFED   __mpu_init                    
UNDEFED   _system_post_cinit            

[108 symbols]
