******************************************************************************
                  TI ARM Linker PC v18.1.3                     
******************************************************************************
>> Linked Tue Oct 23 19:55:23 2018

OUTPUT FILE NAME:   <EM2_TIVA.out>
ENTRY POINT SYMBOL: "_c_int00_noargs"  address: 00002d25


MEMORY CONFIGURATION

         name            origin    length      used     unused   attr    fill
----------------------  --------  ---------  --------  --------  ----  --------
  FLASH                 00000000   00040000  00002da8  0003d258  R  X
  SRAM                  20000000   00008000  00000600  00007a00  RW X


SEGMENT ALLOCATION MAP

run origin  load origin   length   init length attrs members
----------  ----------- ---------- ----------- ----- -------
00000000    00000000    00002dac   00002dac    r-x
  00000000    00000000    0000026c   0000026c    r-- .intvecs
  0000026c    0000026c    00002280   00002280    r-- .const
  000024ec    000024ec    000008a0   000008a0    r-x .text
  00002d90    00002d90    0000001c   0000001c    r-- .cinit
20000000    20000000    00000600   00000000    rw-
  20000000    20000000    00000400   00000000    rw- .data
  20000400    20000400    00000200   00000000    rw- .stack


SECTION ALLOCATION MAP

 output                                  attributes/
section   page    origin      length       input sections
--------  ----  ----------  ----------   ----------------
.intvecs   0    00000000    0000026c     
                  00000000    0000026c     tm4c123gh6pm_startup_ccs.obj (.intvecs)

.const     0    0000026c    00002280     
                  0000026c    00002000     radix2_fft.obj (.const:twiddle1024)
                  0000226c    00000200     Source_test.obj (.const:test_sig128)
                  0000246c    00000080     radix2_fft.obj (.const:twiddle_array)

.text      0    000024ec    000008a0     
                  000024ec    00000508     radix2_fft.obj (.text)
                  000029f4    00000104     Source_test.obj (.text)
                  00002af8    000000e4     Scramble_data.obj (.text)
                  00002bdc    0000009c     rtsv7M4_T_le_v4SPD16_eabi.lib : memcpy_t2.asm.obj (.text)
                  00002c78    00000068                                   : copy_decompress_lzss.c.obj (.text:decompress:lzss:__TI_decompress_lzss)
                  00002ce0    00000044                                   : autoinit.c.obj (.text:__TI_auto_init_nobinit_nopinit:__TI_auto_init_nobinit_nopinit)
                  00002d24    00000038                                   : boot_cortex_m.c.obj (.text:_c_int00_noargs:_c_int00_noargs)
                  00002d5c    0000000e                                   : copy_decompress_none.c.obj (.text:decompress:none:__TI_decompress_none)
                  00002d6a    0000000c     tm4c123gh6pm_startup_ccs.obj (.text)
                  00002d76    00000008     main.obj (.text)
                  00002d7e    00000006     driverlib.lib : sysctl.obj (.text:SysCtlDelay)
                  00002d84    00000004     rtsv7M4_T_le_v4SPD16_eabi.lib : pre_init.c.obj (.text:_system_pre_init)
                  00002d88    00000004                                   : exit.c.obj (.text:abort:abort)

.cinit     0    00002d90    0000001c     
                  00002d90    00000009     (.cinit..data.load) [load image, compression = lzss]
                  00002d99    00000003     --HOLE-- [fill = 0]
                  00002d9c    00000008     (__TI_handler_table)
                  00002da4    00000008     (__TI_cinit_table)

.init_array 
*          0    00000000    00000000     UNINITIALIZED

.data      0    20000000    00000400     UNINITIALIZED
                  20000000    00000200     Source_test.obj (.data:test_i_sig)
                  20000200    00000200     Source_test.obj (.data:test_q_sig)

.stack     0    20000400    00000200     UNINITIALIZED
                  20000400    00000004     rtsv7M4_T_le_v4SPD16_eabi.lib : boot_cortex_m.c.obj (.stack)
                  20000404    000001fc     --HOLE--

MODULE SUMMARY

       Module                         code   ro data   rw data
       ------                         ----   -------   -------
    .\
       tm4c123gh6pm_startup_ccs.obj   12     620       0      
       main.obj                       8      0         0      
    +--+------------------------------+------+---------+---------+
       Total:                         20     620       0      
                                                              
    .\F_AL\
       radix2_fft.obj                 1288   8320      0      
       Source_test.obj                260    512       1024   
       Scramble_data.obj              228    0         0      
    +--+------------------------------+------+---------+---------+
       Total:                         1776   8832      1024   
                                                              
    C:\ti\ccsv8\tools\compiler\ti-cgt-arm_18.1.3.LTS\lib\rtsv7M4_T_le_v4SPD16_eabi.lib
       memcpy_t2.asm.obj              156    0         0      
       copy_decompress_lzss.c.obj     104    0         0      
       autoinit.c.obj                 68     0         0      
       boot_cortex_m.c.obj            56     0         0      
       copy_decompress_none.c.obj     14     0         0      
       exit.c.obj                     4      0         0      
       pre_init.c.obj                 4      0         0      
    +--+------------------------------+------+---------+---------+
       Total:                         406    0         0      
                                                              
    D:/Tiva/TivaWare/driverlib/ccs/Debug/driverlib.lib
       sysctl.obj                     6      0         0      
    +--+------------------------------+------+---------+---------+
       Total:                         6      0         0      
                                                              
       Stack:                         0      0         512    
       Linker Generated:              0      25        0      
    +--+------------------------------+------+---------+---------+
       Grand Total:                   2208   9477      1536   


LINKER GENERATED COPY TABLES

__TI_cinit_table @ 00002da4 records: 1, size/record: 8, table size: 8
	.data: load addr=00002d90, load size=00000009 bytes, run addr=20000000, run size=00000400 bytes, compression=lzss


LINKER GENERATED HANDLER TABLE

__TI_handler_table @ 00002d9c records: 2, size/record: 4, table size: 8
	index: 0, handler: __TI_decompress_lzss
	index: 1, handler: __TI_decompress_none


GLOBAL SYMBOLS: SORTED ALPHABETICALLY BY Name 

address   name                          
-------   ----                          
00002d89  C$$EXIT                       
00002d6b  ResetISR                      
00002af9  Scramble_data                 
00002d7f  SysCtlDelay                   
20000600  __STACK_END                   
00000200  __STACK_SIZE                  
20000600  __STACK_TOP                   
00002da4  __TI_CINIT_Base               
00002dac  __TI_CINIT_Limit              
00002d9c  __TI_Handler_Table_Base       
00002da4  __TI_Handler_Table_Limit      
00002ce1  __TI_auto_init_nobinit_nopinit
00002c79  __TI_decompress_lzss          
00002d5d  __TI_decompress_none          
ffffffff  __TI_pprof_out_hndl           
ffffffff  __TI_prof_data_size           
ffffffff  __TI_prof_data_start          
00000000  __TI_static_base__            
00002bdd  __aeabi_memcpy                
00002bdd  __aeabi_memcpy4               
00002bdd  __aeabi_memcpy8               
ffffffff  __binit__                     
ffffffff  __c_args__                    
UNDEFED   __mpu_init                    
20000400  __stack                       
00002d25  _c_int00_noargs               
UNDEFED   _system_post_cinit            
00002d85  _system_pre_init              
00002d89  abort                         
ffffffff  binit                         
000029f5  clear_test_vect               
000024ed  do_fft_radix2                 
00002761  fft_radix2_var                
00000000  g_pfnVectors                  
000029a7  get_num_stage                 
00002d77  main                          
00002bdd  memcpy                        
00002a5f  test_fft                      


GLOBAL SYMBOLS: SORTED BY Symbol Address 

address   name                          
-------   ----                          
00000000  __TI_static_base__            
00000000  g_pfnVectors                  
00000200  __STACK_SIZE                  
000024ed  do_fft_radix2                 
00002761  fft_radix2_var                
000029a7  get_num_stage                 
000029f5  clear_test_vect               
00002a5f  test_fft                      
00002af9  Scramble_data                 
00002bdd  __aeabi_memcpy                
00002bdd  __aeabi_memcpy4               
00002bdd  __aeabi_memcpy8               
00002bdd  memcpy                        
00002c79  __TI_decompress_lzss          
00002ce1  __TI_auto_init_nobinit_nopinit
00002d25  _c_int00_noargs               
00002d5d  __TI_decompress_none          
00002d6b  ResetISR                      
00002d77  main                          
00002d7f  SysCtlDelay                   
00002d85  _system_pre_init              
00002d89  C$$EXIT                       
00002d89  abort                         
00002d9c  __TI_Handler_Table_Base       
00002da4  __TI_CINIT_Base               
00002da4  __TI_Handler_Table_Limit      
00002dac  __TI_CINIT_Limit              
20000400  __stack                       
20000600  __STACK_END                   
20000600  __STACK_TOP                   
ffffffff  __TI_pprof_out_hndl           
ffffffff  __TI_prof_data_size           
ffffffff  __TI_prof_data_start          
ffffffff  __binit__                     
ffffffff  __c_args__                    
ffffffff  binit                         
UNDEFED   __mpu_init                    
UNDEFED   _system_post_cinit            

[38 symbols]
