******************************************************************************
                  TI ARM Linker PC v18.1.3                     
******************************************************************************
>> Linked Thu Oct 25 18:07:44 2018

OUTPUT FILE NAME:   <EM2_TIVA.out>
ENTRY POINT SYMBOL: "_c_int00_noargs"  address: 00004089


MEMORY CONFIGURATION

         name            origin    length      used     unused   attr    fill
----------------------  --------  ---------  --------  --------  ----  --------
  FLASH                 00000000   00040000  0000435e  0003bca2  R  X
  SRAM                  20000000   00008000  00000b1b  000074e5  RW X


SEGMENT ALLOCATION MAP

run origin  load origin   length   init length attrs members
----------  ----------- ---------- ----------- ----- -------
00000000    00000000    00004360   00004360    r-x
  00000000    00000000    0000026c   0000026c    r-- .intvecs
  0000026c    0000026c    00002624   00002624    r-- .const
  00002890    00002890    00001a8e   00001a8e    r-x .text
  00004320    00004320    00000040   00000040    r-- .cinit
20000000    20000000    00000b1e   00000000    rw-
  20000000    20000000    0000026c   00000000    rw- .vtable
  2000026c    2000026c    000006a1   00000000    rw- .bss
  20000910    20000910    00000200   00000000    rw- .stack
  20000b10    20000b10    0000000e   00000000    rw- .data


SECTION ALLOCATION MAP

 output                                  attributes/
section   page    origin      length       input sections
--------  ----  ----------  ----------   ----------------
.intvecs   0    00000000    0000026c     
                  00000000    0000026c     tm4c123gh6pm_startup_ccs.obj (.intvecs)

.const     0    0000026c    00002624     
                  0000026c    00002000     radix2_fft.obj (.const:twiddle1024)
                  0000226c    00000200     Source_test.obj (.const:test_sig128)
                  0000246c    000000d8     driverlib.lib : gpio.obj (.const:g_ppui32GPIOIntMapSnowflake)
                  00002544    000000c0                   : gpio.obj (.const:g_ppui32GPIOIntMapBlizzard)
                  00002604    00000090                   : gpio.obj (.const:g_pui32GPIOBaseAddrs)
                  00002694    00000080     radix2_fft.obj (.const:twiddle_array)
                  00002714    00000070     driverlib.lib : interrupt.obj (.const)
                  00002784    0000006c                   : sysctl.obj (.const:g_pui32Xtals)
                  000027f0    00000060                   : timer.obj (.const:g_ppui32TimerIntMap)
                  00002850    00000040                   : timer.obj (.const:g_ppui32TimerIntMapSnowflake)

.text      0    00002890    00001a8e     
                  00002890    00000528     radix2_fft.obj (.text)
                  00002db8    00000278     hal_gpio.obj (.text)
                  00003030    00000260     hal_timer2.obj (.text)
                  00003290    0000018c     Source_test.obj (.text)
                  0000341c    00000132     driverlib.lib : gpio.obj (.text:GPIOPadConfigSet)
                  0000354e    00000002     --HOLE-- [fill = 0]
                  00003550    00000110                   : sysctl.obj (.text:SysCtlClockGet)
                  00003660    000000fc     rtsv7M4_T_le_v4SPD16_eabi.lib : fd_mul_t2.asm.obj (.text)
                  0000375c    000000f4     driverlib.lib : sysctl.obj (.text:SysCtlClockSet)
                  00003850    000000ec     dl_AD5601.obj (.text)
                  0000393c    000000ec     hal_ssi2.obj (.text)
                  00003a28    000000e4     Scramble_data.obj (.text)
                  00003b0c    0000009c     hal_timer3.obj (.text)
                  00003ba8    0000009c     rtsv7M4_T_le_v4SPD16_eabi.lib : memcpy_t2.asm.obj (.text)
                  00003c44    0000007a                                   : memset_t2.asm.obj (.text)
                  00003cbe    00000002     --HOLE-- [fill = 0]
                  00003cc0    00000068     driverlib.lib : interrupt.obj (.text:IntDisable)
                  00003d28    00000068                   : interrupt.obj (.text:IntEnable)
                  00003d90    00000068     rtsv7M4_T_le_v4SPD16_eabi.lib : copy_decompress_lzss.c.obj (.text:decompress:lzss:__TI_decompress_lzss)
                  00003df8    00000060     driverlib.lib : timer.obj (.text:TimerConfigure)
                  00003e58    00000056                   : gpio.obj (.text:GPIOIntTypeSet)
                  00003eae    00000002     --HOLE-- [fill = 0]
                  00003eb0    0000004c                   : timer.obj (.text:_TimerIntNumberGet)
                  00003efc    00000048                   : gpio.obj (.text:GPIOPinConfigure)
                  00003f44    00000048     rtsv7M4_T_le_v4SPD16_eabi.lib : fd_toi_t2.asm.obj (.text)
                  00003f8c    00000044     driverlib.lib : gpio.obj (.text:_GPIOIntNumberGet)
                  00003fd0    00000044     rtsv7M4_T_le_v4SPD16_eabi.lib : autoinit.c.obj (.text:__TI_auto_init_nobinit_nopinit:__TI_auto_init_nobinit_nopinit)
                  00004014    0000003c     driverlib.lib : ssi.obj (.text:SSIConfigSetExpClk)
                  00004050    00000038                   : sysctl.obj (.text:SysCtlPeripheralReady)
                  00004088    00000038     rtsv7M4_T_le_v4SPD16_eabi.lib : boot_cortex_m.c.obj (.text:_c_int00_noargs:_c_int00_noargs)
                  000040c0    00000038                                   : fs_tod_t2.asm.obj (.text)
                  000040f8    00000034     driverlib.lib : interrupt.obj (.text:IntRegister)
                  0000412c    00000034                   : sysctl.obj (.text:SysCtlPeripheralEnable)
                  00004160    0000002a                   : gpio.obj (.text:GPIODirModeSet)
                  0000418a    0000001a     main.obj (.text)
                  000041a4    00000018     driverlib.lib : gpio.obj (.text:GPIOIntRegister)
                  000041bc    00000018                   : gpio.obj (.text:GPIOPinTypeGPIOOutput)
                  000041d4    00000018                   : timer.obj (.text:TimerDisable)
                  000041ec    00000018                   : timer.obj (.text:TimerIntRegister)
                  00004204    00000018     hal_usc.obj (.text)
                  0000421c    00000014     hal_init.obj (.text)
                  00004230    00000012     driverlib.lib : gpio.obj (.text:GPIOPinTypeGPIOInput)
                  00004242    00000012                   : gpio.obj (.text:GPIOPinTypeSSI)
                  00004254    00000012                   : timer.obj (.text:TimerLoadSet)
                  00004266    0000000e                   : gpio.obj (.text:GPIOIntDisable)
                  00004274    0000000e                   : gpio.obj (.text:GPIOIntStatus)
                  00004282    0000000e                   : timer.obj (.text:TimerEnable)
                  00004290    0000000e     rtsv7M4_T_le_v4SPD16_eabi.lib : copy_decompress_none.c.obj (.text:decompress:none:__TI_decompress_none)
                  0000429e    0000000c     driverlib.lib : gpio.obj (.text:GPIOIntEnable)
                  000042aa    0000000c     rtsv7M4_T_le_v4SPD16_eabi.lib : copy_zero_init.c.obj (.text:decompress:ZI:__TI_zero_init)
                  000042b6    0000000c     tm4c123gh6pm_startup_ccs.obj (.text)
                  000042c2    0000000a     driverlib.lib : ssi.obj (.text:SSIDataPut)
                  000042cc    0000000a                   : ssi.obj (.text:SSIEnable)
                  000042d6    0000000a                   : timer.obj (.text:TimerIntDisable)
                  000042e0    0000000a                   : timer.obj (.text:TimerIntStatus)
                  000042ea    00000008                   : ssi.obj (.text:SSIBusy)
                  000042f2    00000008                   : timer.obj (.text:TimerIntEnable)
                  000042fa    00000006                   : gpio.obj (.text:GPIOIntClear)
                  00004300    00000006                   : gpio.obj (.text:GPIOPinWrite)
                  00004306    00000006                   : sysctl.obj (.text:SysCtlDelay)
                  0000430c    00000006                   : timer.obj (.text:TimerClockSourceSet)
                  00004312    00000004                   : timer.obj (.text:TimerIntClear)
                  00004316    00000004     rtsv7M4_T_le_v4SPD16_eabi.lib : pre_init.c.obj (.text:_system_pre_init)
                  0000431a    00000004                                   : exit.c.obj (.text:abort:abort)

.cinit     0    00004320    00000040     
                  00004320    0000000c     (__TI_handler_table)
                  0000432c    00000004     --HOLE-- [fill = 0]
                  00004330    00000008     (.cinit..bss.load) [load image, compression = zero_init]
                  00004338    00000008     (.cinit..vtable.load) [load image, compression = zero_init]
                  00004340    00000007     (.cinit..data.load) [load image, compression = lzss]
                  00004347    00000001     --HOLE-- [fill = 0]
                  00004348    00000018     (__TI_cinit_table)

.init_array 
*          0    00000000    00000000     UNINITIALIZED

.vtable    0    20000000    0000026c     UNINITIALIZED
                  20000000    0000026c     driverlib.lib : interrupt.obj (.vtable)

.bss       0    2000026c    000006a1     UNINITIALIZED
                  2000026c    0000049c     (.common:sensor_data_)
                  20000708    00000205     (.common:Radar_com_)

.data      0    20000b10    0000000e     UNINITIALIZED
                  20000b10    00000008     hal_timer3.obj (.data)
                  20000b18    00000004     hal_timer2.obj (.data)
                  20000b1c    00000001     Source_test.obj (.data)
                  20000b1d    00000001     hal_gpio.obj (.data)

.stack     0    20000910    00000200     UNINITIALIZED
                  20000910    00000004     rtsv7M4_T_le_v4SPD16_eabi.lib : boot_cortex_m.c.obj (.stack)
                  20000914    000001fc     --HOLE--

MODULE SUMMARY

       Module                         code   ro data   rw data
       ------                         ----   -------   -------
    .\
       tm4c123gh6pm_startup_ccs.obj   12     620       0      
       main.obj                       26     0         0      
    +--+------------------------------+------+---------+---------+
       Total:                         38     620       0      
                                                              
    .\F_AL\
       radix2_fft.obj                 1320   8320      0      
       Source_test.obj                396    512       1      
       Scramble_data.obj              228    0         0      
    +--+------------------------------+------+---------+---------+
       Total:                         1944   8832      1      
                                                              
    .\F_DL\
       dl_general.obj                 0      0         1180   
       dl_AD5601.obj                  236    0         0      
    +--+------------------------------+------+---------+---------+
       Total:                         236    0         1180   
                                                              
    .\F_HAL\
       hal_ssi2.obj                   236    0         517    
       hal_gpio.obj                   632    0         1      
       hal_timer2.obj                 608    0         4      
       hal_timer3.obj                 156    0         8      
       hal_usc.obj                    24     0         0      
       hal_init.obj                   20     0         0      
    +--+------------------------------+------+---------+---------+
       Total:                         1676   0         530    
                                                              
    D:/Tiva/TivaWare/driverlib/ccs/Debug/driverlib.lib
       gpio.obj                       710    552       0      
       interrupt.obj                  260    112       620    
       sysctl.obj                     630    108       0      
       timer.obj                      290    160       0      
       ssi.obj                        88     0         0      
    +--+------------------------------+------+---------+---------+
       Total:                         1978   932       620    
                                                              
    D:\Programs\TI_CodeComp\ccsv8\tools\compiler\ti-cgt-arm_18.1.3.LTS\lib\rtsv7M4_T_le_v4SPD16_eabi.lib
       fd_mul_t2.asm.obj              252    0         0      
       memcpy_t2.asm.obj              156    0         0      
       memset_t2.asm.obj              122    0         0      
       copy_decompress_lzss.c.obj     104    0         0      
       fd_toi_t2.asm.obj              72     0         0      
       autoinit.c.obj                 68     0         0      
       boot_cortex_m.c.obj            56     0         0      
       fs_tod_t2.asm.obj              56     0         0      
       copy_decompress_none.c.obj     14     0         0      
       copy_zero_init.c.obj           12     0         0      
       exit.c.obj                     4      0         0      
       pre_init.c.obj                 4      0         0      
    +--+------------------------------+------+---------+---------+
       Total:                         920    0         0      
                                                              
       Stack:                         0      0         512    
       Linker Generated:              0      59        0      
    +--+------------------------------+------+---------+---------+
       Grand Total:                   6792   10443     2843   


LINKER GENERATED COPY TABLES

__TI_cinit_table @ 00004348 records: 3, size/record: 8, table size: 24
	.bss: load addr=00004330, load size=00000008 bytes, run addr=2000026c, run size=000006a1 bytes, compression=zero_init
	.vtable: load addr=00004338, load size=00000008 bytes, run addr=20000000, run size=0000026c bytes, compression=zero_init
	.data: load addr=00004340, load size=00000007 bytes, run addr=20000b10, run size=0000000e bytes, compression=lzss


LINKER GENERATED HANDLER TABLE

__TI_handler_table @ 00004320 records: 3, size/record: 4, table size: 12
	index: 0, handler: __TI_zero_init
	index: 1, handler: __TI_decompress_lzss
	index: 2, handler: __TI_decompress_none


GLOBAL SYMBOLS: SORTED ALPHABETICALLY BY Name 

address   name                          
-------   ----                          
0000431b  C$$EXIT                       
00004161  GPIODirModeSet                
000042fb  GPIOIntClear                  
00004267  GPIOIntDisable                
0000429f  GPIOIntEnable                 
000041a5  GPIOIntRegister               
00004275  GPIOIntStatus                 
00003e59  GPIOIntTypeSet                
0000341d  GPIOPadConfigSet              
00003efd  GPIOPinConfigure              
00004231  GPIOPinTypeGPIOInput          
000041bd  GPIOPinTypeGPIOOutput         
00004243  GPIOPinTypeSSI                
00004301  GPIOPinWrite                  
00003cc1  IntDisable                    
00003d29  IntEnable                     
000040f9  IntRegister                   
20000708  Radar_com_                    
000042b7  ResetISR                      
000042eb  SSIBusy                       
00004015  SSIConfigSetExpClk            
000042c3  SSIDataPut                    
000042cd  SSIEnable                     
00003a29  Scramble_data                 
00003551  SysCtlClockGet                
0000375d  SysCtlClockSet                
00004307  SysCtlDelay                   
0000412d  SysCtlPeripheralEnable        
00004051  SysCtlPeripheralReady         
0000430d  TimerClockSourceSet           
00003df9  TimerConfigure                
000041d5  TimerDisable                  
00004283  TimerEnable                   
00004313  TimerIntClear                 
000042d7  TimerIntDisable               
000042f3  TimerIntEnable                
000041ed  TimerIntRegister              
000042e1  TimerIntStatus                
00004255  TimerLoadSet                  
20000b10  __STACK_END                   
00000200  __STACK_SIZE                  
20000b10  __STACK_TOP                   
00004348  __TI_CINIT_Base               
00004360  __TI_CINIT_Limit              
00004320  __TI_Handler_Table_Base       
0000432c  __TI_Handler_Table_Limit      
00003fd1  __TI_auto_init_nobinit_nopinit
00003d91  __TI_decompress_lzss          
00004291  __TI_decompress_none          
ffffffff  __TI_pprof_out_hndl           
ffffffff  __TI_prof_data_size           
ffffffff  __TI_prof_data_start          
00000000  __TI_static_base__            
000042ab  __TI_zero_init                
00003f45  __aeabi_d2iz                  
00003661  __aeabi_dmul                  
000040c1  __aeabi_f2d                   
00003c45  __aeabi_memclr                
00003c45  __aeabi_memclr4               
00003c45  __aeabi_memclr8               
00003ba9  __aeabi_memcpy                
00003ba9  __aeabi_memcpy4               
00003ba9  __aeabi_memcpy8               
00003c47  __aeabi_memset                
00003c47  __aeabi_memset4               
00003c47  __aeabi_memset8               
ffffffff  __binit__                     
ffffffff  __c_args__                    
UNDEFED   __mpu_init                    
20000910  __stack                       
00004089  _c_int00_noargs               
UNDEFED   _system_post_cinit            
00004317  _system_pre_init              
0000431b  abort                         
ffffffff  binit                         
00003291  clear_test_vect               
00002dd5  configPort_A                  
00002e09  configPort_B                  
00002e51  configPort_C                  
00002e77  configPort_D                  
00002ed1  configPort_E                  
00002f0d  configPort_F                  
000038ab  dlAdc56WriteCommand           
00003851  dlAdc56WriteSetpoint          
00002891  do_fft_radix2                 
00002f57  extIntBHandler                
00002fbf  extIntFHandler                
00002b11  fft_radix2_var                
20000000  g_pfnRAMVectors               
00000000  g_pfnVectors                  
0000420f  getClkValue                   
00002d65  get_num_stage                 
00003b87  get_systime_us                
20000b10  gptm_systime_64us_steps       
000039a5  halAD5601Transmit             
00002db9  halGpioInit                   
0000393d  halSSI2Init                   
000031bd  halStartTimer2_A              
000031ed  halStartTimer2_B              
00003227  halStartTimer2_Both           
000031d1  halStopTimer2_A               
00003205  halStopTimer2_B               
0000323f  halStopTimer2_Both            
00004205  halSysClkInit                 
00003031  halTimer2Init                 
00003b0d  hal_GPTM_init                 
0000421d  hal_init                      
000039f7  is_AD5601_com_busy            
20000b1d  is_switch_active              
0000418b  main                          
00003ba9  memcpy                        
00003c4d  memset                        
2000026c  sensor_data_                  
000032fb  test_fft                      
00003355  test_rampe_ADC56              
000030a3  timer2ISR                     
00003b67  timer3ISR                     


GLOBAL SYMBOLS: SORTED BY Symbol Address 

address   name                          
-------   ----                          
00000000  __TI_static_base__            
00000000  g_pfnVectors                  
00000200  __STACK_SIZE                  
00002891  do_fft_radix2                 
00002b11  fft_radix2_var                
00002d65  get_num_stage                 
00002db9  halGpioInit                   
00002dd5  configPort_A                  
00002e09  configPort_B                  
00002e51  configPort_C                  
00002e77  configPort_D                  
00002ed1  configPort_E                  
00002f0d  configPort_F                  
00002f57  extIntBHandler                
00002fbf  extIntFHandler                
00003031  halTimer2Init                 
000030a3  timer2ISR                     
000031bd  halStartTimer2_A              
000031d1  halStopTimer2_A               
000031ed  halStartTimer2_B              
00003205  halStopTimer2_B               
00003227  halStartTimer2_Both           
0000323f  halStopTimer2_Both            
00003291  clear_test_vect               
000032fb  test_fft                      
00003355  test_rampe_ADC56              
0000341d  GPIOPadConfigSet              
00003551  SysCtlClockGet                
00003661  __aeabi_dmul                  
0000375d  SysCtlClockSet                
00003851  dlAdc56WriteSetpoint          
000038ab  dlAdc56WriteCommand           
0000393d  halSSI2Init                   
000039a5  halAD5601Transmit             
000039f7  is_AD5601_com_busy            
00003a29  Scramble_data                 
00003b0d  hal_GPTM_init                 
00003b67  timer3ISR                     
00003b87  get_systime_us                
00003ba9  __aeabi_memcpy                
00003ba9  __aeabi_memcpy4               
00003ba9  __aeabi_memcpy8               
00003ba9  memcpy                        
00003c45  __aeabi_memclr                
00003c45  __aeabi_memclr4               
00003c45  __aeabi_memclr8               
00003c47  __aeabi_memset                
00003c47  __aeabi_memset4               
00003c47  __aeabi_memset8               
00003c4d  memset                        
00003cc1  IntDisable                    
00003d29  IntEnable                     
00003d91  __TI_decompress_lzss          
00003df9  TimerConfigure                
00003e59  GPIOIntTypeSet                
00003efd  GPIOPinConfigure              
00003f45  __aeabi_d2iz                  
00003fd1  __TI_auto_init_nobinit_nopinit
00004015  SSIConfigSetExpClk            
00004051  SysCtlPeripheralReady         
00004089  _c_int00_noargs               
000040c1  __aeabi_f2d                   
000040f9  IntRegister                   
0000412d  SysCtlPeripheralEnable        
00004161  GPIODirModeSet                
0000418b  main                          
000041a5  GPIOIntRegister               
000041bd  GPIOPinTypeGPIOOutput         
000041d5  TimerDisable                  
000041ed  TimerIntRegister              
00004205  halSysClkInit                 
0000420f  getClkValue                   
0000421d  hal_init                      
00004231  GPIOPinTypeGPIOInput          
00004243  GPIOPinTypeSSI                
00004255  TimerLoadSet                  
00004267  GPIOIntDisable                
00004275  GPIOIntStatus                 
00004283  TimerEnable                   
00004291  __TI_decompress_none          
0000429f  GPIOIntEnable                 
000042ab  __TI_zero_init                
000042b7  ResetISR                      
000042c3  SSIDataPut                    
000042cd  SSIEnable                     
000042d7  TimerIntDisable               
000042e1  TimerIntStatus                
000042eb  SSIBusy                       
000042f3  TimerIntEnable                
000042fb  GPIOIntClear                  
00004301  GPIOPinWrite                  
00004307  SysCtlDelay                   
0000430d  TimerClockSourceSet           
00004313  TimerIntClear                 
00004317  _system_pre_init              
0000431b  C$$EXIT                       
0000431b  abort                         
00004320  __TI_Handler_Table_Base       
0000432c  __TI_Handler_Table_Limit      
00004348  __TI_CINIT_Base               
00004360  __TI_CINIT_Limit              
20000000  g_pfnRAMVectors               
2000026c  sensor_data_                  
20000708  Radar_com_                    
20000910  __stack                       
20000b10  __STACK_END                   
20000b10  __STACK_TOP                   
20000b10  gptm_systime_64us_steps       
20000b1d  is_switch_active              
ffffffff  __TI_pprof_out_hndl           
ffffffff  __TI_prof_data_size           
ffffffff  __TI_prof_data_start          
ffffffff  __binit__                     
ffffffff  __c_args__                    
ffffffff  binit                         
UNDEFED   __mpu_init                    
UNDEFED   _system_post_cinit            

[117 symbols]
