******************************************************************************
                  TI ARM Linker PC v18.1.3                     
******************************************************************************
>> Linked Wed Oct 31 11:16:37 2018

OUTPUT FILE NAME:   <EM2_TIVA.out>
ENTRY POINT SYMBOL: "_c_int00_noargs"  address: 000040f5


MEMORY CONFIGURATION

         name            origin    length      used     unused   attr    fill
----------------------  --------  ---------  --------  --------  ----  --------
  FLASH                 00000000   00040000  00004430  0003bbd0  R  X
  SRAM                  20000000   00008000  0000258f  00005a71  RW X


SEGMENT ALLOCATION MAP

run origin  load origin   length   init length attrs members
----------  ----------- ---------- ----------- ----- -------
00000000    00000000    00004430   00004430    r-x
  00000000    00000000    0000026c   0000026c    r-- .intvecs
  0000026c    0000026c    00002424   00002424    r-- .const
  00002690    00002690    00001d58   00001d58    r-x .text
  000043e8    000043e8    00000048   00000048    r-- .cinit
20000000    20000000    00002598   00000000    rw-
  20000000    20000000    0000026c   00000000    rw- .vtable
  2000026c    2000026c    000018ea   00000000    rw- .bss
  20001b58    20001b58    00000839   00000000    rw- .data
  20002398    20002398    00000200   00000000    rw- .stack


SECTION ALLOCATION MAP

 output                                  attributes/
section   page    origin      length       input sections
--------  ----  ----------  ----------   ----------------
.intvecs   0    00000000    0000026c     
                  00000000    0000026c     tm4c123gh6pm_startup_ccs.obj (.intvecs)

.const     0    0000026c    00002424     
                  0000026c    00002000     radix2_fft.obj (.const:twiddle1024)
                  0000226c    000000d8     driverlib.lib : gpio.obj (.const:g_ppui32GPIOIntMapSnowflake)
                  00002344    000000c0                   : gpio.obj (.const:g_ppui32GPIOIntMapBlizzard)
                  00002404    00000090                   : gpio.obj (.const:g_pui32GPIOBaseAddrs)
                  00002494    00000080     radix2_fft.obj (.const:twiddle_array)
                  00002514    00000070     driverlib.lib : interrupt.obj (.const)
                  00002584    0000006c                   : sysctl.obj (.const:g_pui32Xtals)
                  000025f0    00000060                   : timer.obj (.const:g_ppui32TimerIntMap)
                  00002650    00000040                   : timer.obj (.const:g_ppui32TimerIntMapSnowflake)

.text      0    00002690    00001d58     
                  00002690    00000528     radix2_fft.obj (.text)
                  00002bb8    000002fc     hal_adc.obj (.text)
                  00002eb4    00000278     hal_gpio.obj (.text)
                  0000312c    00000260     hal_timer2.obj (.text)
                  0000338c    00000132     driverlib.lib : gpio.obj (.text:GPIOPadConfigSet)
                  000034be    00000002     --HOLE-- [fill = 0]
                  000034c0    00000130     hal_timer3.obj (.text)
                  000035f0    00000110     driverlib.lib : sysctl.obj (.text:SysCtlClockGet)
                  00003700    0000010c     dl_AD5601.obj (.text)
                  0000380c    000000f4     driverlib.lib : sysctl.obj (.text:SysCtlClockSet)
                  00003900    000000f0     hal_ssi2.obj (.text)
                  000039f0    000000e4     Scramble_data.obj (.text)
                  00003ad4    0000009c     rtsv7M4_T_le_v4SPD16_eabi.lib : memcpy_t2.asm.obj (.text)
                  00003b70    00000084     driverlib.lib : udma.obj (.text:uDMAChannelTransferSet)
                  00003bf4    0000007a                   : adc.obj (.text:ADCSequenceStepConfigure)
                  00003c6e    0000007a     rtsv7M4_T_le_v4SPD16_eabi.lib : memset_t2.asm.obj (.text)
                  00003ce8    00000068     driverlib.lib : interrupt.obj (.text:IntDisable)
                  00003d50    00000068                   : interrupt.obj (.text:IntEnable)
                  00003db8    00000068     rtsv7M4_T_le_v4SPD16_eabi.lib : copy_decompress_lzss.c.obj (.text:decompress:lzss:__TI_decompress_lzss)
                  00003e20    00000060     driverlib.lib : timer.obj (.text:TimerConfigure)
                  00003e80    00000056                   : gpio.obj (.text:GPIOIntTypeSet)
                  00003ed6    00000050                   : adc.obj (.text:ADCSequenceConfigure)
                  00003f26    00000002     --HOLE-- [fill = 0]
                  00003f28    0000004c                   : timer.obj (.text:_TimerIntNumberGet)
                  00003f74    00000048                   : gpio.obj (.text:GPIOPinConfigure)
                  00003fbc    00000044                   : gpio.obj (.text:_GPIOIntNumberGet)
                  00004000    00000044     rtsv7M4_T_le_v4SPD16_eabi.lib : autoinit.c.obj (.text:__TI_auto_init_nobinit_nopinit:__TI_auto_init_nobinit_nopinit)
                  00004044    0000003c     driverlib.lib : ssi.obj (.text:SSIConfigSetExpClk)
                  00004080    0000003c     main.obj (.text)
                  000040bc    00000038     driverlib.lib : sysctl.obj (.text:SysCtlPeripheralReady)
                  000040f4    00000038     rtsv7M4_T_le_v4SPD16_eabi.lib : boot_cortex_m.c.obj (.text:_c_int00_noargs:_c_int00_noargs)
                  0000412c    00000034     driverlib.lib : interrupt.obj (.text:IntRegister)
                  00004160    00000034                   : sysctl.obj (.text:SysCtlPeripheralEnable)
                  00004194    0000002a                   : gpio.obj (.text:GPIODirModeSet)
                  000041be    0000001e                   : adc.obj (.text:ADCSequenceDataGet)
                  000041dc    0000001a     hal_init.obj (.text)
                  000041f6    00000018     driverlib.lib : adc.obj (.text:ADCProcessorTrigger)
                  0000420e    00000018                   : gpio.obj (.text:GPIOIntRegister)
                  00004226    00000018                   : gpio.obj (.text:GPIOPinTypeGPIOOutput)
                  0000423e    00000002     --HOLE-- [fill = 0]
                  00004240    00000018                   : timer.obj (.text:TimerDisable)
                  00004258    00000018                   : timer.obj (.text:TimerIntRegister)
                  00004270    00000018     hal_usc.obj (.text)
                  00004288    00000018     driverlib.lib : udma.obj (.text:uDMAChannelEnable)
                  000042a0    00000012                   : gpio.obj (.text:GPIOPinTypeADC)
                  000042b2    00000012                   : gpio.obj (.text:GPIOPinTypeGPIOInput)
                  000042c4    00000012                   : gpio.obj (.text:GPIOPinTypeSSI)
                  000042d6    00000012                   : timer.obj (.text:TimerLoadSet)
                  000042e8    0000000e                   : adc.obj (.text:ADCHardwareOversampleConfigure)
                  000042f6    0000000e                   : adc.obj (.text:ADCSequenceDisable)
                  00004304    0000000e                   : adc.obj (.text:ADCSequenceEnable)
                  00004312    0000000e                   : gpio.obj (.text:GPIOIntDisable)
                  00004320    0000000e                   : gpio.obj (.text:GPIOIntStatus)
                  0000432e    0000000e                   : timer.obj (.text:TimerEnable)
                  0000433c    0000000e     rtsv7M4_T_le_v4SPD16_eabi.lib : copy_decompress_none.c.obj (.text:decompress:none:__TI_decompress_none)
                  0000434a    0000000c     driverlib.lib : adc.obj (.text:ADCReferenceSet)
                  00004356    0000000c                   : gpio.obj (.text:GPIOIntEnable)
                  00004362    0000000c     rtsv7M4_T_le_v4SPD16_eabi.lib : copy_zero_init.c.obj (.text:decompress:ZI:__TI_zero_init)
                  0000436e    0000000c     tm4c123gh6pm_startup_ccs.obj (.text)
                  0000437a    0000000a     driverlib.lib : adc.obj (.text:ADCIntClear)
                  00004384    0000000a                   : ssi.obj (.text:SSIDataPut)
                  0000438e    0000000a                   : ssi.obj (.text:SSIEnable)
                  00004398    0000000a                   : timer.obj (.text:TimerIntDisable)
                  000043a2    0000000a                   : timer.obj (.text:TimerIntStatus)
                  000043ac    00000008                   : adc.obj (.text:ADCBusy)
                  000043b4    00000008                   : ssi.obj (.text:SSIBusy)
                  000043bc    00000008                   : timer.obj (.text:TimerIntEnable)
                  000043c4    00000006                   : gpio.obj (.text:GPIOIntClear)
                  000043ca    00000006                   : gpio.obj (.text:GPIOPinWrite)
                  000043d0    00000006                   : sysctl.obj (.text:SysCtlDelay)
                  000043d6    00000006                   : timer.obj (.text:TimerClockSourceSet)
                  000043dc    00000004                   : timer.obj (.text:TimerIntClear)
                  000043e0    00000004     rtsv7M4_T_le_v4SPD16_eabi.lib : pre_init.c.obj (.text:_system_pre_init)
                  000043e4    00000004                                   : exit.c.obj (.text:abort:abort)

.cinit     0    000043e8    00000048     
                  000043e8    0000000f     (.cinit..data.load) [load image, compression = lzss]
                  000043f7    00000001     --HOLE-- [fill = 0]
                  000043f8    0000000c     (__TI_handler_table)
                  00004404    00000004     --HOLE-- [fill = 0]
                  00004408    00000008     (.cinit..bss.load) [load image, compression = zero_init]
                  00004410    00000008     (.cinit..vtable.load) [load image, compression = zero_init]
                  00004418    00000018     (__TI_cinit_table)

.init_array 
*          0    00000000    00000000     UNINITIALIZED

.vtable    0    20000000    0000026c     UNINITIALIZED
                  20000000    0000026c     driverlib.lib : interrupt.obj (.vtable)

.bss       0    2000026c    000018ea     UNINITIALIZED
                  2000026c    0000109c     (.common:sensor_data_)
                  20001308    00000808     (.common:radar_data_)
                  20001b10    00000046     (.common:Radar_com_)

.data      0    20001b58    00000839     UNINITIALIZED
                  20001b58    00000800     hal_adc.obj (.data:radar_buffer$2)
                  20002358    00000020     hal_adc.obj (.data:buffer)
                  20002378    0000000c     hal_timer3.obj (.data)
                  20002384    00000008     hal_adc.obj (.data)
                  2000238c    00000004     hal_timer2.obj (.data)
                  20002390    00000001     hal_gpio.obj (.data)

.stack     0    20002398    00000200     UNINITIALIZED
                  20002398    00000004     rtsv7M4_T_le_v4SPD16_eabi.lib : boot_cortex_m.c.obj (.stack)
                  2000239c    000001fc     --HOLE--

MODULE SUMMARY

       Module                         code   ro data   rw data
       ------                         ----   -------   -------
    .\
       tm4c123gh6pm_startup_ccs.obj   12     620       0      
       main.obj                       60     0         0      
    +--+------------------------------+------+---------+---------+
       Total:                         72     620       0      
                                                              
    .\F_AL\
       radix2_fft.obj                 1320   8320      0      
       Scramble_data.obj              228    0         0      
    +--+------------------------------+------+---------+---------+
       Total:                         1548   8320      0      
                                                              
    .\F_DL\
       dl_general.obj                 0      0         4252   
       dl_AD5601.obj                  268    0         70     
    +--+------------------------------+------+---------+---------+
       Total:                         268    0         4322   
                                                              
    .\F_HAL\
       hal_adc.obj                    764    0         4144   
       hal_gpio.obj                   632    0         1      
       hal_timer2.obj                 608    0         4      
       hal_timer3.obj                 304    0         12     
       hal_ssi2.obj                   240    0         0      
       hal_init.obj                   26     0         0      
       hal_usc.obj                    24     0         0      
    +--+------------------------------+------+---------+---------+
       Total:                         2598   0         4161   
                                                              
    C:\ti\ccsv8\tools\compiler\ti-cgt-arm_18.1.3.LTS\lib\rtsv7M4_T_le_v4SPD16_eabi.lib
       memcpy_t2.asm.obj              156    0         0      
       memset_t2.asm.obj              122    0         0      
       copy_decompress_lzss.c.obj     104    0         0      
       autoinit.c.obj                 68     0         0      
       boot_cortex_m.c.obj            56     0         0      
       copy_decompress_none.c.obj     14     0         0      
       copy_zero_init.c.obj           12     0         0      
       exit.c.obj                     4      0         0      
       pre_init.c.obj                 4      0         0      
    +--+------------------------------+------+---------+---------+
       Total:                         540    0         0      
                                                              
    D:/Tiva/TivaWare/driverlib/ccs/Debug/driverlib.lib
       gpio.obj                       728    552       0      
       interrupt.obj                  260    112       620    
       sysctl.obj                     630    108       0      
       timer.obj                      290    160       0      
       adc.obj                        328    0         0      
       udma.obj                       156    0         0      
       ssi.obj                        88     0         0      
    +--+------------------------------+------+---------+---------+
       Total:                         2480   932       620    
                                                              
       Stack:                         0      0         512    
       Linker Generated:              0      67        0      
    +--+------------------------------+------+---------+---------+
       Grand Total:                   7506   9939      9615   


LINKER GENERATED COPY TABLES

__TI_cinit_table @ 00004418 records: 3, size/record: 8, table size: 24
	.data: load addr=000043e8, load size=0000000f bytes, run addr=20001b58, run size=00000839 bytes, compression=lzss
	.bss: load addr=00004408, load size=00000008 bytes, run addr=2000026c, run size=000018ea bytes, compression=zero_init
	.vtable: load addr=00004410, load size=00000008 bytes, run addr=20000000, run size=0000026c bytes, compression=zero_init


LINKER GENERATED HANDLER TABLE

__TI_handler_table @ 000043f8 records: 3, size/record: 4, table size: 12
	index: 0, handler: __TI_zero_init
	index: 1, handler: __TI_decompress_lzss
	index: 2, handler: __TI_decompress_none


GLOBAL SYMBOLS: SORTED ALPHABETICALLY BY Name 

address   name                          
-------   ----                          
00002d1f  ADC1ISR                       
000043ad  ADCBusy                       
000042e9  ADCHardwareOversampleConfigure
0000437b  ADCIntClear                   
000041f7  ADCProcessorTrigger           
0000434b  ADCReferenceSet               
00003ed7  ADCSequenceConfigure          
000041bf  ADCSequenceDataGet            
000042f7  ADCSequenceDisable            
00004305  ADCSequenceEnable             
00003bf5  ADCSequenceStepConfigure      
000043e5  C$$EXIT                       
00004195  GPIODirModeSet                
000043c5  GPIOIntClear                  
00004313  GPIOIntDisable                
00004357  GPIOIntEnable                 
0000420f  GPIOIntRegister               
00004321  GPIOIntStatus                 
00003e81  GPIOIntTypeSet                
0000338d  GPIOPadConfigSet              
00003f75  GPIOPinConfigure              
000042a1  GPIOPinTypeADC                
000042b3  GPIOPinTypeGPIOInput          
00004227  GPIOPinTypeGPIOOutput         
000042c5  GPIOPinTypeSSI                
000043cb  GPIOPinWrite                  
00003ce9  IntDisable                    
00003d51  IntEnable                     
0000412d  IntRegister                   
20001b10  Radar_com_                    
0000436f  ResetISR                      
000043b5  SSIBusy                       
00004045  SSIConfigSetExpClk            
00004385  SSIDataPut                    
0000438f  SSIEnable                     
000039f1  Scramble_data                 
000035f1  SysCtlClockGet                
0000380d  SysCtlClockSet                
000043d1  SysCtlDelay                   
00004161  SysCtlPeripheralEnable        
000040bd  SysCtlPeripheralReady         
000043d7  TimerClockSourceSet           
00003e21  TimerConfigure                
00004241  TimerDisable                  
0000432f  TimerEnable                   
000043dd  TimerIntClear                 
00004399  TimerIntDisable               
000043bd  TimerIntEnable                
00004259  TimerIntRegister              
000043a3  TimerIntStatus                
000042d7  TimerLoadSet                  
20002598  __STACK_END                   
00000200  __STACK_SIZE                  
20002598  __STACK_TOP                   
00004418  __TI_CINIT_Base               
00004430  __TI_CINIT_Limit              
000043f8  __TI_Handler_Table_Base       
00004404  __TI_Handler_Table_Limit      
00004001  __TI_auto_init_nobinit_nopinit
00003db9  __TI_decompress_lzss          
0000433d  __TI_decompress_none          
ffffffff  __TI_pprof_out_hndl           
ffffffff  __TI_prof_data_size           
ffffffff  __TI_prof_data_start          
00000000  __TI_static_base__            
00004363  __TI_zero_init                
00003c6f  __aeabi_memclr                
00003c6f  __aeabi_memclr4               
00003c6f  __aeabi_memclr8               
00003ad5  __aeabi_memcpy                
00003ad5  __aeabi_memcpy4               
00003ad5  __aeabi_memcpy8               
00003c71  __aeabi_memset                
00003c71  __aeabi_memset4               
00003c71  __aeabi_memset8               
ffffffff  __binit__                     
ffffffff  __c_args__                    
UNDEFED   __mpu_init                    
20002398  __stack                       
000040f5  _c_int00_noargs               
UNDEFED   _system_post_cinit            
000043e1  _system_pre_init              
000043e5  abort                         
20002384  adc_finished_                 
ffffffff  binit                         
20002358  buffer                        
00002ed1  configPort_A                  
00002f05  configPort_B                  
00002f4d  configPort_C                  
00002f73  configPort_D                  
00002fcd  configPort_E                  
00003009  configPort_F                  
00003767  dlAdc56WriteCommand           
00003701  dlAdc56WriteSetpoint          
00002691  do_fft_radix2                 
00003053  extIntBHandler                
000030bb  extIntFHandler                
00002911  fft_radix2_var                
20000000  g_pfnRAMVectors               
00000000  g_pfnVectors                  
0000427b  getClkValue                   
00002b65  get_num_stage                 
000035c3  get_systime_us                
20002378  gptm_systime_64us_steps       
00003969  halAD5601Transmit             
00002bb9  halAdc0Init                   
00002c61  halAdc1Init                   
00002d4d  halGetAdcSamples              
00002eb5  halGpioInit                   
00002d75  halRadarSamplesIQ             
00003901  halSSI2Init                   
000032b9  halStartTimer2_A              
000032e9  halStartTimer2_B              
00003323  halStartTimer2_Both           
000032cd  halStopTimer2_A               
00003301  halStopTimer2_B               
0000333b  halStopTimer2_Both            
00004271  halSysClkInit                 
0000312d  halTimer2Init                 
000034c1  hal_GPTM_init                 
000041dd  hal_init                      
000039bd  is_AD5601_com_busy            
20002390  is_switch_active              
00004081  main                          
00003ad5  memcpy                        
00003c77  memset                        
20001308  radar_data_                   
2000026c  sensor_data_                  
00002e5b  startADC1                     
0000319f  timer2ISR                     
0000355d  timer3AIsr                    
0000357d  timer3BIsr                    
00004289  uDMAChannelEnable             
00003b71  uDMAChannelTransferSet        


GLOBAL SYMBOLS: SORTED BY Symbol Address 

address   name                          
-------   ----                          
00000000  __TI_static_base__            
00000000  g_pfnVectors                  
00000200  __STACK_SIZE                  
00002691  do_fft_radix2                 
00002911  fft_radix2_var                
00002b65  get_num_stage                 
00002bb9  halAdc0Init                   
00002c61  halAdc1Init                   
00002d1f  ADC1ISR                       
00002d4d  halGetAdcSamples              
00002d75  halRadarSamplesIQ             
00002e5b  startADC1                     
00002eb5  halGpioInit                   
00002ed1  configPort_A                  
00002f05  configPort_B                  
00002f4d  configPort_C                  
00002f73  configPort_D                  
00002fcd  configPort_E                  
00003009  configPort_F                  
00003053  extIntBHandler                
000030bb  extIntFHandler                
0000312d  halTimer2Init                 
0000319f  timer2ISR                     
000032b9  halStartTimer2_A              
000032cd  halStopTimer2_A               
000032e9  halStartTimer2_B              
00003301  halStopTimer2_B               
00003323  halStartTimer2_Both           
0000333b  halStopTimer2_Both            
0000338d  GPIOPadConfigSet              
000034c1  hal_GPTM_init                 
0000355d  timer3AIsr                    
0000357d  timer3BIsr                    
000035c3  get_systime_us                
000035f1  SysCtlClockGet                
00003701  dlAdc56WriteSetpoint          
00003767  dlAdc56WriteCommand           
0000380d  SysCtlClockSet                
00003901  halSSI2Init                   
00003969  halAD5601Transmit             
000039bd  is_AD5601_com_busy            
000039f1  Scramble_data                 
00003ad5  __aeabi_memcpy                
00003ad5  __aeabi_memcpy4               
00003ad5  __aeabi_memcpy8               
00003ad5  memcpy                        
00003b71  uDMAChannelTransferSet        
00003bf5  ADCSequenceStepConfigure      
00003c6f  __aeabi_memclr                
00003c6f  __aeabi_memclr4               
00003c6f  __aeabi_memclr8               
00003c71  __aeabi_memset                
00003c71  __aeabi_memset4               
00003c71  __aeabi_memset8               
00003c77  memset                        
00003ce9  IntDisable                    
00003d51  IntEnable                     
00003db9  __TI_decompress_lzss          
00003e21  TimerConfigure                
00003e81  GPIOIntTypeSet                
00003ed7  ADCSequenceConfigure          
00003f75  GPIOPinConfigure              
00004001  __TI_auto_init_nobinit_nopinit
00004045  SSIConfigSetExpClk            
00004081  main                          
000040bd  SysCtlPeripheralReady         
000040f5  _c_int00_noargs               
0000412d  IntRegister                   
00004161  SysCtlPeripheralEnable        
00004195  GPIODirModeSet                
000041bf  ADCSequenceDataGet            
000041dd  hal_init                      
000041f7  ADCProcessorTrigger           
0000420f  GPIOIntRegister               
00004227  GPIOPinTypeGPIOOutput         
00004241  TimerDisable                  
00004259  TimerIntRegister              
00004271  halSysClkInit                 
0000427b  getClkValue                   
00004289  uDMAChannelEnable             
000042a1  GPIOPinTypeADC                
000042b3  GPIOPinTypeGPIOInput          
000042c5  GPIOPinTypeSSI                
000042d7  TimerLoadSet                  
000042e9  ADCHardwareOversampleConfigure
000042f7  ADCSequenceDisable            
00004305  ADCSequenceEnable             
00004313  GPIOIntDisable                
00004321  GPIOIntStatus                 
0000432f  TimerEnable                   
0000433d  __TI_decompress_none          
0000434b  ADCReferenceSet               
00004357  GPIOIntEnable                 
00004363  __TI_zero_init                
0000436f  ResetISR                      
0000437b  ADCIntClear                   
00004385  SSIDataPut                    
0000438f  SSIEnable                     
00004399  TimerIntDisable               
000043a3  TimerIntStatus                
000043ad  ADCBusy                       
000043b5  SSIBusy                       
000043bd  TimerIntEnable                
000043c5  GPIOIntClear                  
000043cb  GPIOPinWrite                  
000043d1  SysCtlDelay                   
000043d7  TimerClockSourceSet           
000043dd  TimerIntClear                 
000043e1  _system_pre_init              
000043e5  C$$EXIT                       
000043e5  abort                         
000043f8  __TI_Handler_Table_Base       
00004404  __TI_Handler_Table_Limit      
00004418  __TI_CINIT_Base               
00004430  __TI_CINIT_Limit              
20000000  g_pfnRAMVectors               
2000026c  sensor_data_                  
20001308  radar_data_                   
20001b10  Radar_com_                    
20002358  buffer                        
20002378  gptm_systime_64us_steps       
20002384  adc_finished_                 
20002390  is_switch_active              
20002398  __stack                       
20002598  __STACK_END                   
20002598  __STACK_TOP                   
ffffffff  __TI_pprof_out_hndl           
ffffffff  __TI_prof_data_size           
ffffffff  __TI_prof_data_start          
ffffffff  __binit__                     
ffffffff  __c_args__                    
ffffffff  binit                         
UNDEFED   __mpu_init                    
UNDEFED   _system_post_cinit            

[134 symbols]
